[1] Puma starting in cluster mode...
[1] * Puma version: 8.0.2 ("Into the Arena")
[1] * Ruby version: ruby 4.0.6 (2026-07-14 revision 03b6d3f889) +YJIT +MN +PRISM [x86_64-linux]
[1] *  Min threads: 4
[1] *  Max threads: 4
[1] *  Environment: production
[1] *   Master PID: 1
[1] *      Workers: 64
[1] *     Restarts: (✔) hot (✖) phased (✖) refork
[1] * Preloading application
[1] * Listening on http://0.0.0.0:8080
[1] * Listening on ssl://0.0.0.0:8081?cert=/certs/server.crt&key=/certs/server.key
[1] Use Ctrl-C to stop
[1] ! WARNING: Detected `RUBY_MN_THREADS=1`
[1] ! This setting is known to cause performance regressions with Puma.
[1] ! Consider disabling this environment variable: https://github.com/puma/puma/issues/3720
[1] - Worker 2 (PID: 17) booted in 0.1s, phase: 0
[1] - Worker 1 (PID: 13) booted in 0.13s, phase: 0
[1] - Worker 8 (PID: 41) booted in 0.13s, phase: 0
[1] - Worker 5 (PID: 29) booted in 0.13s, phase: 0
[1] - Worker 0 (PID: 9) booted in 0.14s, phase: 0
[1] - Worker 7 (PID: 37) booted in 0.13s, phase: 0
[1] - Worker 4 (PID: 25) booted in 0.13s, phase: 0
[1] - Worker 3 (PID: 21) booted in 0.13s, phase: 0
[1] - Worker 9 (PID: 45) booted in 0.13s, phase: 0
[1] - Worker 10 (PID: 49) booted in 0.13s, phase: 0
[1] - Worker 6 (PID: 33) booted in 0.13s, phase: 0
[1] - Worker 11 (PID: 53) booted in 0.12s, phase: 0
[1] - Worker 12 (PID: 57) booted in 0.12s, phase: 0
[1] - Worker 13 (PID: 61) booted in 0.12s, phase: 0
[1] - Worker 14 (PID: 69) booted in 0.12s, phase: 0
[1] - Worker 15 (PID: 75) booted in 0.12s, phase: 0
[1] - Worker 16 (PID: 81) booted in 0.11s, phase: 0
[1] - Worker 17 (PID: 87) booted in 0.12s, phase: 0
[1] - Worker 18 (PID: 91) booted in 0.12s, phase: 0
[1] - Worker 19 (PID: 97) booted in 0.12s, phase: 0
[1] - Worker 20 (PID: 103) booted in 0.12s, phase: 0
[1] - Worker 21 (PID: 110) booted in 0.12s, phase: 0
[1] - Worker 22 (PID: 116) booted in 0.12s, phase: 0
[1] - Worker 23 (PID: 123) booted in 0.12s, phase: 0
[1] - Worker 24 (PID: 129) booted in 0.12s, phase: 0
[1] - Worker 25 (PID: 136) booted in 0.12s, phase: 0
[1] - Worker 26 (PID: 145) booted in 0.12s, phase: 0
[1] - Worker 27 (PID: 150) booted in 0.11s, phase: 0
[1] - Worker 28 (PID: 156) booted in 0.12s, phase: 0
[1] - Worker 29 (PID: 164) booted in 0.11s, phase: 0
[1] - Worker 30 (PID: 174) booted in 0.11s, phase: 0
[1] - Worker 31 (PID: 180) booted in 0.11s, phase: 0
[1] - Worker 32 (PID: 184) booted in 0.11s, phase: 0
[1] - Worker 33 (PID: 190) booted in 0.11s, phase: 0
[1] - Worker 34 (PID: 196) booted in 0.11s, phase: 0
[1] - Worker 35 (PID: 201) booted in 0.11s, phase: 0
[1] - Worker 36 (PID: 207) booted in 0.11s, phase: 0
[1] - Worker 37 (PID: 213) booted in 0.11s, phase: 0
[1] - Worker 38 (PID: 219) booted in 0.11s, phase: 0
[1] - Worker 39 (PID: 225) booted in 0.11s, phase: 0
[1] - Worker 40 (PID: 231) booted in 0.11s, phase: 0
[1] - Worker 41 (PID: 236) booted in 0.11s, phase: 0
[1] - Worker 42 (PID: 241) booted in 0.11s, phase: 0
[1] - Worker 43 (PID: 247) booted in 0.11s, phase: 0
[1] - Worker 44 (PID: 252) booted in 0.1s, phase: 0
[1] - Worker 45 (PID: 257) booted in 0.1s, phase: 0
[1] - Worker 46 (PID: 262) booted in 0.1s, phase: 0
[1] - Worker 47 (PID: 268) booted in 0.1s, phase: 0
[1] - Worker 48 (PID: 274) booted in 0.1s, phase: 0
[1] - Worker 49 (PID: 280) booted in 0.1s, phase: 0
[1] - Worker 50 (PID: 286) booted in 0.1s, phase: 0
[1] - Worker 51 (PID: 292) booted in 0.1s, phase: 0
[1] - Worker 52 (PID: 298) booted in 0.1s, phase: 0
[1] - Worker 53 (PID: 303) booted in 0.09s, phase: 0
[1] - Worker 54 (PID: 309) booted in 0.09s, phase: 0
[1] - Worker 55 (PID: 315) booted in 0.09s, phase: 0
[1] - Worker 56 (PID: 321) booted in 0.09s, phase: 0
[1] - Worker 57 (PID: 327) booted in 0.09s, phase: 0
[1] - Worker 58 (PID: 334) booted in 0.09s, phase: 0
[1] - Worker 59 (PID: 340) booted in 0.09s, phase: 0
[1] - Worker 60 (PID: 345) booted in 0.09s, phase: 0
[1] - Worker 61 (PID: 351) booted in 0.09s, phase: 0
[1] - Worker 62 (PID: 357) booted in 0.09s, phase: 0
[1] - Worker 63 (PID: 363) booted in 0.08s, phase: 0
