
  Error: write ECONNRESET
      at afterWriteDispatched (node:internal/stream_base_commons:159:15)
      at writevGeneric (node:internal/stream_base_commons:142:3)
      at Socket._writeGeneric (node:net:1256:11)
      at Socket._writev (node:net:1265:8)
      at doWrite (node:internal/streams/writable:598:12)
      at clearBuffer (node:internal/streams/writable:777:5)
      at Writable.uncork (node:internal/streams/writable:533:7)
      at ServerResponse._flushOutput (node:_http_outgoing:1261:10)
      at ServerResponse._flush (node:_http_outgoing:1233:10)
      at ServerResponse.assignSocket (node:_http_server:307:8)


  Error: write ECONNRESET
      at afterWriteDispatched (node:internal/stream_base_commons:159:15)
      at writevGeneric (node:internal/stream_base_commons:142:3)
      at Socket._writeGeneric (node:net:1256:11)
      at Socket._writev (node:net:1265:8)
      at doWrite (node:internal/streams/writable:598:12)
      at clearBuffer (node:internal/streams/writable:777:5)
      at Writable.uncork (node:internal/streams/writable:533:7)
      at ServerResponse._flushOutput (node:_http_outgoing:1261:10)
      at ServerResponse._flush (node:_http_outgoing:1233:10)
      at ServerResponse.assignSocket (node:_http_server:307:8)


  Error: write ECONNRESET
      at afterWriteDispatched (node:internal/stream_base_commons:159:15)
      at writevGeneric (node:internal/stream_base_commons:142:3)
      at Socket._writeGeneric (node:net:1256:11)
      at Socket._writev (node:net:1265:8)
      at doWrite (node:internal/streams/writable:598:12)
      at clearBuffer (node:internal/streams/writable:777:5)
      at Writable.uncork (node:internal/streams/writable:533:7)
      at ServerResponse._flushOutput (node:_http_outgoing:1261:10)
      at ServerResponse._flush (node:_http_outgoing:1233:10)
      at ServerResponse.assignSocket (node:_http_server:307:8)


  Error: write ECONNRESET
      at afterWriteDispatched (node:internal/stream_base_commons:159:15)
      at writevGeneric (node:internal/stream_base_commons:142:3)
      at Socket._writeGeneric (node:net:1256:11)
      at Socket._writev (node:net:1265:8)
      at doWrite (node:internal/streams/writable:598:12)
      at clearBuffer (node:internal/streams/writable:777:5)
      at Writable.uncork (node:internal/streams/writable:533:7)
      at ServerResponse.end (node:_http_outgoing:1181:19)
      at respond (/app/node_modules/koa/lib/application.js:317:44)
      at handleResponse (/app/node_modules/koa/lib/application.js:202:34)


  Error: write ECONNRESET
      at afterWriteDispatched (node:internal/stream_base_commons:159:15)
      at writevGeneric (node:internal/stream_base_commons:142:3)
      at Socket._writeGeneric (node:net:1256:11)
      at Socket._writev (node:net:1265:8)
      at doWrite (node:internal/streams/writable:598:12)
      at clearBuffer (node:internal/streams/writable:777:5)
      at Writable.uncork (node:internal/streams/writable:533:7)
      at ServerResponse.end (node:_http_outgoing:1181:19)
      at respond (/app/node_modules/koa/lib/application.js:317:44)
      at handleResponse (/app/node_modules/koa/lib/application.js:202:34)


  Error: write ECONNRESET
      at afterWriteDispatched (node:internal/stream_base_commons:159:15)
      at writevGeneric (node:internal/stream_base_commons:142:3)
      at Socket._writeGeneric (node:net:1256:11)
      at Socket._writev (node:net:1265:8)
      at doWrite (node:internal/streams/writable:598:12)
      at clearBuffer (node:internal/streams/writable:777:5)
      at Writable.uncork (node:internal/streams/writable:533:7)
      at ServerResponse.end (node:_http_outgoing:1181:19)
      at respond (/app/node_modules/koa/lib/application.js:317:44)
      at handleResponse (/app/node_modules/koa/lib/application.js:202:34)


  Error: write ECONNRESET
      at afterWriteDispatched (node:internal/stream_base_commons:159:15)
      at writevGeneric (node:internal/stream_base_commons:142:3)
      at Socket._writeGeneric (node:net:1256:11)
      at Socket._writev (node:net:1265:8)
      at doWrite (node:internal/streams/writable:598:12)
      at clearBuffer (node:internal/streams/writable:777:5)
      at Writable.uncork (node:internal/streams/writable:533:7)
      at ServerResponse.end (node:_http_outgoing:1181:19)
      at respond (/app/node_modules/koa/lib/application.js:317:44)
      at handleResponse (/app/node_modules/koa/lib/application.js:202:34)


  Error: write ECONNRESET
      at afterWriteDispatched (node:internal/stream_base_commons:159:15)
      at writevGeneric (node:internal/stream_base_commons:142:3)
      at Socket._writeGeneric (node:net:1256:11)
      at Socket._writev (node:net:1265:8)
      at doWrite (node:internal/streams/writable:598:12)
      at clearBuffer (node:internal/streams/writable:777:5)
      at Writable.uncork (node:internal/streams/writable:533:7)
      at ServerResponse.end (node:_http_outgoing:1181:19)
      at respond (/app/node_modules/koa/lib/application.js:317:44)
      at handleResponse (/app/node_modules/koa/lib/application.js:202:34)


  Error: write ECONNRESET
      at afterWriteDispatched (node:internal/stream_base_commons:159:15)
      at writevGeneric (node:internal/stream_base_commons:142:3)
      at Socket._writeGeneric (node:net:1256:11)
      at Socket._writev (node:net:1265:8)
      at doWrite (node:internal/streams/writable:598:12)
      at clearBuffer (node:internal/streams/writable:777:5)
      at Writable.uncork (node:internal/streams/writable:533:7)
      at ServerResponse.end (node:_http_outgoing:1181:19)
      at respond (/app/node_modules/koa/lib/application.js:317:44)
      at handleResponse (/app/node_modules/koa/lib/application.js:202:34)


  Error: write ECONNRESET
      at afterWriteDispatched (node:internal/stream_base_commons:159:15)
      at writevGeneric (node:internal/stream_base_commons:142:3)
      at Socket._writeGeneric (node:net:1256:11)
      at Socket._writev (node:net:1265:8)
      at doWrite (node:internal/streams/writable:598:12)
      at clearBuffer (node:internal/streams/writable:777:5)
      at Writable.uncork (node:internal/streams/writable:533:7)
      at ServerResponse.end (node:_http_outgoing:1181:19)
      at respond (/app/node_modules/koa/lib/application.js:317:44)
      at handleResponse (/app/node_modules/koa/lib/application.js:202:34)


  Error: write ECONNRESET
      at afterWriteDispatched (node:internal/stream_base_commons:159:15)
      at writevGeneric (node:internal/stream_base_commons:142:3)
      at Socket._writeGeneric (node:net:1256:11)
      at Socket._writev (node:net:1265:8)
      at doWrite (node:internal/streams/writable:598:12)
      at clearBuffer (node:internal/streams/writable:777:5)
      at Writable.uncork (node:internal/streams/writable:533:7)
      at ServerResponse.end (node:_http_outgoing:1181:19)
      at respond (/app/node_modules/koa/lib/application.js:317:44)
      at handleResponse (/app/node_modules/koa/lib/application.js:202:34)


  Error: write ECONNRESET
      at afterWriteDispatched (node:internal/stream_base_commons:159:15)
      at writevGeneric (node:internal/stream_base_commons:142:3)
      at Socket._writeGeneric (node:net:1256:11)
      at Socket._writev (node:net:1265:8)
      at doWrite (node:internal/streams/writable:598:12)
      at clearBuffer (node:internal/streams/writable:777:5)
      at Writable.uncork (node:internal/streams/writable:533:7)
      at ServerResponse.end (node:_http_outgoing:1181:19)
      at respond (/app/node_modules/koa/lib/application.js:317:44)
      at handleResponse (/app/node_modules/koa/lib/application.js:202:34)


  Error: write ECONNRESET
      at afterWriteDispatched (node:internal/stream_base_commons:159:15)
      at writevGeneric (node:internal/stream_base_commons:142:3)
      at Socket._writeGeneric (node:net:1256:11)
      at Socket._writev (node:net:1265:8)
      at doWrite (node:internal/streams/writable:598:12)
      at clearBuffer (node:internal/streams/writable:777:5)
      at Writable.uncork (node:internal/streams/writable:533:7)
      at ServerResponse.end (node:_http_outgoing:1181:19)
      at respond (/app/node_modules/koa/lib/application.js:317:44)
      at handleResponse (/app/node_modules/koa/lib/application.js:202:34)


  Error: write ECONNRESET
      at afterWriteDispatched (node:internal/stream_base_commons:159:15)
      at writevGeneric (node:internal/stream_base_commons:142:3)
      at Socket._writeGeneric (node:net:1256:11)
      at Socket._writev (node:net:1265:8)
      at doWrite (node:internal/streams/writable:598:12)
      at clearBuffer (node:internal/streams/writable:777:5)
      at Writable.uncork (node:internal/streams/writable:533:7)
      at ServerResponse.end (node:_http_outgoing:1181:19)
      at respond (/app/node_modules/koa/lib/application.js:317:44)
      at handleResponse (/app/node_modules/koa/lib/application.js:202:34)


  Error: write ECONNRESET
      at afterWriteDispatched (node:internal/stream_base_commons:159:15)
      at writevGeneric (node:internal/stream_base_commons:142:3)
      at Socket._writeGeneric (node:net:1256:11)
      at Socket._writev (node:net:1265:8)
      at doWrite (node:internal/streams/writable:598:12)
      at clearBuffer (node:internal/streams/writable:777:5)
      at Writable.uncork (node:internal/streams/writable:533:7)
      at ServerResponse.end (node:_http_outgoing:1181:19)
      at respond (/app/node_modules/koa/lib/application.js:317:44)
      at handleResponse (/app/node_modules/koa/lib/application.js:202:34)


  Error: write ECONNRESET
      at afterWriteDispatched (node:internal/stream_base_commons:159:15)
      at writevGeneric (node:internal/stream_base_commons:142:3)
      at Socket._writeGeneric (node:net:1256:11)
      at Socket._writev (node:net:1265:8)
      at doWrite (node:internal/streams/writable:598:12)
      at clearBuffer (node:internal/streams/writable:777:5)
      at Writable.uncork (node:internal/streams/writable:533:7)
      at ServerResponse.end (node:_http_outgoing:1181:19)
      at respond (/app/node_modules/koa/lib/application.js:317:44)
      at handleResponse (/app/node_modules/koa/lib/application.js:202:34)


  Error: write ECONNRESET
      at afterWriteDispatched (node:internal/stream_base_commons:159:15)
      at writevGeneric (node:internal/stream_base_commons:142:3)
      at Socket._writeGeneric (node:net:1256:11)
      at Socket._writev (node:net:1265:8)
      at doWrite (node:internal/streams/writable:598:12)
      at clearBuffer (node:internal/streams/writable:777:5)
      at Writable.uncork (node:internal/streams/writable:533:7)
      at ServerResponse.end (node:_http_outgoing:1181:19)
      at respond (/app/node_modules/koa/lib/application.js:317:44)
      at handleResponse (/app/node_modules/koa/lib/application.js:202:34)


  Error: write EPIPE
      at afterWriteDispatched (node:internal/stream_base_commons:159:15)
      at writevGeneric (node:internal/stream_base_commons:142:3)
      at Socket._writeGeneric (node:net:1256:11)
      at Socket._writev (node:net:1265:8)
      at doWrite (node:internal/streams/writable:598:12)
      at clearBuffer (node:internal/streams/writable:777:5)
      at Writable.uncork (node:internal/streams/writable:533:7)
      at ServerResponse._flushOutput (node:_http_outgoing:1261:10)
      at ServerResponse._flush (node:_http_outgoing:1233:10)
      at ServerResponse.assignSocket (node:_http_server:307:8)


  Error: write ECONNRESET
      at afterWriteDispatched (node:internal/stream_base_commons:159:15)
      at writevGeneric (node:internal/stream_base_commons:142:3)
      at Socket._writeGeneric (node:net:1256:11)
      at Socket._writev (node:net:1265:8)
      at doWrite (node:internal/streams/writable:598:12)
      at clearBuffer (node:internal/streams/writable:777:5)
      at Writable.uncork (node:internal/streams/writable:533:7)
      at ServerResponse.end (node:_http_outgoing:1181:19)
      at respond (/app/node_modules/koa/lib/application.js:317:44)
      at handleResponse (/app/node_modules/koa/lib/application.js:202:34)


  Error: write ECONNRESET
      at afterWriteDispatched (node:internal/stream_base_commons:159:15)
      at writevGeneric (node:internal/stream_base_commons:142:3)
      at Socket._writeGeneric (node:net:1256:11)
      at Socket._writev (node:net:1265:8)
      at doWrite (node:internal/streams/writable:598:12)
      at clearBuffer (node:internal/streams/writable:777:5)
      at Writable.uncork (node:internal/streams/writable:533:7)
      at ServerResponse.end (node:_http_outgoing:1181:19)
      at respond (/app/node_modules/koa/lib/application.js:317:44)
      at handleResponse (/app/node_modules/koa/lib/application.js:202:34)


  Error: write ECONNRESET
      at afterWriteDispatched (node:internal/stream_base_commons:159:15)
      at writevGeneric (node:internal/stream_base_commons:142:3)
      at Socket._writeGeneric (node:net:1256:11)
      at Socket._writev (node:net:1265:8)
      at doWrite (node:internal/streams/writable:598:12)
      at clearBuffer (node:internal/streams/writable:777:5)
      at Writable.uncork (node:internal/streams/writable:533:7)
      at ServerResponse.end (node:_http_outgoing:1181:19)
      at respond (/app/node_modules/koa/lib/application.js:317:44)
      at handleResponse (/app/node_modules/koa/lib/application.js:202:34)


  Error: write ECONNRESET
      at afterWriteDispatched (node:internal/stream_base_commons:159:15)
      at writevGeneric (node:internal/stream_base_commons:142:3)
      at Socket._writeGeneric (node:net:1256:11)
      at Socket._writev (node:net:1265:8)
      at doWrite (node:internal/streams/writable:598:12)
      at clearBuffer (node:internal/streams/writable:777:5)
      at Writable.uncork (node:internal/streams/writable:533:7)
      at ServerResponse.end (node:_http_outgoing:1181:19)
      at respond (/app/node_modules/koa/lib/application.js:317:44)
      at handleResponse (/app/node_modules/koa/lib/application.js:202:34)


  Error: write ECONNRESET
      at afterWriteDispatched (node:internal/stream_base_commons:159:15)
      at writevGeneric (node:internal/stream_base_commons:142:3)
      at Socket._writeGeneric (node:net:1256:11)
      at Socket._writev (node:net:1265:8)
      at doWrite (node:internal/streams/writable:598:12)
      at clearBuffer (node:internal/streams/writable:777:5)
      at Writable.uncork (node:internal/streams/writable:533:7)
      at ServerResponse.end (node:_http_outgoing:1181:19)
      at respond (/app/node_modules/koa/lib/application.js:317:44)
      at handleResponse (/app/node_modules/koa/lib/application.js:202:34)


  Error: write ECONNRESET
      at afterWriteDispatched (node:internal/stream_base_commons:159:15)
      at writevGeneric (node:internal/stream_base_commons:142:3)
      at Socket._writeGeneric (node:net:1256:11)
      at Socket._writev (node:net:1265:8)
      at doWrite (node:internal/streams/writable:598:12)
      at clearBuffer (node:internal/streams/writable:777:5)
      at Writable.uncork (node:internal/streams/writable:533:7)
      at ServerResponse.end (node:_http_outgoing:1181:19)
      at respond (/app/node_modules/koa/lib/application.js:317:44)
      at handleResponse (/app/node_modules/koa/lib/application.js:202:34)


  Error: write ECONNRESET
      at afterWriteDispatched (node:internal/stream_base_commons:159:15)
      at writevGeneric (node:internal/stream_base_commons:142:3)
      at Socket._writeGeneric (node:net:1256:11)
      at Socket._writev (node:net:1265:8)
      at doWrite (node:internal/streams/writable:598:12)
      at clearBuffer (node:internal/streams/writable:777:5)
      at Writable.uncork (node:internal/streams/writable:533:7)
      at ServerResponse.end (node:_http_outgoing:1181:19)
      at respond (/app/node_modules/koa/lib/application.js:317:44)
      at handleResponse (/app/node_modules/koa/lib/application.js:202:34)


  Error: write ECONNRESET
      at afterWriteDispatched (node:internal/stream_base_commons:159:15)
      at writevGeneric (node:internal/stream_base_commons:142:3)
      at Socket._writeGeneric (node:net:1256:11)
      at Socket._writev (node:net:1265:8)
      at doWrite (node:internal/streams/writable:598:12)
      at clearBuffer (node:internal/streams/writable:777:5)
      at Writable.uncork (node:internal/streams/writable:533:7)
      at ServerResponse.end (node:_http_outgoing:1181:19)
      at respond (/app/node_modules/koa/lib/application.js:317:44)
      at handleResponse (/app/node_modules/koa/lib/application.js:202:34)


  Error: write ECONNRESET
      at afterWriteDispatched (node:internal/stream_base_commons:159:15)
      at writevGeneric (node:internal/stream_base_commons:142:3)
      at Socket._writeGeneric (node:net:1256:11)
      at Socket._writev (node:net:1265:8)
      at doWrite (node:internal/streams/writable:598:12)
      at clearBuffer (node:internal/streams/writable:777:5)
      at Writable.uncork (node:internal/streams/writable:533:7)
      at ServerResponse.end (node:_http_outgoing:1181:19)
      at respond (/app/node_modules/koa/lib/application.js:317:44)
      at handleResponse (/app/node_modules/koa/lib/application.js:202:34)


  Error: write ECONNRESET
      at afterWriteDispatched (node:internal/stream_base_commons:159:15)
      at writevGeneric (node:internal/stream_base_commons:142:3)
      at Socket._writeGeneric (node:net:1256:11)
      at Socket._writev (node:net:1265:8)
      at doWrite (node:internal/streams/writable:598:12)
      at clearBuffer (node:internal/streams/writable:777:5)
      at Writable.uncork (node:internal/streams/writable:533:7)
      at ServerResponse.end (node:_http_outgoing:1181:19)
      at respond (/app/node_modules/koa/lib/application.js:317:44)
      at handleResponse (/app/node_modules/koa/lib/application.js:202:34)


  Error: write ECONNRESET
      at afterWriteDispatched (node:internal/stream_base_commons:159:15)
      at writevGeneric (node:internal/stream_base_commons:142:3)
      at Socket._writeGeneric (node:net:1256:11)
      at Socket._writev (node:net:1265:8)
      at doWrite (node:internal/streams/writable:598:12)
      at clearBuffer (node:internal/streams/writable:777:5)
      at Writable.uncork (node:internal/streams/writable:533:7)
      at ServerResponse.end (node:_http_outgoing:1181:19)
      at respond (/app/node_modules/koa/lib/application.js:317:44)
      at handleResponse (/app/node_modules/koa/lib/application.js:202:34)


  Error: write ECONNRESET
      at afterWriteDispatched (node:internal/stream_base_commons:159:15)
      at writevGeneric (node:internal/stream_base_commons:142:3)
      at Socket._writeGeneric (node:net:1256:11)
      at Socket._writev (node:net:1265:8)
      at doWrite (node:internal/streams/writable:598:12)
      at clearBuffer (node:internal/streams/writable:777:5)
      at Writable.uncork (node:internal/streams/writable:533:7)
      at ServerResponse.end (node:_http_outgoing:1181:19)
      at respond (/app/node_modules/koa/lib/application.js:317:44)
      at handleResponse (/app/node_modules/koa/lib/application.js:202:34)


  Error: write ECONNRESET
      at afterWriteDispatched (node:internal/stream_base_commons:159:15)
      at writevGeneric (node:internal/stream_base_commons:142:3)
      at Socket._writeGeneric (node:net:1256:11)
      at Socket._writev (node:net:1265:8)
      at doWrite (node:internal/streams/writable:598:12)
      at clearBuffer (node:internal/streams/writable:777:5)
      at Writable.uncork (node:internal/streams/writable:533:7)
      at ServerResponse.end (node:_http_outgoing:1181:19)
      at respond (/app/node_modules/koa/lib/application.js:317:44)
      at handleResponse (/app/node_modules/koa/lib/application.js:202:34)


  Error: write ECONNRESET
      at afterWriteDispatched (node:internal/stream_base_commons:159:15)
      at writevGeneric (node:internal/stream_base_commons:142:3)
      at Socket._writeGeneric (node:net:1256:11)
      at Socket._writev (node:net:1265:8)
      at doWrite (node:internal/streams/writable:598:12)
      at clearBuffer (node:internal/streams/writable:777:5)
      at Writable.uncork (node:internal/streams/writable:533:7)
      at ServerResponse.end (node:_http_outgoing:1181:19)
      at respond (/app/node_modules/koa/lib/application.js:317:44)
      at handleResponse (/app/node_modules/koa/lib/application.js:202:34)


  Error: write ECONNRESET
      at afterWriteDispatched (node:internal/stream_base_commons:159:15)
      at writevGeneric (node:internal/stream_base_commons:142:3)
      at Socket._writeGeneric (node:net:1256:11)
      at Socket._writev (node:net:1265:8)
      at doWrite (node:internal/streams/writable:598:12)
      at clearBuffer (node:internal/streams/writable:777:5)
      at Writable.uncork (node:internal/streams/writable:533:7)
      at ServerResponse.end (node:_http_outgoing:1181:19)
      at respond (/app/node_modules/koa/lib/application.js:317:44)
      at handleResponse (/app/node_modules/koa/lib/application.js:202:34)


  Error: write ECONNRESET
      at afterWriteDispatched (node:internal/stream_base_commons:159:15)
      at writevGeneric (node:internal/stream_base_commons:142:3)
      at Socket._writeGeneric (node:net:1256:11)
      at Socket._writev (node:net:1265:8)
      at doWrite (node:internal/streams/writable:598:12)
      at clearBuffer (node:internal/streams/writable:777:5)
      at Writable.uncork (node:internal/streams/writable:533:7)
      at ServerResponse.end (node:_http_outgoing:1181:19)
      at respond (/app/node_modules/koa/lib/application.js:317:44)
      at handleResponse (/app/node_modules/koa/lib/application.js:202:34)


  Error: write ECONNRESET
      at afterWriteDispatched (node:internal/stream_base_commons:159:15)
      at writevGeneric (node:internal/stream_base_commons:142:3)
      at Socket._writeGeneric (node:net:1256:11)
      at Socket._writev (node:net:1265:8)
      at doWrite (node:internal/streams/writable:598:12)
      at clearBuffer (node:internal/streams/writable:777:5)
      at Writable.uncork (node:internal/streams/writable:533:7)
      at ServerResponse.end (node:_http_outgoing:1181:19)
      at respond (/app/node_modules/koa/lib/application.js:317:44)
      at handleResponse (/app/node_modules/koa/lib/application.js:202:34)


  Error: write ECONNRESET
      at afterWriteDispatched (node:internal/stream_base_commons:159:15)
      at writevGeneric (node:internal/stream_base_commons:142:3)
      at Socket._writeGeneric (node:net:1256:11)
      at Socket._writev (node:net:1265:8)
      at doWrite (node:internal/streams/writable:598:12)
      at clearBuffer (node:internal/streams/writable:777:5)
      at Writable.uncork (node:internal/streams/writable:533:7)
      at ServerResponse.end (node:_http_outgoing:1181:19)
      at respond (/app/node_modules/koa/lib/application.js:317:44)
      at handleResponse (/app/node_modules/koa/lib/application.js:202:34)


  Error: write ECONNRESET
      at afterWriteDispatched (node:internal/stream_base_commons:159:15)
      at writevGeneric (node:internal/stream_base_commons:142:3)
      at Socket._writeGeneric (node:net:1256:11)
      at Socket._writev (node:net:1265:8)
      at doWrite (node:internal/streams/writable:598:12)
      at clearBuffer (node:internal/streams/writable:777:5)
      at Writable.uncork (node:internal/streams/writable:533:7)
      at ServerResponse.end (node:_http_outgoing:1181:19)
      at respond (/app/node_modules/koa/lib/application.js:317:44)
      at handleResponse (/app/node_modules/koa/lib/application.js:202:34)


  Error: write ECONNRESET
      at afterWriteDispatched (node:internal/stream_base_commons:159:15)
      at writevGeneric (node:internal/stream_base_commons:142:3)
      at Socket._writeGeneric (node:net:1256:11)
      at Socket._writev (node:net:1265:8)
      at doWrite (node:internal/streams/writable:598:12)
      at clearBuffer (node:internal/streams/writable:777:5)
      at Writable.uncork (node:internal/streams/writable:533:7)
      at ServerResponse.end (node:_http_outgoing:1181:19)
      at respond (/app/node_modules/koa/lib/application.js:317:44)
      at handleResponse (/app/node_modules/koa/lib/application.js:202:34)


  Error: write ECONNRESET
      at afterWriteDispatched (node:internal/stream_base_commons:159:15)
      at writevGeneric (node:internal/stream_base_commons:142:3)
      at Socket._writeGeneric (node:net:1256:11)
      at Socket._writev (node:net:1265:8)
      at doWrite (node:internal/streams/writable:598:12)
      at clearBuffer (node:internal/streams/writable:777:5)
      at Writable.uncork (node:internal/streams/writable:533:7)
      at ServerResponse.end (node:_http_outgoing:1181:19)
      at respond (/app/node_modules/koa/lib/application.js:317:44)
      at handleResponse (/app/node_modules/koa/lib/application.js:202:34)


  Error: write ECONNRESET
      at afterWriteDispatched (node:internal/stream_base_commons:159:15)
      at writevGeneric (node:internal/stream_base_commons:142:3)
      at Socket._writeGeneric (node:net:1256:11)
      at Socket._writev (node:net:1265:8)
      at doWrite (node:internal/streams/writable:598:12)
      at clearBuffer (node:internal/streams/writable:777:5)
      at Writable.uncork (node:internal/streams/writable:533:7)
      at ServerResponse.end (node:_http_outgoing:1181:19)
      at respond (/app/node_modules/koa/lib/application.js:317:44)
      at handleResponse (/app/node_modules/koa/lib/application.js:202:34)


  Error: write ECONNRESET
      at afterWriteDispatched (node:internal/stream_base_commons:159:15)
      at writevGeneric (node:internal/stream_base_commons:142:3)
      at Socket._writeGeneric (node:net:1256:11)
      at Socket._writev (node:net:1265:8)
      at doWrite (node:internal/streams/writable:598:12)
      at clearBuffer (node:internal/streams/writable:777:5)
      at Writable.uncork (node:internal/streams/writable:533:7)
      at ServerResponse.end (node:_http_outgoing:1181:19)
      at respond (/app/node_modules/koa/lib/application.js:317:44)
      at handleResponse (/app/node_modules/koa/lib/application.js:202:34)


  Error: write ECONNRESET
      at afterWriteDispatched (node:internal/stream_base_commons:159:15)
      at writevGeneric (node:internal/stream_base_commons:142:3)
      at Socket._writeGeneric (node:net:1256:11)
      at Socket._writev (node:net:1265:8)
      at doWrite (node:internal/streams/writable:598:12)
      at clearBuffer (node:internal/streams/writable:777:5)
      at Writable.uncork (node:internal/streams/writable:533:7)
      at ServerResponse.end (node:_http_outgoing:1181:19)
      at respond (/app/node_modules/koa/lib/application.js:317:44)
      at handleResponse (/app/node_modules/koa/lib/application.js:202:34)


  Error: write ECONNRESET
      at afterWriteDispatched (node:internal/stream_base_commons:159:15)
      at writevGeneric (node:internal/stream_base_commons:142:3)
      at Socket._writeGeneric (node:net:1256:11)
      at Socket._writev (node:net:1265:8)
      at doWrite (node:internal/streams/writable:598:12)
      at clearBuffer (node:internal/streams/writable:777:5)
      at Writable.uncork (node:internal/streams/writable:533:7)
      at ServerResponse.end (node:_http_outgoing:1181:19)
      at respond (/app/node_modules/koa/lib/application.js:317:44)
      at handleResponse (/app/node_modules/koa/lib/application.js:202:34)


  Error: write ECONNRESET
      at afterWriteDispatched (node:internal/stream_base_commons:159:15)
      at writevGeneric (node:internal/stream_base_commons:142:3)
      at Socket._writeGeneric (node:net:1256:11)
      at Socket._writev (node:net:1265:8)
      at doWrite (node:internal/streams/writable:598:12)
      at clearBuffer (node:internal/streams/writable:777:5)
      at Writable.uncork (node:internal/streams/writable:533:7)
      at ServerResponse.end (node:_http_outgoing:1181:19)
      at respond (/app/node_modules/koa/lib/application.js:317:44)
      at handleResponse (/app/node_modules/koa/lib/application.js:202:34)


  Error: write ECONNRESET
      at afterWriteDispatched (node:internal/stream_base_commons:159:15)
      at writevGeneric (node:internal/stream_base_commons:142:3)
      at Socket._writeGeneric (node:net:1256:11)
      at Socket._writev (node:net:1265:8)
      at doWrite (node:internal/streams/writable:598:12)
      at clearBuffer (node:internal/streams/writable:777:5)
      at Writable.uncork (node:internal/streams/writable:533:7)
      at ServerResponse.end (node:_http_outgoing:1181:19)
      at respond (/app/node_modules/koa/lib/application.js:317:44)
      at handleResponse (/app/node_modules/koa/lib/application.js:202:34)


  Error: write ECONNRESET
      at afterWriteDispatched (node:internal/stream_base_commons:159:15)
      at writevGeneric (node:internal/stream_base_commons:142:3)
      at Socket._writeGeneric (node:net:1256:11)
      at Socket._writev (node:net:1265:8)
      at doWrite (node:internal/streams/writable:598:12)
      at clearBuffer (node:internal/streams/writable:777:5)
      at Writable.uncork (node:internal/streams/writable:533:7)
      at ServerResponse.end (node:_http_outgoing:1181:19)
      at respond (/app/node_modules/koa/lib/application.js:317:44)
      at handleResponse (/app/node_modules/koa/lib/application.js:202:34)


  Error: write ECONNRESET
      at afterWriteDispatched (node:internal/stream_base_commons:159:15)
      at writevGeneric (node:internal/stream_base_commons:142:3)
      at Socket._writeGeneric (node:net:1256:11)
      at Socket._writev (node:net:1265:8)
      at doWrite (node:internal/streams/writable:598:12)
      at clearBuffer (node:internal/streams/writable:777:5)
      at Writable.uncork (node:internal/streams/writable:533:7)
      at ServerResponse.end (node:_http_outgoing:1181:19)
      at respond (/app/node_modules/koa/lib/application.js:317:44)
      at handleResponse (/app/node_modules/koa/lib/application.js:202:34)


  Error: write ECONNRESET
      at afterWriteDispatched (node:internal/stream_base_commons:159:15)
      at writevGeneric (node:internal/stream_base_commons:142:3)
      at Socket._writeGeneric (node:net:1256:11)
      at Socket._writev (node:net:1265:8)
      at doWrite (node:internal/streams/writable:598:12)
      at clearBuffer (node:internal/streams/writable:777:5)
      at Writable.uncork (node:internal/streams/writable:533:7)
      at ServerResponse.end (node:_http_outgoing:1181:19)
      at respond (/app/node_modules/koa/lib/application.js:317:44)
      at handleResponse (/app/node_modules/koa/lib/application.js:202:34)


  Error: write ECONNRESET
      at afterWriteDispatched (node:internal/stream_base_commons:159:15)
      at writevGeneric (node:internal/stream_base_commons:142:3)
      at Socket._writeGeneric (node:net:1256:11)
      at Socket._writev (node:net:1265:8)
      at doWrite (node:internal/streams/writable:598:12)
      at clearBuffer (node:internal/streams/writable:777:5)
      at Writable.uncork (node:internal/streams/writable:533:7)
      at ServerResponse.end (node:_http_outgoing:1181:19)
      at respond (/app/node_modules/koa/lib/application.js:317:44)
      at handleResponse (/app/node_modules/koa/lib/application.js:202:34)


  Error: write ECONNRESET
      at afterWriteDispatched (node:internal/stream_base_commons:159:15)
      at writevGeneric (node:internal/stream_base_commons:142:3)
      at Socket._writeGeneric (node:net:1256:11)
      at Socket._writev (node:net:1265:8)
      at doWrite (node:internal/streams/writable:598:12)
      at clearBuffer (node:internal/streams/writable:777:5)
      at Writable.uncork (node:internal/streams/writable:533:7)
      at ServerResponse.end (node:_http_outgoing:1181:19)
      at respond (/app/node_modules/koa/lib/application.js:317:44)
      at handleResponse (/app/node_modules/koa/lib/application.js:202:34)


  Error: write ECONNRESET
      at afterWriteDispatched (node:internal/stream_base_commons:159:15)
      at writevGeneric (node:internal/stream_base_commons:142:3)
      at Socket._writeGeneric (node:net:1256:11)
      at Socket._writev (node:net:1265:8)
      at doWrite (node:internal/streams/writable:598:12)
      at clearBuffer (node:internal/streams/writable:777:5)
      at Writable.uncork (node:internal/streams/writable:533:7)
      at ServerResponse.end (node:_http_outgoing:1181:19)
      at respond (/app/node_modules/koa/lib/application.js:317:44)
      at handleResponse (/app/node_modules/koa/lib/application.js:202:34)


  Error: write ECONNRESET
      at afterWriteDispatched (node:internal/stream_base_commons:159:15)
      at writevGeneric (node:internal/stream_base_commons:142:3)
      at Socket._writeGeneric (node:net:1256:11)
      at Socket._writev (node:net:1265:8)
      at doWrite (node:internal/streams/writable:598:12)
      at clearBuffer (node:internal/streams/writable:777:5)
      at Writable.uncork (node:internal/streams/writable:533:7)
      at ServerResponse.end (node:_http_outgoing:1181:19)
      at respond (/app/node_modules/koa/lib/application.js:317:44)
      at handleResponse (/app/node_modules/koa/lib/application.js:202:34)


  Error: write ECONNRESET
      at afterWriteDispatched (node:internal/stream_base_commons:159:15)
      at writevGeneric (node:internal/stream_base_commons:142:3)
      at Socket._writeGeneric (node:net:1256:11)
      at Socket._writev (node:net:1265:8)
      at doWrite (node:internal/streams/writable:598:12)
      at clearBuffer (node:internal/streams/writable:777:5)
      at Writable.uncork (node:internal/streams/writable:533:7)
      at ServerResponse.end (node:_http_outgoing:1181:19)
      at respond (/app/node_modules/koa/lib/application.js:317:44)
      at handleResponse (/app/node_modules/koa/lib/application.js:202:34)


  Error: write ECONNRESET
      at afterWriteDispatched (node:internal/stream_base_commons:159:15)
      at writevGeneric (node:internal/stream_base_commons:142:3)
      at Socket._writeGeneric (node:net:1256:11)
      at Socket._writev (node:net:1265:8)
      at doWrite (node:internal/streams/writable:598:12)
      at clearBuffer (node:internal/streams/writable:777:5)
      at Writable.uncork (node:internal/streams/writable:533:7)
      at ServerResponse.end (node:_http_outgoing:1181:19)
      at respond (/app/node_modules/koa/lib/application.js:317:44)
      at handleResponse (/app/node_modules/koa/lib/application.js:202:34)


  Error: write ECONNRESET
      at afterWriteDispatched (node:internal/stream_base_commons:159:15)
      at writevGeneric (node:internal/stream_base_commons:142:3)
      at Socket._writeGeneric (node:net:1256:11)
      at Socket._writev (node:net:1265:8)
      at doWrite (node:internal/streams/writable:598:12)
      at clearBuffer (node:internal/streams/writable:777:5)
      at Writable.uncork (node:internal/streams/writable:533:7)
      at ServerResponse.end (node:_http_outgoing:1181:19)
      at respond (/app/node_modules/koa/lib/application.js:317:44)
      at handleResponse (/app/node_modules/koa/lib/application.js:202:34)


  Error: write ECONNRESET
      at afterWriteDispatched (node:internal/stream_base_commons:159:15)
      at writevGeneric (node:internal/stream_base_commons:142:3)
      at Socket._writeGeneric (node:net:1256:11)
      at Socket._writev (node:net:1265:8)
      at doWrite (node:internal/streams/writable:598:12)
      at clearBuffer (node:internal/streams/writable:777:5)
      at Writable.uncork (node:internal/streams/writable:533:7)
      at ServerResponse.end (node:_http_outgoing:1181:19)
      at respond (/app/node_modules/koa/lib/application.js:317:44)
      at handleResponse (/app/node_modules/koa/lib/application.js:202:34)


  Error: write ECONNRESET
      at afterWriteDispatched (node:internal/stream_base_commons:159:15)
      at writevGeneric (node:internal/stream_base_commons:142:3)
      at Socket._writeGeneric (node:net:1256:11)
      at Socket._writev (node:net:1265:8)
      at doWrite (node:internal/streams/writable:598:12)
      at clearBuffer (node:internal/streams/writable:777:5)
      at Writable.uncork (node:internal/streams/writable:533:7)
      at ServerResponse.end (node:_http_outgoing:1181:19)
      at respond (/app/node_modules/koa/lib/application.js:317:44)
      at handleResponse (/app/node_modules/koa/lib/application.js:202:34)


  Error: write EPIPE
      at afterWriteDispatched (node:internal/stream_base_commons:159:15)
      at writevGeneric (node:internal/stream_base_commons:142:3)
      at Socket._writeGeneric (node:net:1256:11)
      at Socket._writev (node:net:1265:8)
      at doWrite (node:internal/streams/writable:598:12)
      at clearBuffer (node:internal/streams/writable:777:5)
      at Writable.uncork (node:internal/streams/writable:533:7)
      at ServerResponse._flushOutput (node:_http_outgoing:1261:10)
      at ServerResponse._flush (node:_http_outgoing:1233:10)
      at ServerResponse.assignSocket (node:_http_server:307:8)


  Error: write EPIPE
      at afterWriteDispatched (node:internal/stream_base_commons:159:15)
      at writevGeneric (node:internal/stream_base_commons:142:3)
      at Socket._writeGeneric (node:net:1256:11)
      at Socket._writev (node:net:1265:8)
      at doWrite (node:internal/streams/writable:598:12)
      at clearBuffer (node:internal/streams/writable:777:5)
      at Writable.uncork (node:internal/streams/writable:533:7)
      at ServerResponse._flushOutput (node:_http_outgoing:1261:10)
      at ServerResponse._flush (node:_http_outgoing:1233:10)
      at ServerResponse.assignSocket (node:_http_server:307:8)


  Error: write ECONNRESET
      at afterWriteDispatched (node:internal/stream_base_commons:159:15)
      at writevGeneric (node:internal/stream_base_commons:142:3)
      at Socket._writeGeneric (node:net:1256:11)
      at Socket._writev (node:net:1265:8)
      at doWrite (node:internal/streams/writable:598:12)
      at clearBuffer (node:internal/streams/writable:777:5)
      at Writable.uncork (node:internal/streams/writable:533:7)
      at ServerResponse.end (node:_http_outgoing:1181:19)
      at respond (/app/node_modules/koa/lib/application.js:317:44)
      at handleResponse (/app/node_modules/koa/lib/application.js:202:34)

