Exec: /app/erts-17.0.1/bin/erlexec -noinput +Bd -boot /app/releases/0.1.0/start -mode embedded -boot_var SYSTEM_LIB_DIR /app/lib -config /app/releases/0.1.0/sys.config -args_file /app/releases/0.1.0/vm.args -- foreground
Root: /app
/app
=ESOCK WARNING MSG==== 01-Jun-2026::01:39:01.304371 ===
[UNIX-ESSIO] Failed open sctp dynamic library: libsctp.so.1
=NOTICE REPORT==== 1-Jun-2026::01:39:07.263808 ===
    reason: closed
    msg: roadrunner response send failed
    phase: sendfile_body
=NOTICE REPORT==== 1-Jun-2026::01:39:07.263958 ===
    reason: closed
    msg: roadrunner response send failed
    phase: sendfile_body
=NOTICE REPORT==== 1-Jun-2026::01:39:07.303995 ===
    reason: closed
    msg: roadrunner response send failed
    phase: sendfile_body
=NOTICE REPORT==== 1-Jun-2026::01:39:07.304060 ===
    reason: closed
    msg: roadrunner response send failed
    phase: sendfile_body
=NOTICE REPORT==== 1-Jun-2026::01:39:07.353184 ===
    reason: closed
    msg: roadrunner response send failed
    phase: sendfile_body
=NOTICE REPORT==== 1-Jun-2026::01:39:07.363229 ===
    reason: closed
    msg: roadrunner response send failed
    phase: sendfile_body
=NOTICE REPORT==== 1-Jun-2026::01:39:07.369361 ===
    reason: closed
    msg: roadrunner response send failed
    phase: sendfile_body
=NOTICE REPORT==== 1-Jun-2026::01:39:07.373128 ===
    reason: closed
    msg: roadrunner response send failed
    phase: sendfile_body
=NOTICE REPORT==== 1-Jun-2026::01:39:07.399282 ===
    reason: closed
    msg: roadrunner response send failed
    phase: sendfile_body
=NOTICE REPORT==== 1-Jun-2026::01:39:07.402279 ===
    reason: closed
    msg: roadrunner response send failed
    phase: sendfile_body
=NOTICE REPORT==== 1-Jun-2026::01:39:07.401919 ===
    reason: closed
    msg: roadrunner response send failed
    phase: sendfile_body
=NOTICE REPORT==== 1-Jun-2026::01:39:07.401935 ===
    reason: closed
    msg: roadrunner response send failed
    phase: sendfile_body
=NOTICE REPORT==== 1-Jun-2026::01:39:07.402316 ===
    reason: closed
    msg: roadrunner response send failed
    phase: sendfile_body
=NOTICE REPORT==== 1-Jun-2026::01:39:07.401966 ===
    reason: closed
    msg: roadrunner response send failed
    phase: sendfile_body
=NOTICE REPORT==== 1-Jun-2026::01:39:07.401989 ===
    reason: closed
    msg: roadrunner response send failed
    phase: sendfile_body
=NOTICE REPORT==== 1-Jun-2026::01:39:07.403496 ===
    reason: closed
    msg: roadrunner response send failed
    phase: sendfile_body
=NOTICE REPORT==== 1-Jun-2026::01:39:07.442447 ===
    reason: closed
    msg: roadrunner response send failed
    phase: sendfile_body
=NOTICE REPORT==== 1-Jun-2026::01:39:07.465502 ===
    reason: closed
    msg: roadrunner response send failed
    phase: sendfile_body
=NOTICE REPORT==== 1-Jun-2026::01:39:07.491904 ===
    reason: closed
    msg: roadrunner response send failed
    phase: sendfile_body
=NOTICE REPORT==== 1-Jun-2026::01:39:07.506326 ===
    reason: closed
    msg: roadrunner response send failed
    phase: sendfile_body
=NOTICE REPORT==== 1-Jun-2026::01:39:07.506313 ===
    reason: closed
    msg: roadrunner response send failed
    phase: sendfile_body
=NOTICE REPORT==== 1-Jun-2026::01:39:07.496532 ===
    reason: closed
    msg: roadrunner response send failed
    phase: sendfile_body
=NOTICE REPORT==== 1-Jun-2026::01:39:07.520521 ===
    reason: closed
    msg: roadrunner response send failed
    phase: sendfile_body
=NOTICE REPORT==== 1-Jun-2026::01:39:07.520635 ===
    reason: closed
    msg: roadrunner response send failed
    phase: sendfile_body
=NOTICE REPORT==== 1-Jun-2026::01:39:07.542436 ===
    reason: closed
    msg: roadrunner response send failed
    phase: sendfile_body
=NOTICE REPORT==== 1-Jun-2026::01:39:07.546767 ===
    reason: closed
    msg: roadrunner response send failed
    phase: sendfile_body
=NOTICE REPORT==== 1-Jun-2026::01:39:07.546822 ===
    reason: closed
    msg: roadrunner response send failed
    phase: sendfile_body
=NOTICE REPORT==== 1-Jun-2026::01:39:07.546886 ===
    reason: closed
    msg: roadrunner response send failed
    phase: sendfile_body
=NOTICE REPORT==== 1-Jun-2026::01:39:07.547030 ===
    reason: closed
    msg: roadrunner response send failed
    phase: sendfile_body
=NOTICE REPORT==== 1-Jun-2026::01:39:07.547114 ===
    reason: closed
    msg: roadrunner response send failed
    phase: sendfile_body
=NOTICE REPORT==== 1-Jun-2026::01:39:07.570720 ===
    reason: closed
    msg: roadrunner response send failed
    phase: sendfile_body
=NOTICE REPORT==== 1-Jun-2026::01:39:07.577315 ===
    reason: closed
    msg: roadrunner response send failed
    phase: sendfile_body
=NOTICE REPORT==== 1-Jun-2026::01:39:07.577398 ===
    reason: closed
    msg: roadrunner response send failed
    phase: sendfile_body
=NOTICE REPORT==== 1-Jun-2026::01:39:07.597102 ===
    reason: closed
    msg: roadrunner response send failed
    phase: sendfile_body
=NOTICE REPORT==== 1-Jun-2026::01:39:07.629418 ===
    reason: closed
    msg: roadrunner response send failed
    phase: sendfile_body
=NOTICE REPORT==== 1-Jun-2026::01:39:07.642265 ===
    reason: closed
    msg: roadrunner response send failed
    phase: sendfile_body
=NOTICE REPORT==== 1-Jun-2026::01:39:07.657683 ===
    reason: closed
    msg: roadrunner response send failed
    phase: sendfile_body
=NOTICE REPORT==== 1-Jun-2026::01:39:07.660903 ===
    reason: closed
    msg: roadrunner response send failed
    phase: sendfile_body
=NOTICE REPORT==== 1-Jun-2026::01:39:07.663093 ===
    reason: closed
    msg: roadrunner response send failed
    phase: sendfile_body
=NOTICE REPORT==== 1-Jun-2026::01:39:07.662755 ===
    reason: closed
    msg: roadrunner response send failed
    phase: sendfile_body
=NOTICE REPORT==== 1-Jun-2026::01:39:07.677716 ===
    reason: closed
    msg: roadrunner response send failed
    phase: sendfile_body
=NOTICE REPORT==== 1-Jun-2026::01:39:07.681386 ===
    reason: closed
    msg: roadrunner response send failed
    phase: sendfile_body
=NOTICE REPORT==== 1-Jun-2026::01:39:07.681438 ===
    reason: closed
    msg: roadrunner response send failed
    phase: sendfile_body
=NOTICE REPORT==== 1-Jun-2026::01:39:07.681538 ===
    reason: closed
    msg: roadrunner response send failed
    phase: sendfile_body
=NOTICE REPORT==== 1-Jun-2026::01:39:07.682089 ===
    reason: closed
    msg: roadrunner response send failed
    phase: sendfile_body
=NOTICE REPORT==== 1-Jun-2026::01:39:07.700475 ===
    reason: closed
    msg: roadrunner response send failed
    phase: sendfile_body
=NOTICE REPORT==== 1-Jun-2026::01:39:07.700673 ===
    reason: closed
    msg: roadrunner response send failed
    phase: sendfile_body
=NOTICE REPORT==== 1-Jun-2026::01:39:07.761737 ===
    reason: closed
    msg: roadrunner response send failed
    phase: sendfile_body
=NOTICE REPORT==== 1-Jun-2026::01:39:07.762421 ===
    reason: closed
    msg: roadrunner response send failed
    phase: sendfile_body
=NOTICE REPORT==== 1-Jun-2026::01:39:07.783254 ===
    reason: closed
    msg: roadrunner response send failed
    phase: sendfile_body
=NOTICE REPORT==== 1-Jun-2026::01:39:07.805952 ===
    reason: closed
    msg: roadrunner response send failed
    phase: sendfile_body
=NOTICE REPORT==== 1-Jun-2026::01:39:07.846794 ===
    reason: closed
    msg: roadrunner response send failed
    phase: sendfile_body
=NOTICE REPORT==== 1-Jun-2026::01:39:07.849661 ===
    reason: closed
    msg: roadrunner response send failed
    phase: sendfile_body
=NOTICE REPORT==== 1-Jun-2026::01:39:07.849701 ===
    reason: closed
    msg: roadrunner response send failed
    phase: sendfile_body
=NOTICE REPORT==== 1-Jun-2026::01:39:07.849753 ===
    reason: closed
    msg: roadrunner response send failed
    phase: sendfile_body
=NOTICE REPORT==== 1-Jun-2026::01:39:07.859612 ===
    reason: closed
    msg: roadrunner response send failed
    phase: sendfile_body
=NOTICE REPORT==== 1-Jun-2026::01:39:07.859891 ===
    reason: closed
    msg: roadrunner response send failed
    phase: sendfile_body
=NOTICE REPORT==== 1-Jun-2026::01:39:07.859914 ===
    reason: closed
    msg: roadrunner response send failed
    phase: sendfile_body
=NOTICE REPORT==== 1-Jun-2026::01:39:07.947770 ===
    reason: closed
    msg: roadrunner response send failed
    phase: sendfile_body
=NOTICE REPORT==== 1-Jun-2026::01:39:07.948021 ===
    reason: closed
    msg: roadrunner response send failed
    phase: sendfile_body
=NOTICE REPORT==== 1-Jun-2026::01:39:07.948151 ===
    reason: closed
    msg: roadrunner response send failed
    phase: sendfile_body
=NOTICE REPORT==== 1-Jun-2026::01:39:07.948226 ===
    reason: closed
    msg: roadrunner response send failed
    phase: sendfile_body
=NOTICE REPORT==== 1-Jun-2026::01:39:07.969449 ===
    reason: closed
    msg: roadrunner response send failed
    phase: sendfile_body
=NOTICE REPORT==== 1-Jun-2026::01:39:07.986345 ===
    reason: closed
    msg: roadrunner response send failed
    phase: sendfile_body
=NOTICE REPORT==== 1-Jun-2026::01:39:07.995190 ===
    reason: closed
    msg: roadrunner response send failed
    phase: sendfile_body
=NOTICE REPORT==== 1-Jun-2026::01:39:07.999760 ===
    reason: closed
    msg: roadrunner response send failed
    phase: sendfile_body
=NOTICE REPORT==== 1-Jun-2026::01:39:08.032371 ===
    reason: closed
    msg: roadrunner response send failed
    phase: sendfile_body
=NOTICE REPORT==== 1-Jun-2026::01:39:08.032358 ===
    reason: closed
    msg: roadrunner response send failed
    phase: sendfile_body
=NOTICE REPORT==== 1-Jun-2026::01:39:08.032407 ===
    reason: closed
    msg: roadrunner response send failed
    phase: sendfile_body
=NOTICE REPORT==== 1-Jun-2026::01:39:08.062313 ===
    reason: closed
    msg: roadrunner response send failed
    phase: sendfile_body
=NOTICE REPORT==== 1-Jun-2026::01:39:08.085691 ===
    reason: closed
    msg: roadrunner response send failed
    phase: sendfile_body
=NOTICE REPORT==== 1-Jun-2026::01:39:08.085825 ===
    reason: closed
    msg: roadrunner response send failed
    phase: sendfile_body
=NOTICE REPORT==== 1-Jun-2026::01:39:08.122821 ===
    reason: closed
    msg: roadrunner response send failed
    phase: sendfile_body
=NOTICE REPORT==== 1-Jun-2026::01:39:08.106961 ===
    reason: closed
    msg: roadrunner response send failed
    phase: sendfile_body
=NOTICE REPORT==== 1-Jun-2026::01:39:08.132323 ===
    reason: closed
    msg: roadrunner response send failed
    phase: sendfile_body
=NOTICE REPORT==== 1-Jun-2026::01:39:08.165194 ===
    reason: closed
    msg: roadrunner response send failed
    phase: sendfile_body
=NOTICE REPORT==== 1-Jun-2026::01:39:08.165189 ===
    reason: closed
    msg: roadrunner response send failed
    phase: sendfile_body
=NOTICE REPORT==== 1-Jun-2026::01:39:08.201233 ===
    reason: closed
    msg: roadrunner response send failed
    phase: sendfile_body
=NOTICE REPORT==== 1-Jun-2026::01:39:08.242186 ===
    reason: closed
    msg: roadrunner response send failed
    phase: sendfile_body
=NOTICE REPORT==== 1-Jun-2026::01:39:08.247191 ===
    reason: closed
    msg: roadrunner response send failed
    phase: sendfile_body
=NOTICE REPORT==== 1-Jun-2026::01:39:08.255101 ===
    reason: closed
    msg: roadrunner response send failed
    phase: sendfile_body
=NOTICE REPORT==== 1-Jun-2026::01:39:08.272915 ===
    reason: closed
    msg: roadrunner response send failed
    phase: sendfile_body
=NOTICE REPORT==== 1-Jun-2026::01:39:08.272935 ===
    reason: closed
    msg: roadrunner response send failed
    phase: sendfile_body
=NOTICE REPORT==== 1-Jun-2026::01:39:08.273033 ===
    reason: closed
    msg: roadrunner response send failed
    phase: sendfile_body
=NOTICE REPORT==== 1-Jun-2026::01:39:08.273068 ===
    reason: closed
    msg: roadrunner response send failed
    phase: sendfile_body
=NOTICE REPORT==== 1-Jun-2026::01:39:08.273051 ===
    reason: closed
    msg: roadrunner response send failed
    phase: sendfile_body
=NOTICE REPORT==== 1-Jun-2026::01:39:08.275223 ===
    reason: closed
    msg: roadrunner response send failed
    phase: sendfile_body
=NOTICE REPORT==== 1-Jun-2026::01:39:08.292138 ===
    reason: closed
    msg: roadrunner response send failed
    phase: sendfile_body
=NOTICE REPORT==== 1-Jun-2026::01:39:08.280776 ===
    reason: closed
    msg: roadrunner response send failed
    phase: sendfile_body
=NOTICE REPORT==== 1-Jun-2026::01:39:08.304160 ===
    reason: closed
    msg: roadrunner response send failed
    phase: sendfile_body
=NOTICE REPORT==== 1-Jun-2026::01:39:08.306434 ===
    reason: closed
    msg: roadrunner response send failed
    phase: sendfile_body
=NOTICE REPORT==== 1-Jun-2026::01:39:08.305170 ===
    reason: closed
    msg: roadrunner response send failed
    phase: sendfile_body
=NOTICE REPORT==== 1-Jun-2026::01:39:08.347774 ===
    reason: closed
    msg: roadrunner response send failed
    phase: sendfile_body
=NOTICE REPORT==== 1-Jun-2026::01:39:08.347901 ===
    reason: closed
    msg: roadrunner response send failed
    phase: sendfile_body
=NOTICE REPORT==== 1-Jun-2026::01:39:08.362824 ===
    reason: closed
    msg: roadrunner response send failed
    phase: sendfile_body
=NOTICE REPORT==== 1-Jun-2026::01:39:08.356023 ===
    reason: closed
    msg: roadrunner response send failed
    phase: sendfile_body
=NOTICE REPORT==== 1-Jun-2026::01:39:08.360183 ===
    reason: closed
    msg: roadrunner response send failed
    phase: sendfile_body
=NOTICE REPORT==== 1-Jun-2026::01:39:08.360238 ===
    reason: closed
    msg: roadrunner response send failed
    phase: sendfile_body
=NOTICE REPORT==== 1-Jun-2026::01:39:08.362923 ===
    reason: closed
    msg: roadrunner response send failed
    phase: sendfile_body
=NOTICE REPORT==== 1-Jun-2026::01:39:08.374489 ===
    reason: closed
    msg: roadrunner response send failed
    phase: sendfile_body
=NOTICE REPORT==== 1-Jun-2026::01:39:08.374983 ===
    reason: closed
    msg: roadrunner response send failed
    phase: sendfile_body
=NOTICE REPORT==== 1-Jun-2026::01:39:08.374998 ===
    reason: closed
    msg: roadrunner response send failed
    phase: sendfile_body
=NOTICE REPORT==== 1-Jun-2026::01:39:08.415007 ===
    reason: closed
    msg: roadrunner response send failed
    phase: sendfile_body
=NOTICE REPORT==== 1-Jun-2026::01:39:08.441128 ===
    reason: closed
    msg: roadrunner response send failed
    phase: sendfile_body
=NOTICE REPORT==== 1-Jun-2026::01:39:08.441406 ===
    reason: closed
    msg: roadrunner response send failed
    phase: sendfile_body
=NOTICE REPORT==== 1-Jun-2026::01:39:08.468109 ===
    reason: closed
    msg: roadrunner response send failed
    phase: sendfile_body
=NOTICE REPORT==== 1-Jun-2026::01:39:08.468151 ===
    reason: closed
    msg: roadrunner response send failed
    phase: sendfile_body
=NOTICE REPORT==== 1-Jun-2026::01:39:08.468517 ===
    reason: closed
    msg: roadrunner response send failed
    phase: sendfile_body
=NOTICE REPORT==== 1-Jun-2026::01:39:08.496165 ===
    reason: closed
    msg: roadrunner response send failed
    phase: sendfile_body
=NOTICE REPORT==== 1-Jun-2026::01:39:08.509668 ===
    reason: closed
    msg: roadrunner response send failed
    phase: sendfile_body
=NOTICE REPORT==== 1-Jun-2026::01:39:08.535199 ===
    reason: closed
    msg: roadrunner response send failed
    phase: sendfile_body
=NOTICE REPORT==== 1-Jun-2026::01:39:08.538960 ===
    reason: closed
    msg: roadrunner response send failed
    phase: sendfile_body
=NOTICE REPORT==== 1-Jun-2026::01:39:08.538921 ===
    reason: closed
    msg: roadrunner response send failed
    phase: sendfile_body
=NOTICE REPORT==== 1-Jun-2026::01:39:08.538946 ===
    reason: closed
    msg: roadrunner response send failed
    phase: sendfile_body
=NOTICE REPORT==== 1-Jun-2026::01:39:08.586000 ===
    reason: closed
    msg: roadrunner response send failed
    phase: sendfile_body
=NOTICE REPORT==== 1-Jun-2026::01:39:08.586040 ===
    reason: closed
    msg: roadrunner response send failed
    phase: sendfile_body
=NOTICE REPORT==== 1-Jun-2026::01:39:08.586111 ===
    reason: closed
    msg: roadrunner response send failed
    phase: sendfile_body
=NOTICE REPORT==== 1-Jun-2026::01:39:08.602217 ===
    reason: closed
    msg: roadrunner response send failed
    phase: sendfile_body
=NOTICE REPORT==== 1-Jun-2026::01:39:08.616010 ===
    reason: closed
    msg: roadrunner response send failed
    phase: sendfile_body
=NOTICE REPORT==== 1-Jun-2026::01:39:08.631605 ===
    reason: closed
    msg: roadrunner response send failed
    phase: sendfile_body
=NOTICE REPORT==== 1-Jun-2026::01:39:08.618716 ===
    reason: closed
    msg: roadrunner response send failed
    phase: sendfile_body
=NOTICE REPORT==== 1-Jun-2026::01:39:08.653468 ===
    reason: closed
    msg: roadrunner response send failed
    phase: sendfile_body
=NOTICE REPORT==== 1-Jun-2026::01:39:08.679218 ===
    reason: closed
    msg: roadrunner response send failed
    phase: sendfile_body
=NOTICE REPORT==== 1-Jun-2026::01:39:08.705756 ===
    reason: closed
    msg: roadrunner response send failed
    phase: sendfile_body
=NOTICE REPORT==== 1-Jun-2026::01:39:08.712692 ===
    reason: closed
    msg: roadrunner response send failed
    phase: sendfile_body
=NOTICE REPORT==== 1-Jun-2026::01:39:08.705849 ===
    reason: closed
    msg: roadrunner response send failed
    phase: sendfile_body
