Loaded 50 dataset items from /data/dataset.json
[main(----) WRN] Vibe was run as root, and no user/group has been specified for privilege lowering. Running with full permissions.
Listening for requests on http://0.0.0.0:8080/
Listening for requests on http://0.0.0.0:8080/
Listening for requests on http://0.0.0.0:8080/
Listening for requests on http://0.0.0.0:8080/
Listening for requests on http://0.0.0.0:8080/
Listening for requests on http://0.0.0.0:8080/
Listening for requests on http://0.0.0.0:8080/
Listening for requests on http://0.0.0.0:8080/
Listening for requests on http://0.0.0.0:8080/
Listening for requests on http://0.0.0.0:8080/
Listening for requests on http://0.0.0.0:8080/
Listening for requests on http://0.0.0.0:8080/
Listening for requests on http://0.0.0.0:8080/
Listening for requests on http://0.0.0.0:8080/
Listening for requests on http://0.0.0.0:8080/
Listening for requests on http://0.0.0.0:8080/
Listening for requests on http://0.0.0.0:8080/
Listening for requests on http://0.0.0.0:8080/
Listening for requests on http://0.0.0.0:8080/
Listening for requests on http://0.0.0.0:8080/
Listening for requests on http://0.0.0.0:8080/
Listening for requests on http://0.0.0.0:8080/
Listening for requests on http://0.0.0.0:8080/
Listening for requests on http://0.0.0.0:8080/
Listening for requests on http://0.0.0.0:8080/
Listening for requests on http://0.0.0.0:8080/
Listening for requests on http://0.0.0.0:8080/
Listening for requests on http://0.0.0.0:8080/
Listening for requests on http://0.0.0.0:8080/
Listening for requests on http://0.0.0.0:8080/
Listening for requests on http://0.0.0.0:8080/
Listening for requests on http://0.0.0.0:8080/
Listening for requests on http://0.0.0.0:8080/
Listening for requests on http://0.0.0.0:8080/
Listening for requests on http://0.0.0.0:8080/
Listening for requests on http://0.0.0.0:8080/
Listening for requests on http://0.0.0.0:8080/
Listening for requests on http://0.0.0.0:8080/
Listening for requests on http://0.0.0.0:8080/
Listening for requests on http://0.0.0.0:8080/
Listening for requests on http://0.0.0.0:8080/
Listening for requests on http://0.0.0.0:8080/
Listening for requests on http://0.0.0.0:8080/
Listening for requests on http://0.0.0.0:8080/
Listening for requests on http://0.0.0.0:8080/
Listening for requests on http://0.0.0.0:8080/
Listening for requests on http://0.0.0.0:8080/
Listening for requests on http://0.0.0.0:8080/
Listening for requests on http://0.0.0.0:8080/
Listening for requests on http://0.0.0.0:8080/
Listening for requests on http://0.0.0.0:8080/
Listening for requests on http://0.0.0.0:8080/
Listening for requests on http://0.0.0.0:8080/
Listening for requests on http://0.0.0.0:8080/
Listening for requests on http://0.0.0.0:8080/
Listening for requests on http://0.0.0.0:8080/
Listening for requests on http://0.0.0.0:8080/
Listening for requests on http://0.0.0.0:8080/
Listening for requests on http://0.0.0.0:8080/
Listening for requests on http://0.0.0.0:8080/
Listening for requests on http://0.0.0.0:8080/
Listening for requests on http://0.0.0.0:8080/
Listening for requests on http://0.0.0.0:8080/
Listening for requests on http://0.0.0.0:8080/
sock error 104!
sock error 104!
sock error 104!
sock error 104!
sock error 104!
sock error 104!
sock error 104!
sock error 104!
sock error 104!
sock error 104!
sock error 104!
sock error 104!
sock error 104!
sock error 104!
sock error 104!
sock error 104!
sock error 104!
sock error 104!
sock error 104!
sock error 104!
sock error 104!
sock error 10sock error 104!
4!
sock error 104!
sock error 104!
sock error 104!
sock error 104!
sock error 104!
sock error 104!
sock error 104!
sock error 104!
sock error 104!
sock error 104!
sock error 104!
sock error 104!
sock error 104!
sock error 104!
sock error 104!
sock error 104!
sock error 104!
sock error 104!
sock error 104!
sock error 104!
sock error 104!
sock error 104!
sock error 104!
sock error 104!
sock error 104!
sock error 104!
sock error 104!
sock error 104!
sock error 104!
sock error 104!
sock error 104!
sock error 104!
sock error 104!
sock error 104!
sock error 104!
sock error 104!
sock error 104!
sock error 104!
sock error 104!
sock error 104!
sock error 104!
sock error 104!
sock error 104!
sock error 104!
sock error 104!
sock error 104!
sock error 104!
sock error 104!
sock error 104!
sock error 104!
sock error 104!
sock error 104!
sock error 104!
sock error 104!
sock error 104!
sock error 104!
sock error 104!
sock error 104!
sock error 104!
sock error 104!
sock error 104!
sock error 104!
sock error 104!
sock error 104!
sock error 104!
sock error 104!
sock error 1sock error 104!
04!
sock error 104!
sock error 104!
sock error 104!
sock error 104!
sock error 104!
sock error 104!
sock error 104!
sock error 104!
sock error 104!
sock error 104!
sock error 104!
sock error 104!
sock error 104!
sock error 104!
[vibe-worker-15(3Mxr) ERR] HTTP connection handler has thrown at the peer 127.0.0.1:15272: Connection closed while writing data.
sock error 104!
sock error 104!
sock error 104!
sock error 104!
sock error 104!
sock error 104!
sock error 104!
sock error 104!
sock error 104!
sock error 104!
sock error 104!
sock error 104!
sock error 104!
sock error 104!
sock error 104!
sock error 104!
sock error 104!
sock error 104!
sock error 104!
sock error 104!
sock error 104!
sock error 104!
sock error 104!
sock error 104!
sock error 104!
sock error 104!
sock error 104!
sock error 104!
sock error 104!
sock error 104!
sock error 104!
sock error 104!
sock error 104!
sock error 104!
sock error 104!
sock error 104!
sock error 104!
sock error 104!
sock error 104!
sock error 104!
sock error 104!
sock error 104!
sock error 104!
sock error 104!
sock error 104!
sock error 104!
sock error 104!
sock error 104!
sock error 104!
sock error 104!
sock error 104!
sock error 104!
sock error 104!
sock error 104!
sock error 104!
sock error 104!
sock error 104!
sock error 104!
sock error 104!
sock error 104!
sock error 104!
sock error 104!
sock error 104!
sock error 104!
sosock error 104!
ck error 104!
sock error 104!
sock error 104!
sock error 104!
sock error 104!
sock error 104!
sock error 104!
sock error 104!
sock error 104!
sock error 104!
sock error 104!
sock error 104!
sock error 104!
sock error 104!
sock error 104!
sock error 104!
sock error 104!
sock error 104!
sock error 104!
sock error 104!
sock error 104!
sock error 104!
sock error 104!
sock error 104!
sock error 104!
sock error 104!
sock error 104!
sock error 104!
sock error 104!
sock error 104!
sock error 104!
sock error 104!
sock error 104!
sock error 104!
sock error 104!
sock error 104!
sock error 104!
sock error 104!
sock error 104!
sock error 104!
sock error 104!
sock error 104!
sock error 104!
sock error 104!
sock error 104!
sock error 104!
sock error 104!
sock error 104!
sock error 104!
sock error 104!
sock error 104!
sock error 104!
sock error 104!
sock error 104!
sock error 104!
sock error 104!
sock error 104!
sock error 104!
sock error 104!
sock error 104!
sock error 104!
sock error 104!
sock error 104!
sock error 104!
sock error 104!
sock error 104!
sock error 104!
sock error 104!
sock error 104!
sock error 104!
sock error 104!
sock error 104!
sock error 104!
sock error 104!
sock error 104!
sock error 104!
sock error 104!
sock error 104!
sock error 104!
sock error 104!
sock error 104!
sock error 104!
sock error 104!
sock error 104!
sock error 104!
sock error 104!
sock error 104!
sock error 104!
sock error 104!
sock error 104!
sock error 104!
sock error 104!
sock error 104!
sock error 104!
sock error 104!
sock error 104!
sock error 104!
sock error 104!
sock error 104!
sock error 104!
sock error 104!
sock error 104!
sock error 104!
sock error 104!
sock error 104!
sock error 104!
sock error 104!
sock error 104!
sock error 104!
sock error 104!
sock error 104!
sock error 104!
sock error 104!
sock error 104!
sock error 104!
sock error 104!
sock error 104!
sock error 104!
sock error 104!
sock error 104!
sock error 104!
sock error 104!
sock error 104!
sock error 104!
sock error 104!
sock error 104!
sock error 104!
sock error 104!
sock error 104!
sock error 104!
sock error 104!
sock error 104!
sock error 104!
sock error 104!
sock error 104!
sock error 104!
sock error 104!
sock error 104!
sock error 104!
sock error 104!
sock error 104!
sock error 104!
sock error 104!
sock error 104!
sock error 104!
sock error 104!
sock error 104!
sock error 104!
sock error 104!
sock error 104!
sock error 104!
sock error 104!
sock error 104!
sock error 104!
sock error 104!
sock error 104!
sock error 104!
sock error 104!
sock error 104!
sock error 104!
sock error 104!
sock error 104!
sock error 104!
sock error 104!
sock error 104!
sock error 104!
sock error 104!
sock error 104!
sock error 104!
sock error 104!
sock error 104!
sock error 104!
sock error 104!
sock error 104!
sock error 104!
sock error 104!
sock error 104!
sock error 104!
sock error 104!
sock error 104!
sock error 104!
sock error 104!
sock error 104!
sock error 104!
sock error 104!
sock error 104!
sock error 104!
sock error 104!
sock error 104!
sock error 104!
sock error 104!
sock error 104!
sock error 104!
sock error 104!
sock error 104!
sock error 104!
sock error 104!
sock error 104!
sock error 104!
sock error 104!
sock error 104!
sock error 104!
sock error 104!
sock error 104!
sock error 104!
sock error 104!
sock error 104!
sock error 104!
sock error 104!
sock error 104!
[vibe-worker-58(7MAK) ERR] HTTP connection handler has thrown at the peer 127.0.0.1:30220: Connection closed while writing data.
sock error 104!
sock error 104!
sock error 104!
sock error 104!
sock error 104!
sock error 104!
sock error 104!
sock error 104!
sock error 104!
sock error 104!
sock error 104!
sock error 104!
sock error 104!
sock error 104!
sock error 104!
sock error 104!
sock error 104!
sock error 104!
socsock error 104!
k error 104!
sock error 104!
sock error 104!
sock error 104!
sock error 104!
sock error 104!
sock error 104!
sock error 104!
sock error 104!
sock error 104!
sock error 104!
sock error 104!
sock error 104!
sock error 104!
sock error 104!
sock error 104!
sock error 104!
sock error 104!
sock error 104!
sock error 104!
sock error 104!
sock error 104!
sock error 104!
sock error 104!
sock error 104!
sock error 104!
sock error 104!
sock error 104!
sock error 104!
sock error 104!
sock error 104!
sock error 104!
sock error 104!
sock error 104!
sock error 104!
sock error 104!
sock error 104!
sock error 104!
sock error 104!
sock error 104!
sock error 104!
sock error 104!
sock error 104!
sock error 104!
sock error 104!
sock error 104!
sock error 104!
sock error 104!
sock error 104!
sock error 104!
sock error 104!
sock error 104!
sock error 104!
sock error 104!
sock error 104!
sock error 104!
sock error 104!
sock error 104!
sock error 104!
sock error 104!
sock error 104!
sock error 104!
sock error 104!
sock error 104!
sock error 104!
sock error 104!
sock error 104!
sock error 104!
sock error 104!
sock error 104!
sock error 104!
sock error 104!
sock error 104!
sock error 104!
sock error 104!
sock error 104!
sock error 104!
sock error 104!
sock error 104!
sock error 104!
sock error 104!
sock error 104!
sock error 104!
sock error 104!
sock error 104!
sock error 104!
sock error 104!
sock error 104!
sock error 104!
sock error 104!
sock error 104!
sock error 104!
sock error 104!
sock error 104!
sock error 104!
sock error 104!
sock error 104!
sock error 104!
sock error 104!
sock error 104!
sock error 104!
sock error 104!
sock error 104!
sock error 104!
sock error 104!
sock ersock erroror 104!
r 104!
sock error 104!
sock error 104!
sock error 104!
sock error 104!
sock error 104!
sock error 104!
sock error 104!
sock error 104!
sock error 104!
sock error 104!
sock error 104!
sock error 104!
sock error 104!
sock error 104!
sock error 104!
sock error 104!
sock error 104!
sock error 104!
sock error 104!
sock error 104!
sock error 104!
sock error 104!
sock error 104!
sock error 104!
sock error 104!
sock error 104!
sock error 104!
sock error 104!
sock error 104!
sock error 104!
sock error 104!
sock error 104!
sock error 104!
sock error 104!
sock error 104!
sock error 104!
sock error 104!
sock error 104!
sock error 104!
sock error 104!
sock error 104!
sock error 104!
sock error 104!
sock error 104!
sock error 104!
sock error 104!
sock error 104!
sock error 104!
sock error 104!
sock error 104!
sock error 104!
sock error 104!
sock error 104!
sock error 104!
sock error 104!
sock error 104!
[vibe-worker-54(QVbL) ERR] HTTP connection handler has thrown at the peer 127.0.0.1:58860: Connection closed while writing data.
sock error 104!
sock error 104!
sock error 104!
sock error 104!
sock error 10sock error 4!
104!
sock error 104!
sock error 104!
