Aug 29, 2026 1:03:53 PM io.helidon.logging.jul.JulProvider doConfigureLogging
INFO: Logging at runtime configured using defaults
WARNING: A terminally deprecated method in sun.misc.Unsafe has been called
WARNING: sun.misc.Unsafe::arrayBaseOffset has been called by com.google.protobuf.UnsafeUtil$MemoryAccessor (file:/app/libs/protobuf-java-4.31.1.jar)
WARNING: Please consider reporting this to the maintainers of class com.google.protobuf.UnsafeUtil$MemoryAccessor
WARNING: sun.misc.Unsafe::arrayBaseOffset will be removed in a future release
Aug 29, 2026 1:03:54 PM io.helidon.common.features.HelidonFeatures features
INFO: Helidon SE 4.5.4 features: [Config, Encoding, JSON, Media, Registry, Tracing, WebServer]
Aug 29, 2026 1:03:54 PM io.helidon.webserver.ServerListener startIt
INFO: [0x56cb71a7] http://0.0.0.0:8080 bound for socket '@default'
Aug 29, 2026 1:03:54 PM io.helidon.common.features.HelidonFeatures features
INFO: You are using preview features. These APIs are production ready, yet may change more frequently. Please follow Helidon release changelog!
Aug 29, 2026 1:03:54 PM io.helidon.common.features.HelidonFeatures lambda$features$11
INFO: 	Preview feature: GRPC (WebServer/GRPC)
Aug 29, 2026 1:03:54 PM io.helidon.webserver.ServerListener startIt
INFO: [0x0cf65ce9] https://0.0.0.0:8443 bound for socket 'h2-tls'
Aug 29, 2026 1:03:54 PM io.helidon.webserver.ServerListener startIt
INFO: [0x303aa59a] https://0.0.0.0:8081 bound for socket 'h1-tls'
Aug 29, 2026 1:03:54 PM io.helidon.webserver.LoomServer startIt
INFO: Started all channels in 37 milliseconds. 997 milliseconds since JVM startup. Java 25.0.4+7-LTS
Helidon HttpArena server started on ports: 
plain (8080)
https (8443)
h1tls (8081)
