Exec: /app/erts-17.0.2/bin/erlexec -noinput +Bd -boot /app/releases/0.1.0/start -mode embedded -boot_var SYSTEM_LIB_DIR /app/lib -config /app/releases/0.1.0/sys.config -args_file /app/releases/0.1.0/vm.args -- foreground
Root: /app
/app
=ESOCK WARNING MSG==== 29-Jun-2026::11:15:13.689215 ===
[UNIX-ESSIO] Failed open sctp dynamic library: libsctp.so.1
=ERROR REPORT==== 29-Jun-2026::11:15:19.665739 ===
    reason: {case_clause,{error,closed}}
    msg: roadrunner handler crashed
    handler: roadrunner_httparena_handler
    stacktrace: [{roadrunner_httparena_handler,consume_body,2,
                     [{file,"/src/src/roadrunner_httparena_handler.erl"},
                      {line,80}]},
                 {roadrunner_httparena_handler,upload_endpoint,1,
                     [{file,"/src/src/roadrunner_httparena_handler.erl"},
                      {line,70}]},
                 {roadrunner_conn_loop,run_pipeline,4,
                     [{file,
                          "/src/_build/default/lib/roadrunner/src/roadrunner_conn_loop.erl"},
                      {line,761}]},
                 {proc_lib,init_p_do_apply,3,
                     [{file,"proc_lib.erl"},{line,333}]}]
    class: error
=ERROR REPORT==== 29-Jun-2026::11:15:19.665754 ===
    reason: {case_clause,{error,closed}}
    msg: roadrunner handler crashed
    handler: roadrunner_httparena_handler
    stacktrace: [{roadrunner_httparena_handler,consume_body,2,
                     [{file,"/src/src/roadrunner_httparena_handler.erl"},
                      {line,80}]},
                 {roadrunner_httparena_handler,upload_endpoint,1,
                     [{file,"/src/src/roadrunner_httparena_handler.erl"},
                      {line,70}]},
                 {roadrunner_conn_loop,run_pipeline,4,
                     [{file,
                          "/src/_build/default/lib/roadrunner/src/roadrunner_conn_loop.erl"},
                      {line,761}]},
                 {proc_lib,init_p_do_apply,3,
                     [{file,"proc_lib.erl"},{line,333}]}]
    class: error
=ERROR REPORT==== 29-Jun-2026::11:15:19.665765 ===
    reason: {case_clause,{error,closed}}
    msg: roadrunner handler crashed
    handler: roadrunner_httparena_handler
    stacktrace: [{roadrunner_httparena_handler,consume_body,2,
                     [{file,"/src/src/roadrunner_httparena_handler.erl"},
                      {line,80}]},
                 {roadrunner_httparena_handler,upload_endpoint,1,
                     [{file,"/src/src/roadrunner_httparena_handler.erl"},
                      {line,70}]},
                 {roadrunner_conn_loop,run_pipeline,4,
                     [{file,
                          "/src/_build/default/lib/roadrunner/src/roadrunner_conn_loop.erl"},
                      {line,761}]},
                 {proc_lib,init_p_do_apply,3,
                     [{file,"proc_lib.erl"},{line,333}]}]
    class: error
=ERROR REPORT==== 29-Jun-2026::11:15:19.665777 ===
    reason: {case_clause,{error,closed}}
    msg: roadrunner handler crashed
    handler: roadrunner_httparena_handler
    stacktrace: [{roadrunner_httparena_handler,consume_body,2,
                     [{file,"/src/src/roadrunner_httparena_handler.erl"},
                      {line,80}]},
                 {roadrunner_httparena_handler,upload_endpoint,1,
                     [{file,"/src/src/roadrunner_httparena_handler.erl"},
                      {line,70}]},
                 {roadrunner_conn_loop,run_pipeline,4,
                     [{file,
                          "/src/_build/default/lib/roadrunner/src/roadrunner_conn_loop.erl"},
                      {line,761}]},
                 {proc_lib,init_p_do_apply,3,
                     [{file,"proc_lib.erl"},{line,333}]}]
    class: error
=ERROR REPORT==== 29-Jun-2026::11:15:19.665842 ===
    reason: {case_clause,{error,closed}}
    msg: roadrunner handler crashed
    handler: roadrunner_httparena_handler
    stacktrace: [{roadrunner_httparena_handler,consume_body,2,
                     [{file,"/src/src/roadrunner_httparena_handler.erl"},
                      {line,80}]},
                 {roadrunner_httparena_handler,upload_endpoint,1,
                     [{file,"/src/src/roadrunner_httparena_handler.erl"},
                      {line,70}]},
                 {roadrunner_conn_loop,run_pipeline,4,
                     [{file,
                          "/src/_build/default/lib/roadrunner/src/roadrunner_conn_loop.erl"},
                      {line,761}]},
                 {proc_lib,init_p_do_apply,3,
                     [{file,"proc_lib.erl"},{line,333}]}]
    class: error
=ERROR REPORT==== 29-Jun-2026::11:15:19.665823 ===
    reason: {case_clause,{error,closed}}
    msg: roadrunner handler crashed
    handler: roadrunner_httparena_handler
    stacktrace: [{roadrunner_httparena_handler,consume_body,2,
                     [{file,"/src/src/roadrunner_httparena_handler.erl"},
                      {line,80}]},
                 {roadrunner_httparena_handler,upload_endpoint,1,
                     [{file,"/src/src/roadrunner_httparena_handler.erl"},
                      {line,70}]},
                 {roadrunner_conn_loop,run_pipeline,4,
                     [{file,
                          "/src/_build/default/lib/roadrunner/src/roadrunner_conn_loop.erl"},
                      {line,761}]},
                 {proc_lib,init_p_do_apply,3,
                     [{file,"proc_lib.erl"},{line,333}]}]
    class: error
=ERROR REPORT==== 29-Jun-2026::11:15:19.665791 ===
    reason: {case_clause,{error,closed}}
    msg: roadrunner handler crashed
    handler: roadrunner_httparena_handler
    stacktrace: [{roadrunner_httparena_handler,consume_body,2,
                     [{file,"/src/src/roadrunner_httparena_handler.erl"},
                      {line,80}]},
                 {roadrunner_httparena_handler,upload_endpoint,1,
                     [{file,"/src/src/roadrunner_httparena_handler.erl"},
                      {line,70}]},
                 {roadrunner_conn_loop,run_pipeline,4,
                     [{file,
                          "/src/_build/default/lib/roadrunner/src/roadrunner_conn_loop.erl"},
                      {line,761}]},
                 {proc_lib,init_p_do_apply,3,
                     [{file,"proc_lib.erl"},{line,333}]}]
    class: error
=ERROR REPORT==== 29-Jun-2026::11:15:19.665805 ===
    reason: {case_clause,{error,closed}}
    msg: roadrunner handler crashed
    handler: roadrunner_httparena_handler
    stacktrace: [{roadrunner_httparena_handler,consume_body,2,
                     [{file,"/src/src/roadrunner_httparena_handler.erl"},
                      {line,80}]},
                 {roadrunner_httparena_handler,upload_endpoint,1,
                     [{file,"/src/src/roadrunner_httparena_handler.erl"},
                      {line,70}]},
                 {roadrunner_conn_loop,run_pipeline,4,
                     [{file,
                          "/src/_build/default/lib/roadrunner/src/roadrunner_conn_loop.erl"},
                      {line,761}]},
                 {proc_lib,init_p_do_apply,3,
                     [{file,"proc_lib.erl"},{line,333}]}]
    class: error
=ERROR REPORT==== 29-Jun-2026::11:15:19.665819 ===
    reason: {case_clause,{error,closed}}
    msg: roadrunner handler crashed
    handler: roadrunner_httparena_handler
    stacktrace: [{roadrunner_httparena_handler,consume_body,2,
                     [{file,"/src/src/roadrunner_httparena_handler.erl"},
                      {line,80}]},
                 {roadrunner_httparena_handler,upload_endpoint,1,
                     [{file,"/src/src/roadrunner_httparena_handler.erl"},
                      {line,70}]},
                 {roadrunner_conn_loop,run_pipeline,4,
                     [{file,
                          "/src/_build/default/lib/roadrunner/src/roadrunner_conn_loop.erl"},
                      {line,761}]},
                 {proc_lib,init_p_do_apply,3,
                     [{file,"proc_lib.erl"},{line,333}]}]
    class: error
=ERROR REPORT==== 29-Jun-2026::11:15:19.665886 ===
    reason: {case_clause,{error,closed}}
    msg: roadrunner handler crashed
    handler: roadrunner_httparena_handler
    stacktrace: [{roadrunner_httparena_handler,consume_body,2,
                     [{file,"/src/src/roadrunner_httparena_handler.erl"},
                      {line,80}]},
                 {roadrunner_httparena_handler,upload_endpoint,1,
                     [{file,"/src/src/roadrunner_httparena_handler.erl"},
                      {line,70}]},
                 {roadrunner_conn_loop,run_pipeline,4,
                     [{file,
                          "/src/_build/default/lib/roadrunner/src/roadrunner_conn_loop.erl"},
                      {line,761}]},
                 {proc_lib,init_p_do_apply,3,
                     [{file,"proc_lib.erl"},{line,333}]}]
    class: error
=ERROR REPORT==== 29-Jun-2026::11:15:19.665894 ===
    reason: {case_clause,{error,closed}}
    msg: roadrunner handler crashed
    handler: roadrunner_httparena_handler
    stacktrace: [{roadrunner_httparena_handler,consume_body,2,
                     [{file,"/src/src/roadrunner_httparena_handler.erl"},
                      {line,80}]},
                 {roadrunner_httparena_handler,upload_endpoint,1,
                     [{file,"/src/src/roadrunner_httparena_handler.erl"},
                      {line,70}]},
                 {roadrunner_conn_loop,run_pipeline,4,
                     [{file,
                          "/src/_build/default/lib/roadrunner/src/roadrunner_conn_loop.erl"},
                      {line,761}]},
                 {proc_lib,init_p_do_apply,3,
                     [{file,"proc_lib.erl"},{line,333}]}]
    class: error
=ERROR REPORT==== 29-Jun-2026::11:15:19.665925 ===
    reason: {case_clause,{error,closed}}
    msg: roadrunner handler crashed
    handler: roadrunner_httparena_handler
    stacktrace: [{roadrunner_httparena_handler,consume_body,2,
                     [{file,"/src/src/roadrunner_httparena_handler.erl"},
                      {line,80}]},
                 {roadrunner_httparena_handler,upload_endpoint,1,
                     [{file,"/src/src/roadrunner_httparena_handler.erl"},
                      {line,70}]},
                 {roadrunner_conn_loop,run_pipeline,4,
                     [{file,
                          "/src/_build/default/lib/roadrunner/src/roadrunner_conn_loop.erl"},
                      {line,761}]},
                 {proc_lib,init_p_do_apply,3,
                     [{file,"proc_lib.erl"},{line,333}]}]
    class: error
=ERROR REPORT==== 29-Jun-2026::11:15:19.665861 ===
    reason: {case_clause,{error,closed}}
    msg: roadrunner handler crashed
    handler: roadrunner_httparena_handler
    stacktrace: [{roadrunner_httparena_handler,consume_body,2,
                     [{file,"/src/src/roadrunner_httparena_handler.erl"},
                      {line,80}]},
                 {roadrunner_httparena_handler,upload_endpoint,1,
                     [{file,"/src/src/roadrunner_httparena_handler.erl"},
                      {line,70}]},
                 {roadrunner_conn_loop,run_pipeline,4,
                     [{file,
                          "/src/_build/default/lib/roadrunner/src/roadrunner_conn_loop.erl"},
                      {line,761}]},
                 {proc_lib,init_p_do_apply,3,
                     [{file,"proc_lib.erl"},{line,333}]}]
    class: error
=ERROR REPORT==== 29-Jun-2026::11:15:19.665917 ===
    reason: {case_clause,{error,closed}}
    msg: roadrunner handler crashed
    handler: roadrunner_httparena_handler
    stacktrace: [{roadrunner_httparena_handler,consume_body,2,
                     [{file,"/src/src/roadrunner_httparena_handler.erl"},
                      {line,80}]},
                 {roadrunner_httparena_handler,upload_endpoint,1,
                     [{file,"/src/src/roadrunner_httparena_handler.erl"},
                      {line,70}]},
                 {roadrunner_conn_loop,run_pipeline,4,
                     [{file,
                          "/src/_build/default/lib/roadrunner/src/roadrunner_conn_loop.erl"},
                      {line,761}]},
                 {proc_lib,init_p_do_apply,3,
                     [{file,"proc_lib.erl"},{line,333}]}]
    class: error
=ERROR REPORT==== 29-Jun-2026::11:15:19.665901 ===
    reason: {case_clause,{error,closed}}
    msg: roadrunner handler crashed
    handler: roadrunner_httparena_handler
    stacktrace: [{roadrunner_httparena_handler,consume_body,2,
                     [{file,"/src/src/roadrunner_httparena_handler.erl"},
                      {line,80}]},
                 {roadrunner_httparena_handler,upload_endpoint,1,
                     [{file,"/src/src/roadrunner_httparena_handler.erl"},
                      {line,70}]},
                 {roadrunner_conn_loop,run_pipeline,4,
                     [{file,
                          "/src/_build/default/lib/roadrunner/src/roadrunner_conn_loop.erl"},
                      {line,761}]},
                 {proc_lib,init_p_do_apply,3,
                     [{file,"proc_lib.erl"},{line,333}]}]
    class: error
=ERROR REPORT==== 29-Jun-2026::11:15:19.665980 ===
    reason: {case_clause,{error,closed}}
    msg: roadrunner handler crashed
    handler: roadrunner_httparena_handler
    stacktrace: [{roadrunner_httparena_handler,consume_body,2,
                     [{file,"/src/src/roadrunner_httparena_handler.erl"},
                      {line,80}]},
                 {roadrunner_httparena_handler,upload_endpoint,1,
                     [{file,"/src/src/roadrunner_httparena_handler.erl"},
                      {line,70}]},
                 {roadrunner_conn_loop,run_pipeline,4,
                     [{file,
                          "/src/_build/default/lib/roadrunner/src/roadrunner_conn_loop.erl"},
                      {line,761}]},
                 {proc_lib,init_p_do_apply,3,
                     [{file,"proc_lib.erl"},{line,333}]}]
    class: error
=ERROR REPORT==== 29-Jun-2026::11:15:19.665960 ===
    reason: {case_clause,{error,closed}}
    msg: roadrunner handler crashed
    handler: roadrunner_httparena_handler
    stacktrace: [{roadrunner_httparena_handler,consume_body,2,
                     [{file,"/src/src/roadrunner_httparena_handler.erl"},
                      {line,80}]},
                 {roadrunner_httparena_handler,upload_endpoint,1,
                     [{file,"/src/src/roadrunner_httparena_handler.erl"},
                      {line,70}]},
                 {roadrunner_conn_loop,run_pipeline,4,
                     [{file,
                          "/src/_build/default/lib/roadrunner/src/roadrunner_conn_loop.erl"},
                      {line,761}]},
                 {proc_lib,init_p_do_apply,3,
                     [{file,"proc_lib.erl"},{line,333}]}]
    class: error
=ERROR REPORT==== 29-Jun-2026::11:15:19.665877 ===
    reason: {case_clause,{error,closed}}
    msg: roadrunner handler crashed
    handler: roadrunner_httparena_handler
    stacktrace: [{roadrunner_httparena_handler,consume_body,2,
                     [{file,"/src/src/roadrunner_httparena_handler.erl"},
                      {line,80}]},
                 {roadrunner_httparena_handler,upload_endpoint,1,
                     [{file,"/src/src/roadrunner_httparena_handler.erl"},
                      {line,70}]},
                 {roadrunner_conn_loop,run_pipeline,4,
                     [{file,
                          "/src/_build/default/lib/roadrunner/src/roadrunner_conn_loop.erl"},
                      {line,761}]},
                 {proc_lib,init_p_do_apply,3,
                     [{file,"proc_lib.erl"},{line,333}]}]
    class: error
=ERROR REPORT==== 29-Jun-2026::11:15:19.665952 ===
    reason: {case_clause,{error,closed}}
    msg: roadrunner handler crashed
    handler: roadrunner_httparena_handler
    stacktrace: [{roadrunner_httparena_handler,consume_body,2,
                     [{file,"/src/src/roadrunner_httparena_handler.erl"},
                      {line,80}]},
                 {roadrunner_httparena_handler,upload_endpoint,1,
                     [{file,"/src/src/roadrunner_httparena_handler.erl"},
                      {line,70}]},
                 {roadrunner_conn_loop,run_pipeline,4,
                     [{file,
                          "/src/_build/default/lib/roadrunner/src/roadrunner_conn_loop.erl"},
                      {line,761}]},
                 {proc_lib,init_p_do_apply,3,
                     [{file,"proc_lib.erl"},{line,333}]}]
    class: error
=ERROR REPORT==== 29-Jun-2026::11:15:19.665988 ===
    reason: {case_clause,{error,closed}}
    msg: roadrunner handler crashed
    handler: roadrunner_httparena_handler
    stacktrace: [{roadrunner_httparena_handler,consume_body,2,
                     [{file,"/src/src/roadrunner_httparena_handler.erl"},
                      {line,80}]},
                 {roadrunner_httparena_handler,upload_endpoint,1,
                     [{file,"/src/src/roadrunner_httparena_handler.erl"},
                      {line,70}]},
                 {roadrunner_conn_loop,run_pipeline,4,
                     [{file,
                          "/src/_build/default/lib/roadrunner/src/roadrunner_conn_loop.erl"},
                      {line,761}]},
                 {proc_lib,init_p_do_apply,3,
                     [{file,"proc_lib.erl"},{line,333}]}]
    class: error
=ERROR REPORT==== 29-Jun-2026::11:15:19.665924 ===
    reason: {case_clause,{error,closed}}
    msg: roadrunner handler crashed
    handler: roadrunner_httparena_handler
    stacktrace: [{roadrunner_httparena_handler,consume_body,2,
                     [{file,"/src/src/roadrunner_httparena_handler.erl"},
                      {line,80}]},
                 {roadrunner_httparena_handler,upload_endpoint,1,
                     [{file,"/src/src/roadrunner_httparena_handler.erl"},
                      {line,70}]},
                 {roadrunner_conn_loop,run_pipeline,4,
                     [{file,
                          "/src/_build/default/lib/roadrunner/src/roadrunner_conn_loop.erl"},
                      {line,761}]},
                 {proc_lib,init_p_do_apply,3,
                     [{file,"proc_lib.erl"},{line,333}]}]
    class: error
=ERROR REPORT==== 29-Jun-2026::11:15:19.665969 ===
    reason: {case_clause,{error,closed}}
    msg: roadrunner handler crashed
    handler: roadrunner_httparena_handler
    stacktrace: [{roadrunner_httparena_handler,consume_body,2,
                     [{file,"/src/src/roadrunner_httparena_handler.erl"},
                      {line,80}]},
                 {roadrunner_httparena_handler,upload_endpoint,1,
                     [{file,"/src/src/roadrunner_httparena_handler.erl"},
                      {line,70}]},
                 {roadrunner_conn_loop,run_pipeline,4,
                     [{file,
                          "/src/_build/default/lib/roadrunner/src/roadrunner_conn_loop.erl"},
                      {line,761}]},
                 {proc_lib,init_p_do_apply,3,
                     [{file,"proc_lib.erl"},{line,333}]}]
    class: error
=ERROR REPORT==== 29-Jun-2026::11:15:19.666039 ===
    reason: {case_clause,{error,closed}}
    msg: roadrunner handler crashed
    handler: roadrunner_httparena_handler
    stacktrace: [{roadrunner_httparena_handler,consume_body,2,
                     [{file,"/src/src/roadrunner_httparena_handler.erl"},
                      {line,80}]},
                 {roadrunner_httparena_handler,upload_endpoint,1,
                     [{file,"/src/src/roadrunner_httparena_handler.erl"},
                      {line,70}]},
                 {roadrunner_conn_loop,run_pipeline,4,
                     [{file,
                          "/src/_build/default/lib/roadrunner/src/roadrunner_conn_loop.erl"},
                      {line,761}]},
                 {proc_lib,init_p_do_apply,3,
                     [{file,"proc_lib.erl"},{line,333}]}]
    class: error
=ERROR REPORT==== 29-Jun-2026::11:15:19.666010 ===
    reason: {case_clause,{error,closed}}
    msg: roadrunner handler crashed
    handler: roadrunner_httparena_handler
    stacktrace: [{roadrunner_httparena_handler,consume_body,2,
                     [{file,"/src/src/roadrunner_httparena_handler.erl"},
                      {line,80}]},
                 {roadrunner_httparena_handler,upload_endpoint,1,
                     [{file,"/src/src/roadrunner_httparena_handler.erl"},
                      {line,70}]},
                 {roadrunner_conn_loop,run_pipeline,4,
                     [{file,
                          "/src/_build/default/lib/roadrunner/src/roadrunner_conn_loop.erl"},
                      {line,761}]},
                 {proc_lib,init_p_do_apply,3,
                     [{file,"proc_lib.erl"},{line,333}]}]
    class: error
=ERROR REPORT==== 29-Jun-2026::11:15:19.666014 ===
    reason: {case_clause,{error,closed}}
    msg: roadrunner handler crashed
    handler: roadrunner_httparena_handler
    stacktrace: [{roadrunner_httparena_handler,consume_body,2,
                     [{file,"/src/src/roadrunner_httparena_handler.erl"},
                      {line,80}]},
                 {roadrunner_httparena_handler,upload_endpoint,1,
                     [{file,"/src/src/roadrunner_httparena_handler.erl"},
                      {line,70}]},
                 {roadrunner_conn_loop,run_pipeline,4,
                     [{file,
                          "/src/_build/default/lib/roadrunner/src/roadrunner_conn_loop.erl"},
                      {line,761}]},
                 {proc_lib,init_p_do_apply,3,
                     [{file,"proc_lib.erl"},{line,333}]}]
    class: error
=ERROR REPORT==== 29-Jun-2026::11:15:19.666074 ===
    reason: {case_clause,{error,closed}}
    msg: roadrunner handler crashed
    handler: roadrunner_httparena_handler
    stacktrace: [{roadrunner_httparena_handler,consume_body,2,
                     [{file,"/src/src/roadrunner_httparena_handler.erl"},
                      {line,80}]},
                 {roadrunner_httparena_handler,upload_endpoint,1,
                     [{file,"/src/src/roadrunner_httparena_handler.erl"},
                      {line,70}]},
                 {roadrunner_conn_loop,run_pipeline,4,
                     [{file,
                          "/src/_build/default/lib/roadrunner/src/roadrunner_conn_loop.erl"},
                      {line,761}]},
                 {proc_lib,init_p_do_apply,3,
                     [{file,"proc_lib.erl"},{line,333}]}]
    class: error
=ERROR REPORT==== 29-Jun-2026::11:15:19.666026 ===
    reason: {case_clause,{error,closed}}
    msg: roadrunner handler crashed
    handler: roadrunner_httparena_handler
    stacktrace: [{roadrunner_httparena_handler,consume_body,2,
                     [{file,"/src/src/roadrunner_httparena_handler.erl"},
                      {line,80}]},
                 {roadrunner_httparena_handler,upload_endpoint,1,
                     [{file,"/src/src/roadrunner_httparena_handler.erl"},
                      {line,70}]},
                 {roadrunner_conn_loop,run_pipeline,4,
                     [{file,
                          "/src/_build/default/lib/roadrunner/src/roadrunner_conn_loop.erl"},
                      {line,761}]},
                 {proc_lib,init_p_do_apply,3,
                     [{file,"proc_lib.erl"},{line,333}]}]
    class: error
=ERROR REPORT==== 29-Jun-2026::11:15:27.017816 ===
    reason: {case_clause,{error,closed}}
    msg: roadrunner handler crashed
    handler: roadrunner_httparena_handler
    stacktrace: [{roadrunner_httparena_handler,consume_body,2,
                     [{file,"/src/src/roadrunner_httparena_handler.erl"},
                      {line,80}]},
                 {roadrunner_httparena_handler,upload_endpoint,1,
                     [{file,"/src/src/roadrunner_httparena_handler.erl"},
                      {line,70}]},
                 {roadrunner_conn_loop,run_pipeline,4,
                     [{file,
                          "/src/_build/default/lib/roadrunner/src/roadrunner_conn_loop.erl"},
                      {line,761}]},
                 {proc_lib,init_p_do_apply,3,
                     [{file,"proc_lib.erl"},{line,333}]}]
    class: error
=ERROR REPORT==== 29-Jun-2026::11:15:27.017793 ===
    reason: {case_clause,{error,closed}}
    msg: roadrunner handler crashed
    handler: roadrunner_httparena_handler
    stacktrace: [{roadrunner_httparena_handler,consume_body,2,
                     [{file,"/src/src/roadrunner_httparena_handler.erl"},
                      {line,80}]},
                 {roadrunner_httparena_handler,upload_endpoint,1,
                     [{file,"/src/src/roadrunner_httparena_handler.erl"},
                      {line,70}]},
                 {roadrunner_conn_loop,run_pipeline,4,
                     [{file,
                          "/src/_build/default/lib/roadrunner/src/roadrunner_conn_loop.erl"},
                      {line,761}]},
                 {proc_lib,init_p_do_apply,3,
                     [{file,"proc_lib.erl"},{line,333}]}]
    class: error
=ERROR REPORT==== 29-Jun-2026::11:15:27.017832 ===
    reason: {case_clause,{error,closed}}
    msg: roadrunner handler crashed
    handler: roadrunner_httparena_handler
    stacktrace: [{roadrunner_httparena_handler,consume_body,2,
                     [{file,"/src/src/roadrunner_httparena_handler.erl"},
                      {line,80}]},
                 {roadrunner_httparena_handler,upload_endpoint,1,
                     [{file,"/src/src/roadrunner_httparena_handler.erl"},
                      {line,70}]},
                 {roadrunner_conn_loop,run_pipeline,4,
                     [{file,
                          "/src/_build/default/lib/roadrunner/src/roadrunner_conn_loop.erl"},
                      {line,761}]},
                 {proc_lib,init_p_do_apply,3,
                     [{file,"proc_lib.erl"},{line,333}]}]
    class: error
=ERROR REPORT==== 29-Jun-2026::11:15:27.017816 ===
    reason: {case_clause,{error,closed}}
    msg: roadrunner handler crashed
    handler: roadrunner_httparena_handler
    stacktrace: [{roadrunner_httparena_handler,consume_body,2,
                     [{file,"/src/src/roadrunner_httparena_handler.erl"},
                      {line,80}]},
                 {roadrunner_httparena_handler,upload_endpoint,1,
                     [{file,"/src/src/roadrunner_httparena_handler.erl"},
                      {line,70}]},
                 {roadrunner_conn_loop,run_pipeline,4,
                     [{file,
                          "/src/_build/default/lib/roadrunner/src/roadrunner_conn_loop.erl"},
                      {line,761}]},
                 {proc_lib,init_p_do_apply,3,
                     [{file,"proc_lib.erl"},{line,333}]}]
    class: error
=ERROR REPORT==== 29-Jun-2026::11:15:27.017864 ===
    reason: {case_clause,{error,closed}}
    msg: roadrunner handler crashed
    handler: roadrunner_httparena_handler
    stacktrace: [{roadrunner_httparena_handler,consume_body,2,
                     [{file,"/src/src/roadrunner_httparena_handler.erl"},
                      {line,80}]},
                 {roadrunner_httparena_handler,upload_endpoint,1,
                     [{file,"/src/src/roadrunner_httparena_handler.erl"},
                      {line,70}]},
                 {roadrunner_conn_loop,run_pipeline,4,
                     [{file,
                          "/src/_build/default/lib/roadrunner/src/roadrunner_conn_loop.erl"},
                      {line,761}]},
                 {proc_lib,init_p_do_apply,3,
                     [{file,"proc_lib.erl"},{line,333}]}]
    class: error
=ERROR REPORT==== 29-Jun-2026::11:15:27.017856 ===
    reason: {case_clause,{error,closed}}
    msg: roadrunner handler crashed
    handler: roadrunner_httparena_handler
    stacktrace: [{roadrunner_httparena_handler,consume_body,2,
                     [{file,"/src/src/roadrunner_httparena_handler.erl"},
                      {line,80}]},
                 {roadrunner_httparena_handler,upload_endpoint,1,
                     [{file,"/src/src/roadrunner_httparena_handler.erl"},
                      {line,70}]},
                 {roadrunner_conn_loop,run_pipeline,4,
                     [{file,
                          "/src/_build/default/lib/roadrunner/src/roadrunner_conn_loop.erl"},
                      {line,761}]},
                 {proc_lib,init_p_do_apply,3,
                     [{file,"proc_lib.erl"},{line,333}]}]
    class: error
=ERROR REPORT==== 29-Jun-2026::11:15:27.017838 ===
    reason: {case_clause,{error,closed}}
    msg: roadrunner handler crashed
    handler: roadrunner_httparena_handler
    stacktrace: [{roadrunner_httparena_handler,consume_body,2,
                     [{file,"/src/src/roadrunner_httparena_handler.erl"},
                      {line,80}]},
                 {roadrunner_httparena_handler,upload_endpoint,1,
                     [{file,"/src/src/roadrunner_httparena_handler.erl"},
                      {line,70}]},
                 {roadrunner_conn_loop,run_pipeline,4,
                     [{file,
                          "/src/_build/default/lib/roadrunner/src/roadrunner_conn_loop.erl"},
                      {line,761}]},
                 {proc_lib,init_p_do_apply,3,
                     [{file,"proc_lib.erl"},{line,333}]}]
    class: error
=ERROR REPORT==== 29-Jun-2026::11:15:27.017964 ===
    reason: {case_clause,{error,closed}}
    msg: roadrunner handler crashed
    handler: roadrunner_httparena_handler
    stacktrace: [{roadrunner_httparena_handler,consume_body,2,
                     [{file,"/src/src/roadrunner_httparena_handler.erl"},
                      {line,80}]},
                 {roadrunner_httparena_handler,upload_endpoint,1,
                     [{file,"/src/src/roadrunner_httparena_handler.erl"},
                      {line,70}]},
                 {roadrunner_conn_loop,run_pipeline,4,
                     [{file,
                          "/src/_build/default/lib/roadrunner/src/roadrunner_conn_loop.erl"},
                      {line,761}]},
                 {proc_lib,init_p_do_apply,3,
                     [{file,"proc_lib.erl"},{line,333}]}]
    class: error
=ERROR REPORT==== 29-Jun-2026::11:15:27.017976 ===
    reason: {case_clause,{error,closed}}
    msg: roadrunner handler crashed
    handler: roadrunner_httparena_handler
    stacktrace: [{roadrunner_httparena_handler,consume_body,2,
                     [{file,"/src/src/roadrunner_httparena_handler.erl"},
                      {line,80}]},
                 {roadrunner_httparena_handler,upload_endpoint,1,
                     [{file,"/src/src/roadrunner_httparena_handler.erl"},
                      {line,70}]},
                 {roadrunner_conn_loop,run_pipeline,4,
                     [{file,
                          "/src/_build/default/lib/roadrunner/src/roadrunner_conn_loop.erl"},
                      {line,761}]},
                 {proc_lib,init_p_do_apply,3,
                     [{file,"proc_lib.erl"},{line,333}]}]
    class: error
=ERROR REPORT==== 29-Jun-2026::11:15:27.017950 ===
    reason: {case_clause,{error,closed}}
    msg: roadrunner handler crashed
    handler: roadrunner_httparena_handler
    stacktrace: [{roadrunner_httparena_handler,consume_body,2,
                     [{file,"/src/src/roadrunner_httparena_handler.erl"},
                      {line,80}]},
                 {roadrunner_httparena_handler,upload_endpoint,1,
                     [{file,"/src/src/roadrunner_httparena_handler.erl"},
                      {line,70}]},
                 {roadrunner_conn_loop,run_pipeline,4,
                     [{file,
                          "/src/_build/default/lib/roadrunner/src/roadrunner_conn_loop.erl"},
                      {line,761}]},
                 {proc_lib,init_p_do_apply,3,
                     [{file,"proc_lib.erl"},{line,333}]}]
    class: error
=ERROR REPORT==== 29-Jun-2026::11:15:27.017941 ===
    reason: {case_clause,{error,closed}}
    msg: roadrunner handler crashed
    handler: roadrunner_httparena_handler
    stacktrace: [{roadrunner_httparena_handler,consume_body,2,
                     [{file,"/src/src/roadrunner_httparena_handler.erl"},
                      {line,80}]},
                 {roadrunner_httparena_handler,upload_endpoint,1,
                     [{file,"/src/src/roadrunner_httparena_handler.erl"},
                      {line,70}]},
                 {roadrunner_conn_loop,run_pipeline,4,
                     [{file,
                          "/src/_build/default/lib/roadrunner/src/roadrunner_conn_loop.erl"},
                      {line,761}]},
                 {proc_lib,init_p_do_apply,3,
                     [{file,"proc_lib.erl"},{line,333}]}]
    class: error
=ERROR REPORT==== 29-Jun-2026::11:15:27.017973 ===
    reason: {case_clause,{error,closed}}
    msg: roadrunner handler crashed
    handler: roadrunner_httparena_handler
    stacktrace: [{roadrunner_httparena_handler,consume_body,2,
                     [{file,"/src/src/roadrunner_httparena_handler.erl"},
                      {line,80}]},
                 {roadrunner_httparena_handler,upload_endpoint,1,
                     [{file,"/src/src/roadrunner_httparena_handler.erl"},
                      {line,70}]},
                 {roadrunner_conn_loop,run_pipeline,4,
                     [{file,
                          "/src/_build/default/lib/roadrunner/src/roadrunner_conn_loop.erl"},
                      {line,761}]},
                 {proc_lib,init_p_do_apply,3,
                     [{file,"proc_lib.erl"},{line,333}]}]
    class: error
=ERROR REPORT==== 29-Jun-2026::11:15:27.017980 ===
    reason: {case_clause,{error,closed}}
    msg: roadrunner handler crashed
    handler: roadrunner_httparena_handler
    stacktrace: [{roadrunner_httparena_handler,consume_body,2,
                     [{file,"/src/src/roadrunner_httparena_handler.erl"},
                      {line,80}]},
                 {roadrunner_httparena_handler,upload_endpoint,1,
                     [{file,"/src/src/roadrunner_httparena_handler.erl"},
                      {line,70}]},
                 {roadrunner_conn_loop,run_pipeline,4,
                     [{file,
                          "/src/_build/default/lib/roadrunner/src/roadrunner_conn_loop.erl"},
                      {line,761}]},
                 {proc_lib,init_p_do_apply,3,
                     [{file,"proc_lib.erl"},{line,333}]}]
    class: error
=ERROR REPORT==== 29-Jun-2026::11:15:27.018001 ===
    reason: {case_clause,{error,closed}}
    msg: roadrunner handler crashed
    handler: roadrunner_httparena_handler
    stacktrace: [{roadrunner_httparena_handler,consume_body,2,
                     [{file,"/src/src/roadrunner_httparena_handler.erl"},
                      {line,80}]},
                 {roadrunner_httparena_handler,upload_endpoint,1,
                     [{file,"/src/src/roadrunner_httparena_handler.erl"},
                      {line,70}]},
                 {roadrunner_conn_loop,run_pipeline,4,
                     [{file,
                          "/src/_build/default/lib/roadrunner/src/roadrunner_conn_loop.erl"},
                      {line,761}]},
                 {proc_lib,init_p_do_apply,3,
                     [{file,"proc_lib.erl"},{line,333}]}]
    class: error
=ERROR REPORT==== 29-Jun-2026::11:15:27.018001 ===
    reason: {case_clause,{error,closed}}
    msg: roadrunner handler crashed
    handler: roadrunner_httparena_handler
    stacktrace: [{roadrunner_httparena_handler,consume_body,2,
                     [{file,"/src/src/roadrunner_httparena_handler.erl"},
                      {line,80}]},
                 {roadrunner_httparena_handler,upload_endpoint,1,
                     [{file,"/src/src/roadrunner_httparena_handler.erl"},
                      {line,70}]},
                 {roadrunner_conn_loop,run_pipeline,4,
                     [{file,
                          "/src/_build/default/lib/roadrunner/src/roadrunner_conn_loop.erl"},
                      {line,761}]},
                 {proc_lib,init_p_do_apply,3,
                     [{file,"proc_lib.erl"},{line,333}]}]
    class: error
=ERROR REPORT==== 29-Jun-2026::11:15:27.018026 ===
    reason: {case_clause,{error,closed}}
    msg: roadrunner handler crashed
    handler: roadrunner_httparena_handler
    stacktrace: [{roadrunner_httparena_handler,consume_body,2,
                     [{file,"/src/src/roadrunner_httparena_handler.erl"},
                      {line,80}]},
                 {roadrunner_httparena_handler,upload_endpoint,1,
                     [{file,"/src/src/roadrunner_httparena_handler.erl"},
                      {line,70}]},
                 {roadrunner_conn_loop,run_pipeline,4,
                     [{file,
                          "/src/_build/default/lib/roadrunner/src/roadrunner_conn_loop.erl"},
                      {line,761}]},
                 {proc_lib,init_p_do_apply,3,
                     [{file,"proc_lib.erl"},{line,333}]}]
    class: error
=ERROR REPORT==== 29-Jun-2026::11:15:27.018023 ===
    reason: {case_clause,{error,closed}}
    msg: roadrunner handler crashed
    handler: roadrunner_httparena_handler
    stacktrace: [{roadrunner_httparena_handler,consume_body,2,
                     [{file,"/src/src/roadrunner_httparena_handler.erl"},
                      {line,80}]},
                 {roadrunner_httparena_handler,upload_endpoint,1,
                     [{file,"/src/src/roadrunner_httparena_handler.erl"},
                      {line,70}]},
                 {roadrunner_conn_loop,run_pipeline,4,
                     [{file,
                          "/src/_build/default/lib/roadrunner/src/roadrunner_conn_loop.erl"},
                      {line,761}]},
                 {proc_lib,init_p_do_apply,3,
                     [{file,"proc_lib.erl"},{line,333}]}]
    class: error
=ERROR REPORT==== 29-Jun-2026::11:15:27.018058 ===
    reason: {case_clause,{error,closed}}
    msg: roadrunner handler crashed
    handler: roadrunner_httparena_handler
    stacktrace: [{roadrunner_httparena_handler,consume_body,2,
                     [{file,"/src/src/roadrunner_httparena_handler.erl"},
                      {line,80}]},
                 {roadrunner_httparena_handler,upload_endpoint,1,
                     [{file,"/src/src/roadrunner_httparena_handler.erl"},
                      {line,70}]},
                 {roadrunner_conn_loop,run_pipeline,4,
                     [{file,
                          "/src/_build/default/lib/roadrunner/src/roadrunner_conn_loop.erl"},
                      {line,761}]},
                 {proc_lib,init_p_do_apply,3,
                     [{file,"proc_lib.erl"},{line,333}]}]
    class: error
=ERROR REPORT==== 29-Jun-2026::11:15:27.018021 ===
    reason: {case_clause,{error,closed}}
    msg: roadrunner handler crashed
    handler: roadrunner_httparena_handler
    stacktrace: [{roadrunner_httparena_handler,consume_body,2,
                     [{file,"/src/src/roadrunner_httparena_handler.erl"},
                      {line,80}]},
                 {roadrunner_httparena_handler,upload_endpoint,1,
                     [{file,"/src/src/roadrunner_httparena_handler.erl"},
                      {line,70}]},
                 {roadrunner_conn_loop,run_pipeline,4,
                     [{file,
                          "/src/_build/default/lib/roadrunner/src/roadrunner_conn_loop.erl"},
                      {line,761}]},
                 {proc_lib,init_p_do_apply,3,
                     [{file,"proc_lib.erl"},{line,333}]}]
    class: error
=ERROR REPORT==== 29-Jun-2026::11:15:27.018062 ===
    reason: {case_clause,{error,closed}}
    msg: roadrunner handler crashed
    handler: roadrunner_httparena_handler
    stacktrace: [{roadrunner_httparena_handler,consume_body,2,
                     [{file,"/src/src/roadrunner_httparena_handler.erl"},
                      {line,80}]},
                 {roadrunner_httparena_handler,upload_endpoint,1,
                     [{file,"/src/src/roadrunner_httparena_handler.erl"},
                      {line,70}]},
                 {roadrunner_conn_loop,run_pipeline,4,
                     [{file,
                          "/src/_build/default/lib/roadrunner/src/roadrunner_conn_loop.erl"},
                      {line,761}]},
                 {proc_lib,init_p_do_apply,3,
                     [{file,"proc_lib.erl"},{line,333}]}]
    class: error
=ERROR REPORT==== 29-Jun-2026::11:15:27.018003 ===
    reason: {case_clause,{error,closed}}
    msg: roadrunner handler crashed
    handler: roadrunner_httparena_handler
    stacktrace: [{roadrunner_httparena_handler,consume_body,2,
                     [{file,"/src/src/roadrunner_httparena_handler.erl"},
                      {line,80}]},
                 {roadrunner_httparena_handler,upload_endpoint,1,
                     [{file,"/src/src/roadrunner_httparena_handler.erl"},
                      {line,70}]},
                 {roadrunner_conn_loop,run_pipeline,4,
                     [{file,
                          "/src/_build/default/lib/roadrunner/src/roadrunner_conn_loop.erl"},
                      {line,761}]},
                 {proc_lib,init_p_do_apply,3,
                     [{file,"proc_lib.erl"},{line,333}]}]
    class: error
=ERROR REPORT==== 29-Jun-2026::11:15:27.018098 ===
    reason: {case_clause,{error,closed}}
    msg: roadrunner handler crashed
    handler: roadrunner_httparena_handler
    stacktrace: [{roadrunner_httparena_handler,consume_body,2,
                     [{file,"/src/src/roadrunner_httparena_handler.erl"},
                      {line,80}]},
                 {roadrunner_httparena_handler,upload_endpoint,1,
                     [{file,"/src/src/roadrunner_httparena_handler.erl"},
                      {line,70}]},
                 {roadrunner_conn_loop,run_pipeline,4,
                     [{file,
                          "/src/_build/default/lib/roadrunner/src/roadrunner_conn_loop.erl"},
                      {line,761}]},
                 {proc_lib,init_p_do_apply,3,
                     [{file,"proc_lib.erl"},{line,333}]}]
    class: error
=ERROR REPORT==== 29-Jun-2026::11:15:27.018120 ===
    reason: {case_clause,{error,closed}}
    msg: roadrunner handler crashed
    handler: roadrunner_httparena_handler
    stacktrace: [{roadrunner_httparena_handler,consume_body,2,
                     [{file,"/src/src/roadrunner_httparena_handler.erl"},
                      {line,80}]},
                 {roadrunner_httparena_handler,upload_endpoint,1,
                     [{file,"/src/src/roadrunner_httparena_handler.erl"},
                      {line,70}]},
                 {roadrunner_conn_loop,run_pipeline,4,
                     [{file,
                          "/src/_build/default/lib/roadrunner/src/roadrunner_conn_loop.erl"},
                      {line,761}]},
                 {proc_lib,init_p_do_apply,3,
                     [{file,"proc_lib.erl"},{line,333}]}]
    class: error
=ERROR REPORT==== 29-Jun-2026::11:15:27.018095 ===
    reason: {case_clause,{error,closed}}
    msg: roadrunner handler crashed
    handler: roadrunner_httparena_handler
    stacktrace: [{roadrunner_httparena_handler,consume_body,2,
                     [{file,"/src/src/roadrunner_httparena_handler.erl"},
                      {line,80}]},
                 {roadrunner_httparena_handler,upload_endpoint,1,
                     [{file,"/src/src/roadrunner_httparena_handler.erl"},
                      {line,70}]},
                 {roadrunner_conn_loop,run_pipeline,4,
                     [{file,
                          "/src/_build/default/lib/roadrunner/src/roadrunner_conn_loop.erl"},
                      {line,761}]},
                 {proc_lib,init_p_do_apply,3,
                     [{file,"proc_lib.erl"},{line,333}]}]
    class: error
=ERROR REPORT==== 29-Jun-2026::11:15:27.018126 ===
    reason: {case_clause,{error,closed}}
    msg: roadrunner handler crashed
    handler: roadrunner_httparena_handler
    stacktrace: [{roadrunner_httparena_handler,consume_body,2,
                     [{file,"/src/src/roadrunner_httparena_handler.erl"},
                      {line,80}]},
                 {roadrunner_httparena_handler,upload_endpoint,1,
                     [{file,"/src/src/roadrunner_httparena_handler.erl"},
                      {line,70}]},
                 {roadrunner_conn_loop,run_pipeline,4,
                     [{file,
                          "/src/_build/default/lib/roadrunner/src/roadrunner_conn_loop.erl"},
                      {line,761}]},
                 {proc_lib,init_p_do_apply,3,
                     [{file,"proc_lib.erl"},{line,333}]}]
    class: error
=ERROR REPORT==== 29-Jun-2026::11:15:27.017849 ===
    reason: {case_clause,{error,closed}}
    msg: roadrunner handler crashed
    handler: roadrunner_httparena_handler
    stacktrace: [{roadrunner_httparena_handler,consume_body,2,
                     [{file,"/src/src/roadrunner_httparena_handler.erl"},
                      {line,80}]},
                 {roadrunner_httparena_handler,upload_endpoint,1,
                     [{file,"/src/src/roadrunner_httparena_handler.erl"},
                      {line,70}]},
                 {roadrunner_conn_loop,run_pipeline,4,
                     [{file,
                          "/src/_build/default/lib/roadrunner/src/roadrunner_conn_loop.erl"},
                      {line,761}]},
                 {proc_lib,init_p_do_apply,3,
                     [{file,"proc_lib.erl"},{line,333}]}]
    class: error
=ERROR REPORT==== 29-Jun-2026::11:15:27.018094 ===
    reason: {case_clause,{error,closed}}
    msg: roadrunner handler crashed
    handler: roadrunner_httparena_handler
    stacktrace: [{roadrunner_httparena_handler,consume_body,2,
                     [{file,"/src/src/roadrunner_httparena_handler.erl"},
                      {line,80}]},
                 {roadrunner_httparena_handler,upload_endpoint,1,
                     [{file,"/src/src/roadrunner_httparena_handler.erl"},
                      {line,70}]},
                 {roadrunner_conn_loop,run_pipeline,4,
                     [{file,
                          "/src/_build/default/lib/roadrunner/src/roadrunner_conn_loop.erl"},
                      {line,761}]},
                 {proc_lib,init_p_do_apply,3,
                     [{file,"proc_lib.erl"},{line,333}]}]
    class: error
=ERROR REPORT==== 29-Jun-2026::11:15:34.368894 ===
    reason: {case_clause,{error,closed}}
    msg: roadrunner handler crashed
    handler: roadrunner_httparena_handler
    stacktrace: [{roadrunner_httparena_handler,consume_body,2,
                     [{file,"/src/src/roadrunner_httparena_handler.erl"},
                      {line,80}]},
                 {roadrunner_httparena_handler,upload_endpoint,1,
                     [{file,"/src/src/roadrunner_httparena_handler.erl"},
                      {line,70}]},
                 {roadrunner_conn_loop,run_pipeline,4,
                     [{file,
                          "/src/_build/default/lib/roadrunner/src/roadrunner_conn_loop.erl"},
                      {line,761}]},
                 {proc_lib,init_p_do_apply,3,
                     [{file,"proc_lib.erl"},{line,333}]}]
    class: error
=ERROR REPORT==== 29-Jun-2026::11:15:34.368917 ===
    reason: {case_clause,{error,closed}}
    msg: roadrunner handler crashed
    handler: roadrunner_httparena_handler
    stacktrace: [{roadrunner_httparena_handler,consume_body,2,
                     [{file,"/src/src/roadrunner_httparena_handler.erl"},
                      {line,80}]},
                 {roadrunner_httparena_handler,upload_endpoint,1,
                     [{file,"/src/src/roadrunner_httparena_handler.erl"},
                      {line,70}]},
                 {roadrunner_conn_loop,run_pipeline,4,
                     [{file,
                          "/src/_build/default/lib/roadrunner/src/roadrunner_conn_loop.erl"},
                      {line,761}]},
                 {proc_lib,init_p_do_apply,3,
                     [{file,"proc_lib.erl"},{line,333}]}]
    class: error
=ERROR REPORT==== 29-Jun-2026::11:15:34.368876 ===
    reason: {case_clause,{error,closed}}
    msg: roadrunner handler crashed
    handler: roadrunner_httparena_handler
    stacktrace: [{roadrunner_httparena_handler,consume_body,2,
                     [{file,"/src/src/roadrunner_httparena_handler.erl"},
                      {line,80}]},
                 {roadrunner_httparena_handler,upload_endpoint,1,
                     [{file,"/src/src/roadrunner_httparena_handler.erl"},
                      {line,70}]},
                 {roadrunner_conn_loop,run_pipeline,4,
                     [{file,
                          "/src/_build/default/lib/roadrunner/src/roadrunner_conn_loop.erl"},
                      {line,761}]},
                 {proc_lib,init_p_do_apply,3,
                     [{file,"proc_lib.erl"},{line,333}]}]
    class: error
=ERROR REPORT==== 29-Jun-2026::11:15:34.368871 ===
    reason: {case_clause,{error,closed}}
    msg: roadrunner handler crashed
    handler: roadrunner_httparena_handler
    stacktrace: [{roadrunner_httparena_handler,consume_body,2,
                     [{file,"/src/src/roadrunner_httparena_handler.erl"},
                      {line,80}]},
                 {roadrunner_httparena_handler,upload_endpoint,1,
                     [{file,"/src/src/roadrunner_httparena_handler.erl"},
                      {line,70}]},
                 {roadrunner_conn_loop,run_pipeline,4,
                     [{file,
                          "/src/_build/default/lib/roadrunner/src/roadrunner_conn_loop.erl"},
                      {line,761}]},
                 {proc_lib,init_p_do_apply,3,
                     [{file,"proc_lib.erl"},{line,333}]}]
    class: error
=ERROR REPORT==== 29-Jun-2026::11:15:34.368935 ===
    reason: {case_clause,{error,closed}}
    msg: roadrunner handler crashed
    handler: roadrunner_httparena_handler
    stacktrace: [{roadrunner_httparena_handler,consume_body,2,
                     [{file,"/src/src/roadrunner_httparena_handler.erl"},
                      {line,80}]},
                 {roadrunner_httparena_handler,upload_endpoint,1,
                     [{file,"/src/src/roadrunner_httparena_handler.erl"},
                      {line,70}]},
                 {roadrunner_conn_loop,run_pipeline,4,
                     [{file,
                          "/src/_build/default/lib/roadrunner/src/roadrunner_conn_loop.erl"},
                      {line,761}]},
                 {proc_lib,init_p_do_apply,3,
                     [{file,"proc_lib.erl"},{line,333}]}]
    class: error
=ERROR REPORT==== 29-Jun-2026::11:15:34.368983 ===
    reason: {case_clause,{error,closed}}
    msg: roadrunner handler crashed
    handler: roadrunner_httparena_handler
    stacktrace: [{roadrunner_httparena_handler,consume_body,2,
                     [{file,"/src/src/roadrunner_httparena_handler.erl"},
                      {line,80}]},
                 {roadrunner_httparena_handler,upload_endpoint,1,
                     [{file,"/src/src/roadrunner_httparena_handler.erl"},
                      {line,70}]},
                 {roadrunner_conn_loop,run_pipeline,4,
                     [{file,
                          "/src/_build/default/lib/roadrunner/src/roadrunner_conn_loop.erl"},
                      {line,761}]},
                 {proc_lib,init_p_do_apply,3,
                     [{file,"proc_lib.erl"},{line,333}]}]
    class: error
=ERROR REPORT==== 29-Jun-2026::11:15:34.368969 ===
    reason: {case_clause,{error,closed}}
    msg: roadrunner handler crashed
    handler: roadrunner_httparena_handler
    stacktrace: [{roadrunner_httparena_handler,consume_body,2,
                     [{file,"/src/src/roadrunner_httparena_handler.erl"},
                      {line,80}]},
                 {roadrunner_httparena_handler,upload_endpoint,1,
                     [{file,"/src/src/roadrunner_httparena_handler.erl"},
                      {line,70}]},
                 {roadrunner_conn_loop,run_pipeline,4,
                     [{file,
                          "/src/_build/default/lib/roadrunner/src/roadrunner_conn_loop.erl"},
                      {line,761}]},
                 {proc_lib,init_p_do_apply,3,
                     [{file,"proc_lib.erl"},{line,333}]}]
    class: error
=ERROR REPORT==== 29-Jun-2026::11:15:34.368946 ===
    reason: {case_clause,{error,closed}}
    msg: roadrunner handler crashed
    handler: roadrunner_httparena_handler
    stacktrace: [{roadrunner_httparena_handler,consume_body,2,
                     [{file,"/src/src/roadrunner_httparena_handler.erl"},
                      {line,80}]},
                 {roadrunner_httparena_handler,upload_endpoint,1,
                     [{file,"/src/src/roadrunner_httparena_handler.erl"},
                      {line,70}]},
                 {roadrunner_conn_loop,run_pipeline,4,
                     [{file,
                          "/src/_build/default/lib/roadrunner/src/roadrunner_conn_loop.erl"},
                      {line,761}]},
                 {proc_lib,init_p_do_apply,3,
                     [{file,"proc_lib.erl"},{line,333}]}]
    class: error
=ERROR REPORT==== 29-Jun-2026::11:15:34.368990 ===
    reason: {case_clause,{error,closed}}
    msg: roadrunner handler crashed
    handler: roadrunner_httparena_handler
    stacktrace: [{roadrunner_httparena_handler,consume_body,2,
                     [{file,"/src/src/roadrunner_httparena_handler.erl"},
                      {line,80}]},
                 {roadrunner_httparena_handler,upload_endpoint,1,
                     [{file,"/src/src/roadrunner_httparena_handler.erl"},
                      {line,70}]},
                 {roadrunner_conn_loop,run_pipeline,4,
                     [{file,
                          "/src/_build/default/lib/roadrunner/src/roadrunner_conn_loop.erl"},
                      {line,761}]},
                 {proc_lib,init_p_do_apply,3,
                     [{file,"proc_lib.erl"},{line,333}]}]
    class: error
=ERROR REPORT==== 29-Jun-2026::11:15:34.368972 ===
    reason: {case_clause,{error,closed}}
    msg: roadrunner handler crashed
    handler: roadrunner_httparena_handler
    stacktrace: [{roadrunner_httparena_handler,consume_body,2,
                     [{file,"/src/src/roadrunner_httparena_handler.erl"},
                      {line,80}]},
                 {roadrunner_httparena_handler,upload_endpoint,1,
                     [{file,"/src/src/roadrunner_httparena_handler.erl"},
                      {line,70}]},
                 {roadrunner_conn_loop,run_pipeline,4,
                     [{file,
                          "/src/_build/default/lib/roadrunner/src/roadrunner_conn_loop.erl"},
                      {line,761}]},
                 {proc_lib,init_p_do_apply,3,
                     [{file,"proc_lib.erl"},{line,333}]}]
    class: error
=ERROR REPORT==== 29-Jun-2026::11:15:34.368959 ===
    reason: {case_clause,{error,closed}}
    msg: roadrunner handler crashed
    handler: roadrunner_httparena_handler
    stacktrace: [{roadrunner_httparena_handler,consume_body,2,
                     [{file,"/src/src/roadrunner_httparena_handler.erl"},
                      {line,80}]},
                 {roadrunner_httparena_handler,upload_endpoint,1,
                     [{file,"/src/src/roadrunner_httparena_handler.erl"},
                      {line,70}]},
                 {roadrunner_conn_loop,run_pipeline,4,
                     [{file,
                          "/src/_build/default/lib/roadrunner/src/roadrunner_conn_loop.erl"},
                      {line,761}]},
                 {proc_lib,init_p_do_apply,3,
                     [{file,"proc_lib.erl"},{line,333}]}]
    class: error
=ERROR REPORT==== 29-Jun-2026::11:15:34.368987 ===
    reason: {case_clause,{error,closed}}
    msg: roadrunner handler crashed
    handler: roadrunner_httparena_handler
    stacktrace: [{roadrunner_httparena_handler,consume_body,2,
                     [{file,"/src/src/roadrunner_httparena_handler.erl"},
                      {line,80}]},
                 {roadrunner_httparena_handler,upload_endpoint,1,
                     [{file,"/src/src/roadrunner_httparena_handler.erl"},
                      {line,70}]},
                 {roadrunner_conn_loop,run_pipeline,4,
                     [{file,
                          "/src/_build/default/lib/roadrunner/src/roadrunner_conn_loop.erl"},
                      {line,761}]},
                 {proc_lib,init_p_do_apply,3,
                     [{file,"proc_lib.erl"},{line,333}]}]
    class: error
=ERROR REPORT==== 29-Jun-2026::11:15:34.369098 ===
    reason: {case_clause,{error,closed}}
    msg: roadrunner handler crashed
    handler: roadrunner_httparena_handler
    stacktrace: [{roadrunner_httparena_handler,consume_body,2,
                     [{file,"/src/src/roadrunner_httparena_handler.erl"},
                      {line,80}]},
                 {roadrunner_httparena_handler,upload_endpoint,1,
                     [{file,"/src/src/roadrunner_httparena_handler.erl"},
                      {line,70}]},
                 {roadrunner_conn_loop,run_pipeline,4,
                     [{file,
                          "/src/_build/default/lib/roadrunner/src/roadrunner_conn_loop.erl"},
                      {line,761}]},
                 {proc_lib,init_p_do_apply,3,
                     [{file,"proc_lib.erl"},{line,333}]}]
    class: error
=ERROR REPORT==== 29-Jun-2026::11:15:34.369124 ===
    reason: {case_clause,{error,closed}}
    msg: roadrunner handler crashed
    handler: roadrunner_httparena_handler
    stacktrace: [{roadrunner_httparena_handler,consume_body,2,
                     [{file,"/src/src/roadrunner_httparena_handler.erl"},
                      {line,80}]},
                 {roadrunner_httparena_handler,upload_endpoint,1,
                     [{file,"/src/src/roadrunner_httparena_handler.erl"},
                      {line,70}]},
                 {roadrunner_conn_loop,run_pipeline,4,
                     [{file,
                          "/src/_build/default/lib/roadrunner/src/roadrunner_conn_loop.erl"},
                      {line,761}]},
                 {proc_lib,init_p_do_apply,3,
                     [{file,"proc_lib.erl"},{line,333}]}]
    class: error
=ERROR REPORT==== 29-Jun-2026::11:15:34.369043 ===
    reason: {case_clause,{error,closed}}
    msg: roadrunner handler crashed
    handler: roadrunner_httparena_handler
    stacktrace: [{roadrunner_httparena_handler,consume_body,2,
                     [{file,"/src/src/roadrunner_httparena_handler.erl"},
                      {line,80}]},
                 {roadrunner_httparena_handler,upload_endpoint,1,
                     [{file,"/src/src/roadrunner_httparena_handler.erl"},
                      {line,70}]},
                 {roadrunner_conn_loop,run_pipeline,4,
                     [{file,
                          "/src/_build/default/lib/roadrunner/src/roadrunner_conn_loop.erl"},
                      {line,761}]},
                 {proc_lib,init_p_do_apply,3,
                     [{file,"proc_lib.erl"},{line,333}]}]
    class: error
=ERROR REPORT==== 29-Jun-2026::11:15:34.369037 ===
    reason: {case_clause,{error,closed}}
    msg: roadrunner handler crashed
    handler: roadrunner_httparena_handler
    stacktrace: [{roadrunner_httparena_handler,consume_body,2,
                     [{file,"/src/src/roadrunner_httparena_handler.erl"},
                      {line,80}]},
                 {roadrunner_httparena_handler,upload_endpoint,1,
                     [{file,"/src/src/roadrunner_httparena_handler.erl"},
                      {line,70}]},
                 {roadrunner_conn_loop,run_pipeline,4,
                     [{file,
                          "/src/_build/default/lib/roadrunner/src/roadrunner_conn_loop.erl"},
                      {line,761}]},
                 {proc_lib,init_p_do_apply,3,
                     [{file,"proc_lib.erl"},{line,333}]}]
    class: error
=ERROR REPORT==== 29-Jun-2026::11:15:34.369101 ===
    reason: {case_clause,{error,closed}}
    msg: roadrunner handler crashed
    handler: roadrunner_httparena_handler
    stacktrace: [{roadrunner_httparena_handler,consume_body,2,
                     [{file,"/src/src/roadrunner_httparena_handler.erl"},
                      {line,80}]},
                 {roadrunner_httparena_handler,upload_endpoint,1,
                     [{file,"/src/src/roadrunner_httparena_handler.erl"},
                      {line,70}]},
                 {roadrunner_conn_loop,run_pipeline,4,
                     [{file,
                          "/src/_build/default/lib/roadrunner/src/roadrunner_conn_loop.erl"},
                      {line,761}]},
                 {proc_lib,init_p_do_apply,3,
                     [{file,"proc_lib.erl"},{line,333}]}]
    class: error
=ERROR REPORT==== 29-Jun-2026::11:15:34.369078 ===
    reason: {case_clause,{error,closed}}
    msg: roadrunner handler crashed
    handler: roadrunner_httparena_handler
    stacktrace: [{roadrunner_httparena_handler,consume_body,2,
                     [{file,"/src/src/roadrunner_httparena_handler.erl"},
                      {line,80}]},
                 {roadrunner_httparena_handler,upload_endpoint,1,
                     [{file,"/src/src/roadrunner_httparena_handler.erl"},
                      {line,70}]},
                 {roadrunner_conn_loop,run_pipeline,4,
                     [{file,
                          "/src/_build/default/lib/roadrunner/src/roadrunner_conn_loop.erl"},
                      {line,761}]},
                 {proc_lib,init_p_do_apply,3,
                     [{file,"proc_lib.erl"},{line,333}]}]
    class: error
=ERROR REPORT==== 29-Jun-2026::11:15:34.369092 ===
    reason: {case_clause,{error,closed}}
    msg: roadrunner handler crashed
    handler: roadrunner_httparena_handler
    stacktrace: [{roadrunner_httparena_handler,consume_body,2,
                     [{file,"/src/src/roadrunner_httparena_handler.erl"},
                      {line,80}]},
                 {roadrunner_httparena_handler,upload_endpoint,1,
                     [{file,"/src/src/roadrunner_httparena_handler.erl"},
                      {line,70}]},
                 {roadrunner_conn_loop,run_pipeline,4,
                     [{file,
                          "/src/_build/default/lib/roadrunner/src/roadrunner_conn_loop.erl"},
                      {line,761}]},
                 {proc_lib,init_p_do_apply,3,
                     [{file,"proc_lib.erl"},{line,333}]}]
    class: error
=ERROR REPORT==== 29-Jun-2026::11:15:34.369116 ===
    reason: {case_clause,{error,closed}}
    msg: roadrunner handler crashed
    handler: roadrunner_httparena_handler
    stacktrace: [{roadrunner_httparena_handler,consume_body,2,
                     [{file,"/src/src/roadrunner_httparena_handler.erl"},
                      {line,80}]},
                 {roadrunner_httparena_handler,upload_endpoint,1,
                     [{file,"/src/src/roadrunner_httparena_handler.erl"},
                      {line,70}]},
                 {roadrunner_conn_loop,run_pipeline,4,
                     [{file,
                          "/src/_build/default/lib/roadrunner/src/roadrunner_conn_loop.erl"},
                      {line,761}]},
                 {proc_lib,init_p_do_apply,3,
                     [{file,"proc_lib.erl"},{line,333}]}]
    class: error
=ERROR REPORT==== 29-Jun-2026::11:15:34.369060 ===
    reason: {case_clause,{error,closed}}
    msg: roadrunner handler crashed
    handler: roadrunner_httparena_handler
    stacktrace: [{roadrunner_httparena_handler,consume_body,2,
                     [{file,"/src/src/roadrunner_httparena_handler.erl"},
                      {line,80}]},
                 {roadrunner_httparena_handler,upload_endpoint,1,
                     [{file,"/src/src/roadrunner_httparena_handler.erl"},
                      {line,70}]},
                 {roadrunner_conn_loop,run_pipeline,4,
                     [{file,
                          "/src/_build/default/lib/roadrunner/src/roadrunner_conn_loop.erl"},
                      {line,761}]},
                 {proc_lib,init_p_do_apply,3,
                     [{file,"proc_lib.erl"},{line,333}]}]
    class: error
