[2026-08-22T00:25:31Z INFO  httparena_trillium_tuned::static_preload] static preload: 20 files from /data/static
[2026-08-22T00:25:31Z INFO  httparena_trillium_tuned] starting trillium-tuned via server(): 64 reuseport worker(s) + shared runtime for h3
[2026-08-22T00:25:31Z INFO  trillium_server_common::listener_config::reuseport] reuseport: 64 per-core worker(s) across 3 listener(s)
[2026-08-22T00:25:31Z INFO  trillium_http::headers::qpack::encoder_dynamic_table] initialize_from_peer_settings: peer_max_capacity=4096 our_max_capacity=4096 chosen=4096 max_blocked_streams=100 prime_entries=2
[2026-08-22T00:25:31Z INFO  trillium_http::headers::qpack::encoder_dynamic_table] initialize_from_peer_settings: peer_max_capacity=4096 our_max_capacity=4096 chosen=4096 max_blocked_streams=100 prime_entries=2
[2026-08-22T00:25:31Z INFO  trillium_http::headers::qpack::encoder_dynamic_table] initialize_from_peer_settings: peer_max_capacity=4096 our_max_capacity=4096 chosen=4096 max_blocked_streams=100 prime_entries=2
[2026-08-22T00:25:31Z INFO  trillium_http::headers::qpack::encoder_dynamic_table] initialize_from_peer_settings: peer_max_capacity=4096 our_max_capacity=4096 chosen=4096 max_blocked_streams=100 prime_entries=2
[2026-08-22T00:25:31Z INFO  trillium_http::headers::qpack::encoder_dynamic_table] initialize_from_peer_settings: peer_max_capacity=4096 our_max_capacity=4096 chosen=4096 max_blocked_streams=100 prime_entries=2
[2026-08-22T00:25:31Z INFO  trillium_http::headers::qpack::encoder_dynamic_table] initialize_from_peer_settings: peer_max_capacity=4096 our_max_capacity=4096 chosen=4096 max_blocked_streams=100 prime_entries=2
[2026-08-22T00:25:31Z INFO  trillium_http::headers::qpack::encoder_dynamic_table] initialize_from_peer_settings: peer_max_capacity=4096 our_max_capacity=4096 chosen=4096 max_blocked_streams=100 prime_entries=2
[2026-08-22T00:25:31Z INFO  trillium_http::headers::qpack::encoder_dynamic_table] initialize_from_peer_settings: peer_max_capacity=4096 our_max_capacity=4096 chosen=4096 max_blocked_streams=100 prime_entries=2
[2026-08-22T00:25:31Z INFO  trillium_http::headers::qpack::encoder_dynamic_table] initialize_from_peer_settings: peer_max_capacity=4096 our_max_capacity=4096 chosen=4096 max_blocked_streams=100 prime_entries=2
[2026-08-22T00:25:31Z INFO  trillium_http::headers::qpack::encoder_dynamic_table] initialize_from_peer_settings: peer_max_capacity=4096 our_max_capacity=4096 chosen=4096 max_blocked_streams=100 prime_entries=2
[2026-08-22T00:25:31Z INFO  trillium_http::headers::qpack::encoder_dynamic_table] initialize_from_peer_settings: peer_max_capacity=4096 our_max_capacity=4096 chosen=4096 max_blocked_streams=100 prime_entries=2
[2026-08-22T00:25:31Z INFO  trillium_http::headers::qpack::encoder_dynamic_table] initialize_from_peer_settings: peer_max_capacity=4096 our_max_capacity=4096 chosen=4096 max_blocked_streams=100 prime_entries=2
[2026-08-22T00:25:31Z INFO  trillium_http::headers::qpack::encoder_dynamic_table] initialize_from_peer_settings: peer_max_capacity=4096 our_max_capacity=4096 chosen=4096 max_blocked_streams=100 prime_entries=2
[2026-08-22T00:25:31Z INFO  trillium_http::headers::qpack::encoder_dynamic_table] initialize_from_peer_settings: peer_max_capacity=4096 our_max_capacity=4096 chosen=4096 max_blocked_streams=100 prime_entries=2
[2026-08-22T00:25:31Z INFO  trillium_http::headers::qpack::encoder_dynamic_table] initialize_from_peer_settings: peer_max_capacity=4096 our_max_capacity=4096 chosen=4096 max_blocked_streams=100 prime_entries=2
[2026-08-22T00:25:31Z INFO  trillium_http::headers::qpack::encoder_dynamic_table] initialize_from_peer_settings: peer_max_capacity=4096 our_max_capacity=4096 chosen=4096 max_blocked_streams=100 prime_entries=2
[2026-08-22T00:25:31Z INFO  trillium_http::headers::qpack::encoder_dynamic_table] initialize_from_peer_settings: peer_max_capacity=4096 our_max_capacity=4096 chosen=4096 max_blocked_streams=100 prime_entries=2
[2026-08-22T00:25:31Z INFO  trillium_http::headers::qpack::encoder_dynamic_table] initialize_from_peer_settings: peer_max_capacity=4096 our_max_capacity=4096 chosen=4096 max_blocked_streams=100 prime_entries=2
[2026-08-22T00:25:31Z INFO  trillium_http::headers::qpack::encoder_dynamic_table] initialize_from_peer_settings: peer_max_capacity=4096 our_max_capacity=4096 chosen=4096 max_blocked_streams=100 prime_entries=2
[2026-08-22T00:25:31Z INFO  trillium_http::headers::qpack::encoder_dynamic_table] initialize_from_peer_settings: peer_max_capacity=4096 our_max_capacity=4096 chosen=4096 max_blocked_streams=100 prime_entries=2
[2026-08-22T00:25:31Z INFO  trillium_http::headers::qpack::encoder_dynamic_table] initialize_from_peer_settings: peer_max_capacity=4096 our_max_capacity=4096 chosen=4096 max_blocked_streams=100 prime_entries=2
[2026-08-22T00:25:31Z INFO  trillium_http::headers::qpack::encoder_dynamic_table] initialize_from_peer_settings: peer_max_capacity=4096 our_max_capacity=4096 chosen=4096 max_blocked_streams=100 prime_entries=2
[2026-08-22T00:25:31Z INFO  trillium_http::headers::qpack::encoder_dynamic_table] initialize_from_peer_settings: peer_max_capacity=4096 our_max_capacity=4096 chosen=4096 max_blocked_streams=100 prime_entries=2
[2026-08-22T00:25:31Z INFO  trillium_http::headers::qpack::encoder_dynamic_table] initialize_from_peer_settings: peer_max_capacity=4096 our_max_capacity=4096 chosen=4096 max_blocked_streams=100 prime_entries=2
[2026-08-22T00:25:31Z INFO  trillium_http::headers::qpack::encoder_dynamic_table] initialize_from_peer_settings: peer_max_capacity=4096 our_max_capacity=4096 chosen=4096 max_blocked_streams=100 prime_entries=2
[2026-08-22T00:25:31Z INFO  trillium_http::headers::qpack::encoder_dynamic_table] initialize_from_peer_settings: peer_max_capacity=4096 our_max_capacity=4096 chosen=4096 max_blocked_streams=100 prime_entries=2
[2026-08-22T00:25:31Z INFO  trillium_http::headers::qpack::encoder_dynamic_table] initialize_from_peer_settings: peer_max_capacity=4096 our_max_capacity=4096 chosen=4096 max_blocked_streams=100 prime_entries=2
[2026-08-22T00:25:31Z INFO  trillium_http::headers::qpack::encoder_dynamic_table] initialize_from_peer_settings: peer_max_capacity=4096 our_max_capacity=4096 chosen=4096 max_blocked_streams=100 prime_entries=2
[2026-08-22T00:25:31Z INFO  trillium_http::headers::qpack::encoder_dynamic_table] initialize_from_peer_settings: peer_max_capacity=4096 our_max_capacity=4096 chosen=4096 max_blocked_streams=100 prime_entries=2
[2026-08-22T00:25:31Z INFO  trillium_http::headers::qpack::encoder_dynamic_table] initialize_from_peer_settings: peer_max_capacity=4096 our_max_capacity=4096 chosen=4096 max_blocked_streams=100 prime_entries=2
[2026-08-22T00:25:31Z INFO  trillium_http::headers::qpack::encoder_dynamic_table] initialize_from_peer_settings: peer_max_capacity=4096 our_max_capacity=4096 chosen=4096 max_blocked_streams=100 prime_entries=2
[2026-08-22T00:25:31Z INFO  trillium_http::headers::qpack::encoder_dynamic_table] initialize_from_peer_settings: peer_max_capacity=4096 our_max_capacity=4096 chosen=4096 max_blocked_streams=100 prime_entries=2
[2026-08-22T00:25:31Z INFO  trillium_http::headers::qpack::encoder_dynamic_table] initialize_from_peer_settings: peer_max_capacity=4096 our_max_capacity=4096 chosen=4096 max_blocked_streams=100 prime_entries=2
[2026-08-22T00:25:31Z INFO  trillium_http::headers::qpack::encoder_dynamic_table] initialize_from_peer_settings: peer_max_capacity=4096 our_max_capacity=4096 chosen=4096 max_blocked_streams=100 prime_entries=2
[2026-08-22T00:25:31Z INFO  trillium_http::headers::qpack::encoder_dynamic_table] initialize_from_peer_settings: peer_max_capacity=4096 our_max_capacity=4096 chosen=4096 max_blocked_streams=100 prime_entries=2
[2026-08-22T00:25:31Z INFO  trillium_http::headers::qpack::encoder_dynamic_table] initialize_from_peer_settings: peer_max_capacity=4096 our_max_capacity=4096 chosen=4096 max_blocked_streams=100 prime_entries=2
[2026-08-22T00:25:31Z INFO  trillium_http::headers::qpack::encoder_dynamic_table] initialize_from_peer_settings: peer_max_capacity=4096 our_max_capacity=4096 chosen=4096 max_blocked_streams=100 prime_entries=2
[2026-08-22T00:25:32Z INFO  trillium_http::headers::qpack::encoder_dynamic_table] initialize_from_peer_settings: peer_max_capacity=4096 our_max_capacity=4096 chosen=4096 max_blocked_streams=100 prime_entries=2
[2026-08-22T00:25:32Z INFO  trillium_http::headers::qpack::encoder_dynamic_table] initialize_from_peer_settings: peer_max_capacity=4096 our_max_capacity=4096 chosen=4096 max_blocked_streams=100 prime_entries=2
[2026-08-22T00:25:32Z INFO  trillium_http::headers::qpack::encoder_dynamic_table] initialize_from_peer_settings: peer_max_capacity=4096 our_max_capacity=4096 chosen=4096 max_blocked_streams=100 prime_entries=2
[2026-08-22T00:25:32Z INFO  trillium_http::headers::qpack::encoder_dynamic_table] initialize_from_peer_settings: peer_max_capacity=4096 our_max_capacity=4096 chosen=4096 max_blocked_streams=100 prime_entries=2
[2026-08-22T00:25:32Z INFO  trillium_http::headers::qpack::encoder_dynamic_table] initialize_from_peer_settings: peer_max_capacity=4096 our_max_capacity=4096 chosen=4096 max_blocked_streams=100 prime_entries=2
[2026-08-22T00:25:32Z INFO  trillium_http::headers::qpack::encoder_dynamic_table] initialize_from_peer_settings: peer_max_capacity=4096 our_max_capacity=4096 chosen=4096 max_blocked_streams=100 prime_entries=2
[2026-08-22T00:25:32Z INFO  trillium_http::headers::qpack::encoder_dynamic_table] initialize_from_peer_settings: peer_max_capacity=4096 our_max_capacity=4096 chosen=4096 max_blocked_streams=100 prime_entries=2
[2026-08-22T00:25:32Z INFO  trillium_http::headers::qpack::encoder_dynamic_table] initialize_from_peer_settings: peer_max_capacity=4096 our_max_capacity=4096 chosen=4096 max_blocked_streams=100 prime_entries=2
[2026-08-22T00:25:32Z INFO  trillium_http::headers::qpack::encoder_dynamic_table] initialize_from_peer_settings: peer_max_capacity=4096 our_max_capacity=4096 chosen=4096 max_blocked_streams=100 prime_entries=2
[2026-08-22T00:25:33Z INFO  trillium_http::headers::qpack::encoder_dynamic_table] initialize_from_peer_settings: peer_max_capacity=4096 our_max_capacity=4096 chosen=4096 max_blocked_streams=100 prime_entries=2
[2026-08-22T00:25:35Z INFO  trillium_http::headers::qpack::encoder_dynamic_table] initialize_from_peer_settings: peer_max_capacity=4096 our_max_capacity=4096 chosen=4096 max_blocked_streams=100 prime_entries=2
[2026-08-22T00:25:35Z INFO  trillium_http::headers::qpack::encoder_dynamic_table] initialize_from_peer_settings: peer_max_capacity=4096 our_max_capacity=4096 chosen=4096 max_blocked_streams=100 prime_entries=2
[2026-08-22T00:25:35Z INFO  trillium_http::headers::qpack::encoder_dynamic_table] initialize_from_peer_settings: peer_max_capacity=4096 our_max_capacity=4096 chosen=4096 max_blocked_streams=100 prime_entries=2
[2026-08-22T00:25:35Z INFO  trillium_http::headers::qpack::encoder_dynamic_table] initialize_from_peer_settings: peer_max_capacity=4096 our_max_capacity=4096 chosen=4096 max_blocked_streams=100 prime_entries=2
[2026-08-22T00:25:35Z INFO  trillium_http::headers::qpack::encoder_dynamic_table] initialize_from_peer_settings: peer_max_capacity=4096 our_max_capacity=4096 chosen=4096 max_blocked_streams=100 prime_entries=2
[2026-08-22T00:25:35Z INFO  trillium_http::headers::qpack::encoder_dynamic_table] initialize_from_peer_settings: peer_max_capacity=4096 our_max_capacity=4096 chosen=4096 max_blocked_streams=100 prime_entries=2
[2026-08-22T00:25:35Z INFO  trillium_http::headers::qpack::encoder_dynamic_table] initialize_from_peer_settings: peer_max_capacity=4096 our_max_capacity=4096 chosen=4096 max_blocked_streams=100 prime_entries=2
[2026-08-22T00:25:35Z INFO  trillium_http::headers::qpack::encoder_dynamic_table] initialize_from_peer_settings: peer_max_capacity=4096 our_max_capacity=4096 chosen=4096 max_blocked_streams=100 prime_entries=2
[2026-08-22T00:25:35Z INFO  trillium_http::headers::qpack::encoder_dynamic_table] initialize_from_peer_settings: peer_max_capacity=4096 our_max_capacity=4096 chosen=4096 max_blocked_streams=100 prime_entries=2
[2026-08-22T00:25:35Z INFO  trillium_http::headers::qpack::encoder_dynamic_table] initialize_from_peer_settings: peer_max_capacity=4096 our_max_capacity=4096 chosen=4096 max_blocked_streams=100 prime_entries=2
[2026-08-22T00:25:35Z INFO  trillium_http::headers::qpack::encoder_dynamic_table] initialize_from_peer_settings: peer_max_capacity=4096 our_max_capacity=4096 chosen=4096 max_blocked_streams=100 prime_entries=2
[2026-08-22T00:25:35Z INFO  trillium_http::headers::qpack::encoder_dynamic_table] initialize_from_peer_settings: peer_max_capacity=4096 our_max_capacity=4096 chosen=4096 max_blocked_streams=100 prime_entries=2
[2026-08-22T00:25:35Z INFO  trillium_http::headers::qpack::encoder_dynamic_table] initialize_from_peer_settings: peer_max_capacity=4096 our_max_capacity=4096 chosen=4096 max_blocked_streams=100 prime_entries=2
[2026-08-22T00:25:35Z INFO  trillium_http::headers::qpack::encoder_dynamic_table] initialize_from_peer_settings: peer_max_capacity=4096 our_max_capacity=4096 chosen=4096 max_blocked_streams=100 prime_entries=2
[2026-08-22T00:25:35Z INFO  trillium_http::headers::qpack::encoder_dynamic_table] initialize_from_peer_settings: peer_max_capacity=4096 our_max_capacity=4096 chosen=4096 max_blocked_streams=100 prime_entries=2
[2026-08-22T00:25:35Z INFO  trillium_http::headers::qpack::encoder_dynamic_table] initialize_from_peer_settings: peer_max_capacity=4096 our_max_capacity=4096 chosen=4096 max_blocked_streams=100 prime_entries=2
[2026-08-22T00:25:36Z INFO  trillium_http::headers::qpack::encoder_dynamic_table] initialize_from_peer_settings: peer_max_capacity=4096 our_max_capacity=4096 chosen=4096 max_blocked_streams=100 prime_entries=2
[2026-08-22T00:25:39Z INFO  trillium_http::headers::qpack::encoder_dynamic_table] initialize_from_peer_settings: peer_max_capacity=4096 our_max_capacity=4096 chosen=4096 max_blocked_streams=100 prime_entries=2
[2026-08-22T00:25:39Z INFO  trillium_http::headers::qpack::encoder_dynamic_table] initialize_from_peer_settings: peer_max_capacity=4096 our_max_capacity=4096 chosen=4096 max_blocked_streams=100 prime_entries=2
[2026-08-22T00:25:39Z INFO  trillium_http::headers::qpack::encoder_dynamic_table] initialize_from_peer_settings: peer_max_capacity=4096 our_max_capacity=4096 chosen=4096 max_blocked_streams=100 prime_entries=2
[2026-08-22T00:25:39Z INFO  trillium_http::headers::qpack::encoder_dynamic_table] initialize_from_peer_settings: peer_max_capacity=4096 our_max_capacity=4096 chosen=4096 max_blocked_streams=100 prime_entries=2
[2026-08-22T00:25:39Z INFO  trillium_http::headers::qpack::encoder_dynamic_table] initialize_from_peer_settings: peer_max_capacity=4096 our_max_capacity=4096 chosen=4096 max_blocked_streams=100 prime_entries=2
[2026-08-22T00:25:39Z INFO  trillium_http::headers::qpack::encoder_dynamic_table] initialize_from_peer_settings: peer_max_capacity=4096 our_max_capacity=4096 chosen=4096 max_blocked_streams=100 prime_entries=2
[2026-08-22T00:25:39Z INFO  trillium_http::headers::qpack::encoder_dynamic_table] initialize_from_peer_settings: peer_max_capacity=4096 our_max_capacity=4096 chosen=4096 max_blocked_streams=100 prime_entries=2
[2026-08-22T00:25:39Z INFO  trillium_http::headers::qpack::encoder_dynamic_table] initialize_from_peer_settings: peer_max_capacity=4096 our_max_capacity=4096 chosen=4096 max_blocked_streams=100 prime_entries=2
[2026-08-22T00:25:39Z INFO  trillium_http::headers::qpack::encoder_dynamic_table] initialize_from_peer_settings: peer_max_capacity=4096 our_max_capacity=4096 chosen=4096 max_blocked_streams=100 prime_entries=2
[2026-08-22T00:25:39Z INFO  trillium_http::headers::qpack::encoder_dynamic_table] initialize_from_peer_settings: peer_max_capacity=4096 our_max_capacity=4096 chosen=4096 max_blocked_streams=100 prime_entries=2
[2026-08-22T00:25:39Z INFO  trillium_http::headers::qpack::encoder_dynamic_table] initialize_from_peer_settings: peer_max_capacity=4096 our_max_capacity=4096 chosen=4096 max_blocked_streams=100 prime_entries=2
[2026-08-22T00:25:39Z INFO  trillium_http::headers::qpack::encoder_dynamic_table] initialize_from_peer_settings: peer_max_capacity=4096 our_max_capacity=4096 chosen=4096 max_blocked_streams=100 prime_entries=2
[2026-08-22T00:25:39Z INFO  trillium_http::headers::qpack::encoder_dynamic_table] initialize_from_peer_settings: peer_max_capacity=4096 our_max_capacity=4096 chosen=4096 max_blocked_streams=100 prime_entries=2
[2026-08-22T00:25:39Z INFO  trillium_http::headers::qpack::encoder_dynamic_table] initialize_from_peer_settings: peer_max_capacity=4096 our_max_capacity=4096 chosen=4096 max_blocked_streams=100 prime_entries=2
[2026-08-22T00:25:39Z INFO  trillium_http::headers::qpack::encoder_dynamic_table] initialize_from_peer_settings: peer_max_capacity=4096 our_max_capacity=4096 chosen=4096 max_blocked_streams=100 prime_entries=2
[2026-08-22T00:25:39Z INFO  trillium_http::headers::qpack::encoder_dynamic_table] initialize_from_peer_settings: peer_max_capacity=4096 our_max_capacity=4096 chosen=4096 max_blocked_streams=100 prime_entries=2
[2026-08-22T00:25:39Z INFO  trillium_http::headers::qpack::encoder_dynamic_table] initialize_from_peer_settings: peer_max_capacity=4096 our_max_capacity=4096 chosen=4096 max_blocked_streams=100 prime_entries=2
[2026-08-22T00:25:39Z INFO  trillium_http::headers::qpack::encoder_dynamic_table] initialize_from_peer_settings: peer_max_capacity=4096 our_max_capacity=4096 chosen=4096 max_blocked_streams=100 prime_entries=2
[2026-08-22T00:25:39Z INFO  trillium_http::headers::qpack::encoder_dynamic_table] initialize_from_peer_settings: peer_max_capacity=4096 our_max_capacity=4096 chosen=4096 max_blocked_streams=100 prime_entries=2
[2026-08-22T00:25:39Z INFO  trillium_http::headers::qpack::encoder_dynamic_table] initialize_from_peer_settings: peer_max_capacity=4096 our_max_capacity=4096 chosen=4096 max_blocked_streams=100 prime_entries=2
[2026-08-22T00:25:39Z INFO  trillium_http::headers::qpack::encoder_dynamic_table] initialize_from_peer_settings: peer_max_capacity=4096 our_max_capacity=4096 chosen=4096 max_blocked_streams=100 prime_entries=2
[2026-08-22T00:25:39Z INFO  trillium_http::headers::qpack::encoder_dynamic_table] initialize_from_peer_settings: peer_max_capacity=4096 our_max_capacity=4096 chosen=4096 max_blocked_streams=100 prime_entries=2
[2026-08-22T00:25:39Z INFO  trillium_http::headers::qpack::encoder_dynamic_table] initialize_from_peer_settings: peer_max_capacity=4096 our_max_capacity=4096 chosen=4096 max_blocked_streams=100 prime_entries=2
[2026-08-22T00:25:39Z INFO  trillium_http::headers::qpack::encoder_dynamic_table] initialize_from_peer_settings: peer_max_capacity=4096 our_max_capacity=4096 chosen=4096 max_blocked_streams=100 prime_entries=2
[2026-08-22T00:25:39Z INFO  trillium_http::headers::qpack::encoder_dynamic_table] initialize_from_peer_settings: peer_max_capacity=4096 our_max_capacity=4096 chosen=4096 max_blocked_streams=100 prime_entries=2
[2026-08-22T00:25:39Z INFO  trillium_http::headers::qpack::encoder_dynamic_table] initialize_from_peer_settings: peer_max_capacity=4096 our_max_capacity=4096 chosen=4096 max_blocked_streams=100 prime_entries=2
[2026-08-22T00:25:39Z INFO  trillium_http::headers::qpack::encoder_dynamic_table] initialize_from_peer_settings: peer_max_capacity=4096 our_max_capacity=4096 chosen=4096 max_blocked_streams=100 prime_entries=2
[2026-08-22T00:25:39Z INFO  trillium_http::headers::qpack::encoder_dynamic_table] initialize_from_peer_settings: peer_max_capacity=4096 our_max_capacity=4096 chosen=4096 max_blocked_streams=100 prime_entries=2
[2026-08-22T00:25:39Z INFO  trillium_http::headers::qpack::encoder_dynamic_table] initialize_from_peer_settings: peer_max_capacity=4096 our_max_capacity=4096 chosen=4096 max_blocked_streams=100 prime_entries=2
[2026-08-22T00:25:39Z INFO  trillium_http::headers::qpack::encoder_dynamic_table] initialize_from_peer_settings: peer_max_capacity=4096 our_max_capacity=4096 chosen=4096 max_blocked_streams=100 prime_entries=2
[2026-08-22T00:25:39Z INFO  trillium_http::headers::qpack::encoder_dynamic_table] initialize_from_peer_settings: peer_max_capacity=4096 our_max_capacity=4096 chosen=4096 max_blocked_streams=100 prime_entries=2
[2026-08-22T00:25:39Z INFO  trillium_http::headers::qpack::encoder_dynamic_table] initialize_from_peer_settings: peer_max_capacity=4096 our_max_capacity=4096 chosen=4096 max_blocked_streams=100 prime_entries=2
[2026-08-22T00:25:39Z INFO  trillium_http::headers::qpack::encoder_dynamic_table] initialize_from_peer_settings: peer_max_capacity=4096 our_max_capacity=4096 chosen=4096 max_blocked_streams=100 prime_entries=2
[2026-08-22T00:25:39Z INFO  trillium_http::headers::qpack::encoder_dynamic_table] initialize_from_peer_settings: peer_max_capacity=4096 our_max_capacity=4096 chosen=4096 max_blocked_streams=100 prime_entries=2
[2026-08-22T00:25:39Z INFO  trillium_http::headers::qpack::encoder_dynamic_table] initialize_from_peer_settings: peer_max_capacity=4096 our_max_capacity=4096 chosen=4096 max_blocked_streams=100 prime_entries=2
[2026-08-22T00:25:39Z INFO  trillium_http::headers::qpack::encoder_dynamic_table] initialize_from_peer_settings: peer_max_capacity=4096 our_max_capacity=4096 chosen=4096 max_blocked_streams=100 prime_entries=2
[2026-08-22T00:25:39Z INFO  trillium_http::headers::qpack::encoder_dynamic_table] initialize_from_peer_settings: peer_max_capacity=4096 our_max_capacity=4096 chosen=4096 max_blocked_streams=100 prime_entries=2
[2026-08-22T00:25:39Z INFO  trillium_http::headers::qpack::encoder_dynamic_table] initialize_from_peer_settings: peer_max_capacity=4096 our_max_capacity=4096 chosen=4096 max_blocked_streams=100 prime_entries=2
[2026-08-22T00:25:39Z INFO  trillium_http::headers::qpack::encoder_dynamic_table] initialize_from_peer_settings: peer_max_capacity=4096 our_max_capacity=4096 chosen=4096 max_blocked_streams=100 prime_entries=2
[2026-08-22T00:25:39Z INFO  trillium_http::headers::qpack::encoder_dynamic_table] initialize_from_peer_settings: peer_max_capacity=4096 our_max_capacity=4096 chosen=4096 max_blocked_streams=100 prime_entries=2
[2026-08-22T00:25:39Z INFO  trillium_http::headers::qpack::encoder_dynamic_table] initialize_from_peer_settings: peer_max_capacity=4096 our_max_capacity=4096 chosen=4096 max_blocked_streams=100 prime_entries=2
[2026-08-22T00:25:39Z INFO  trillium_http::headers::qpack::encoder_dynamic_table] initialize_from_peer_settings: peer_max_capacity=4096 our_max_capacity=4096 chosen=4096 max_blocked_streams=100 prime_entries=2
[2026-08-22T00:25:39Z INFO  trillium_http::headers::qpack::encoder_dynamic_table] initialize_from_peer_settings: peer_max_capacity=4096 our_max_capacity=4096 chosen=4096 max_blocked_streams=100 prime_entries=2
[2026-08-22T00:25:39Z INFO  trillium_http::headers::qpack::encoder_dynamic_table] initialize_from_peer_settings: peer_max_capacity=4096 our_max_capacity=4096 chosen=4096 max_blocked_streams=100 prime_entries=2
[2026-08-22T00:25:39Z INFO  trillium_http::headers::qpack::encoder_dynamic_table] initialize_from_peer_settings: peer_max_capacity=4096 our_max_capacity=4096 chosen=4096 max_blocked_streams=100 prime_entries=2
[2026-08-22T00:25:39Z INFO  trillium_http::headers::qpack::encoder_dynamic_table] initialize_from_peer_settings: peer_max_capacity=4096 our_max_capacity=4096 chosen=4096 max_blocked_streams=100 prime_entries=2
[2026-08-22T00:25:39Z INFO  trillium_http::headers::qpack::encoder_dynamic_table] initialize_from_peer_settings: peer_max_capacity=4096 our_max_capacity=4096 chosen=4096 max_blocked_streams=100 prime_entries=2
[2026-08-22T00:25:39Z INFO  trillium_http::headers::qpack::encoder_dynamic_table] initialize_from_peer_settings: peer_max_capacity=4096 our_max_capacity=4096 chosen=4096 max_blocked_streams=100 prime_entries=2
[2026-08-22T00:25:39Z INFO  trillium_http::headers::qpack::encoder_dynamic_table] initialize_from_peer_settings: peer_max_capacity=4096 our_max_capacity=4096 chosen=4096 max_blocked_streams=100 prime_entries=2
[2026-08-22T00:25:39Z INFO  trillium_http::headers::qpack::encoder_dynamic_table] initialize_from_peer_settings: peer_max_capacity=4096 our_max_capacity=4096 chosen=4096 max_blocked_streams=100 prime_entries=2
[2026-08-22T00:25:39Z INFO  trillium_http::headers::qpack::encoder_dynamic_table] initialize_from_peer_settings: peer_max_capacity=4096 our_max_capacity=4096 chosen=4096 max_blocked_streams=100 prime_entries=2
[2026-08-22T00:25:39Z INFO  trillium_http::headers::qpack::encoder_dynamic_table] initialize_from_peer_settings: peer_max_capacity=4096 our_max_capacity=4096 chosen=4096 max_blocked_streams=100 prime_entries=2
[2026-08-22T00:25:39Z INFO  trillium_http::headers::qpack::encoder_dynamic_table] initialize_from_peer_settings: peer_max_capacity=4096 our_max_capacity=4096 chosen=4096 max_blocked_streams=100 prime_entries=2
[2026-08-22T00:25:39Z INFO  trillium_http::headers::qpack::encoder_dynamic_table] initialize_from_peer_settings: peer_max_capacity=4096 our_max_capacity=4096 chosen=4096 max_blocked_streams=100 prime_entries=2
[2026-08-22T00:25:39Z INFO  trillium_http::headers::qpack::encoder_dynamic_table] initialize_from_peer_settings: peer_max_capacity=4096 our_max_capacity=4096 chosen=4096 max_blocked_streams=100 prime_entries=2
[2026-08-22T00:25:39Z INFO  trillium_http::headers::qpack::encoder_dynamic_table] initialize_from_peer_settings: peer_max_capacity=4096 our_max_capacity=4096 chosen=4096 max_blocked_streams=100 prime_entries=2
[2026-08-22T00:25:39Z INFO  trillium_http::headers::qpack::encoder_dynamic_table] initialize_from_peer_settings: peer_max_capacity=4096 our_max_capacity=4096 chosen=4096 max_blocked_streams=100 prime_entries=2
[2026-08-22T00:25:39Z INFO  trillium_http::headers::qpack::encoder_dynamic_table] initialize_from_peer_settings: peer_max_capacity=4096 our_max_capacity=4096 chosen=4096 max_blocked_streams=100 prime_entries=2
[2026-08-22T00:25:39Z INFO  trillium_http::headers::qpack::encoder_dynamic_table] initialize_from_peer_settings: peer_max_capacity=4096 our_max_capacity=4096 chosen=4096 max_blocked_streams=100 prime_entries=2
[2026-08-22T00:25:39Z INFO  trillium_http::headers::qpack::encoder_dynamic_table] initialize_from_peer_settings: peer_max_capacity=4096 our_max_capacity=4096 chosen=4096 max_blocked_streams=100 prime_entries=2
[2026-08-22T00:25:39Z INFO  trillium_http::headers::qpack::encoder_dynamic_table] initialize_from_peer_settings: peer_max_capacity=4096 our_max_capacity=4096 chosen=4096 max_blocked_streams=100 prime_entries=2
[2026-08-22T00:25:39Z INFO  trillium_http::headers::qpack::encoder_dynamic_table] initialize_from_peer_settings: peer_max_capacity=4096 our_max_capacity=4096 chosen=4096 max_blocked_streams=100 prime_entries=2
[2026-08-22T00:25:39Z INFO  trillium_http::headers::qpack::encoder_dynamic_table] initialize_from_peer_settings: peer_max_capacity=4096 our_max_capacity=4096 chosen=4096 max_blocked_streams=100 prime_entries=2
[2026-08-22T00:25:39Z INFO  trillium_http::headers::qpack::encoder_dynamic_table] initialize_from_peer_settings: peer_max_capacity=4096 our_max_capacity=4096 chosen=4096 max_blocked_streams=100 prime_entries=2
[2026-08-22T00:25:46Z INFO  trillium_http::headers::qpack::encoder_dynamic_table] initialize_from_peer_settings: peer_max_capacity=4096 our_max_capacity=4096 chosen=4096 max_blocked_streams=100 prime_entries=2
[2026-08-22T00:25:46Z INFO  trillium_http::headers::qpack::encoder_dynamic_table] initialize_from_peer_settings: peer_max_capacity=4096 our_max_capacity=4096 chosen=4096 max_blocked_streams=100 prime_entries=2
[2026-08-22T00:25:46Z INFO  trillium_http::headers::qpack::encoder_dynamic_table] initialize_from_peer_settings: peer_max_capacity=4096 our_max_capacity=4096 chosen=4096 max_blocked_streams=100 prime_entries=2
[2026-08-22T00:25:46Z INFO  trillium_http::headers::qpack::encoder_dynamic_table] initialize_from_peer_settings: peer_max_capacity=4096 our_max_capacity=4096 chosen=4096 max_blocked_streams=100 prime_entries=2
[2026-08-22T00:25:46Z INFO  trillium_http::headers::qpack::encoder_dynamic_table] initialize_from_peer_settings: peer_max_capacity=4096 our_max_capacity=4096 chosen=4096 max_blocked_streams=100 prime_entries=2
[2026-08-22T00:25:46Z INFO  trillium_http::headers::qpack::encoder_dynamic_table] initialize_from_peer_settings: peer_max_capacity=4096 our_max_capacity=4096 chosen=4096 max_blocked_streams=100 prime_entries=2
[2026-08-22T00:25:46Z INFO  trillium_http::headers::qpack::encoder_dynamic_table] initialize_from_peer_settings: peer_max_capacity=4096 our_max_capacity=4096 chosen=4096 max_blocked_streams=100 prime_entries=2
[2026-08-22T00:25:46Z INFO  trillium_http::headers::qpack::encoder_dynamic_table] initialize_from_peer_settings: peer_max_capacity=4096 our_max_capacity=4096 chosen=4096 max_blocked_streams=100 prime_entries=2
[2026-08-22T00:25:46Z INFO  trillium_http::headers::qpack::encoder_dynamic_table] initialize_from_peer_settings: peer_max_capacity=4096 our_max_capacity=4096 chosen=4096 max_blocked_streams=100 prime_entries=2
[2026-08-22T00:25:46Z INFO  trillium_http::headers::qpack::encoder_dynamic_table] initialize_from_peer_settings: peer_max_capacity=4096 our_max_capacity=4096 chosen=4096 max_blocked_streams=100 prime_entries=2
[2026-08-22T00:25:46Z INFO  trillium_http::headers::qpack::encoder_dynamic_table] initialize_from_peer_settings: peer_max_capacity=4096 our_max_capacity=4096 chosen=4096 max_blocked_streams=100 prime_entries=2
[2026-08-22T00:25:46Z INFO  trillium_http::headers::qpack::encoder_dynamic_table] initialize_from_peer_settings: peer_max_capacity=4096 our_max_capacity=4096 chosen=4096 max_blocked_streams=100 prime_entries=2
[2026-08-22T00:25:46Z INFO  trillium_http::headers::qpack::encoder_dynamic_table] initialize_from_peer_settings: peer_max_capacity=4096 our_max_capacity=4096 chosen=4096 max_blocked_streams=100 prime_entries=2
[2026-08-22T00:25:46Z INFO  trillium_http::headers::qpack::encoder_dynamic_table] initialize_from_peer_settings: peer_max_capacity=4096 our_max_capacity=4096 chosen=4096 max_blocked_streams=100 prime_entries=2
[2026-08-22T00:25:46Z INFO  trillium_http::headers::qpack::encoder_dynamic_table] initialize_from_peer_settings: peer_max_capacity=4096 our_max_capacity=4096 chosen=4096 max_blocked_streams=100 prime_entries=2
[2026-08-22T00:25:46Z INFO  trillium_http::headers::qpack::encoder_dynamic_table] initialize_from_peer_settings: peer_max_capacity=4096 our_max_capacity=4096 chosen=4096 max_blocked_streams=100 prime_entries=2
[2026-08-22T00:25:46Z INFO  trillium_http::headers::qpack::encoder_dynamic_table] initialize_from_peer_settings: peer_max_capacity=4096 our_max_capacity=4096 chosen=4096 max_blocked_streams=100 prime_entries=2
[2026-08-22T00:25:46Z INFO  trillium_http::headers::qpack::encoder_dynamic_table] initialize_from_peer_settings: peer_max_capacity=4096 our_max_capacity=4096 chosen=4096 max_blocked_streams=100 prime_entries=2
[2026-08-22T00:25:46Z INFO  trillium_http::headers::qpack::encoder_dynamic_table] initialize_from_peer_settings: peer_max_capacity=4096 our_max_capacity=4096 chosen=4096 max_blocked_streams=100 prime_entries=2
[2026-08-22T00:25:46Z INFO  trillium_http::headers::qpack::encoder_dynamic_table] initialize_from_peer_settings: peer_max_capacity=4096 our_max_capacity=4096 chosen=4096 max_blocked_streams=100 prime_entries=2
[2026-08-22T00:25:46Z INFO  trillium_http::headers::qpack::encoder_dynamic_table] initialize_from_peer_settings: peer_max_capacity=4096 our_max_capacity=4096 chosen=4096 max_blocked_streams=100 prime_entries=2
[2026-08-22T00:25:46Z INFO  trillium_http::headers::qpack::encoder_dynamic_table] initialize_from_peer_settings: peer_max_capacity=4096 our_max_capacity=4096 chosen=4096 max_blocked_streams=100 prime_entries=2
[2026-08-22T00:25:46Z INFO  trillium_http::headers::qpack::encoder_dynamic_table] initialize_from_peer_settings: peer_max_capacity=4096 our_max_capacity=4096 chosen=4096 max_blocked_streams=100 prime_entries=2
[2026-08-22T00:25:46Z INFO  trillium_http::headers::qpack::encoder_dynamic_table] initialize_from_peer_settings: peer_max_capacity=4096 our_max_capacity=4096 chosen=4096 max_blocked_streams=100 prime_entries=2
[2026-08-22T00:25:46Z INFO  trillium_http::headers::qpack::encoder_dynamic_table] initialize_from_peer_settings: peer_max_capacity=4096 our_max_capacity=4096 chosen=4096 max_blocked_streams=100 prime_entries=2
[2026-08-22T00:25:46Z INFO  trillium_http::headers::qpack::encoder_dynamic_table] initialize_from_peer_settings: peer_max_capacity=4096 our_max_capacity=4096 chosen=4096 max_blocked_streams=100 prime_entries=2
[2026-08-22T00:25:46Z INFO  trillium_http::headers::qpack::encoder_dynamic_table] initialize_from_peer_settings: peer_max_capacity=4096 our_max_capacity=4096 chosen=4096 max_blocked_streams=100 prime_entries=2
[2026-08-22T00:25:46Z INFO  trillium_http::headers::qpack::encoder_dynamic_table] initialize_from_peer_settings: peer_max_capacity=4096 our_max_capacity=4096 chosen=4096 max_blocked_streams=100 prime_entries=2
[2026-08-22T00:25:46Z INFO  trillium_http::headers::qpack::encoder_dynamic_table] initialize_from_peer_settings: peer_max_capacity=4096 our_max_capacity=4096 chosen=4096 max_blocked_streams=100 prime_entries=2
[2026-08-22T00:25:46Z INFO  trillium_http::headers::qpack::encoder_dynamic_table] initialize_from_peer_settings: peer_max_capacity=4096 our_max_capacity=4096 chosen=4096 max_blocked_streams=100 prime_entries=2
[2026-08-22T00:25:46Z INFO  trillium_http::headers::qpack::encoder_dynamic_table] initialize_from_peer_settings: peer_max_capacity=4096 our_max_capacity=4096 chosen=4096 max_blocked_streams=100 prime_entries=2
[2026-08-22T00:25:46Z INFO  trillium_http::headers::qpack::encoder_dynamic_table] initialize_from_peer_settings: peer_max_capacity=4096 our_max_capacity=4096 chosen=4096 max_blocked_streams=100 prime_entries=2
[2026-08-22T00:25:46Z INFO  trillium_http::headers::qpack::encoder_dynamic_table] initialize_from_peer_settings: peer_max_capacity=4096 our_max_capacity=4096 chosen=4096 max_blocked_streams=100 prime_entries=2
[2026-08-22T00:25:46Z INFO  trillium_http::headers::qpack::encoder_dynamic_table] initialize_from_peer_settings: peer_max_capacity=4096 our_max_capacity=4096 chosen=4096 max_blocked_streams=100 prime_entries=2
[2026-08-22T00:25:46Z INFO  trillium_http::headers::qpack::encoder_dynamic_table] initialize_from_peer_settings: peer_max_capacity=4096 our_max_capacity=4096 chosen=4096 max_blocked_streams=100 prime_entries=2
[2026-08-22T00:25:46Z INFO  trillium_http::headers::qpack::encoder_dynamic_table] initialize_from_peer_settings: peer_max_capacity=4096 our_max_capacity=4096 chosen=4096 max_blocked_streams=100 prime_entries=2
[2026-08-22T00:25:46Z INFO  trillium_http::headers::qpack::encoder_dynamic_table] initialize_from_peer_settings: peer_max_capacity=4096 our_max_capacity=4096 chosen=4096 max_blocked_streams=100 prime_entries=2
[2026-08-22T00:25:46Z INFO  trillium_http::headers::qpack::encoder_dynamic_table] initialize_from_peer_settings: peer_max_capacity=4096 our_max_capacity=4096 chosen=4096 max_blocked_streams=100 prime_entries=2
[2026-08-22T00:25:46Z INFO  trillium_http::headers::qpack::encoder_dynamic_table] initialize_from_peer_settings: peer_max_capacity=4096 our_max_capacity=4096 chosen=4096 max_blocked_streams=100 prime_entries=2
[2026-08-22T00:25:46Z INFO  trillium_http::headers::qpack::encoder_dynamic_table] initialize_from_peer_settings: peer_max_capacity=4096 our_max_capacity=4096 chosen=4096 max_blocked_streams=100 prime_entries=2
[2026-08-22T00:25:46Z INFO  trillium_http::headers::qpack::encoder_dynamic_table] initialize_from_peer_settings: peer_max_capacity=4096 our_max_capacity=4096 chosen=4096 max_blocked_streams=100 prime_entries=2
[2026-08-22T00:25:46Z INFO  trillium_http::headers::qpack::encoder_dynamic_table] initialize_from_peer_settings: peer_max_capacity=4096 our_max_capacity=4096 chosen=4096 max_blocked_streams=100 prime_entries=2
[2026-08-22T00:25:46Z INFO  trillium_http::headers::qpack::encoder_dynamic_table] initialize_from_peer_settings: peer_max_capacity=4096 our_max_capacity=4096 chosen=4096 max_blocked_streams=100 prime_entries=2
[2026-08-22T00:25:46Z INFO  trillium_http::headers::qpack::encoder_dynamic_table] initialize_from_peer_settings: peer_max_capacity=4096 our_max_capacity=4096 chosen=4096 max_blocked_streams=100 prime_entries=2
[2026-08-22T00:25:46Z INFO  trillium_http::headers::qpack::encoder_dynamic_table] initialize_from_peer_settings: peer_max_capacity=4096 our_max_capacity=4096 chosen=4096 max_blocked_streams=100 prime_entries=2
[2026-08-22T00:25:46Z INFO  trillium_http::headers::qpack::encoder_dynamic_table] initialize_from_peer_settings: peer_max_capacity=4096 our_max_capacity=4096 chosen=4096 max_blocked_streams=100 prime_entries=2
[2026-08-22T00:25:46Z INFO  trillium_http::headers::qpack::encoder_dynamic_table] initialize_from_peer_settings: peer_max_capacity=4096 our_max_capacity=4096 chosen=4096 max_blocked_streams=100 prime_entries=2
[2026-08-22T00:25:46Z INFO  trillium_http::headers::qpack::encoder_dynamic_table] initialize_from_peer_settings: peer_max_capacity=4096 our_max_capacity=4096 chosen=4096 max_blocked_streams=100 prime_entries=2
[2026-08-22T00:25:46Z INFO  trillium_http::headers::qpack::encoder_dynamic_table] initialize_from_peer_settings: peer_max_capacity=4096 our_max_capacity=4096 chosen=4096 max_blocked_streams=100 prime_entries=2
[2026-08-22T00:25:46Z INFO  trillium_http::headers::qpack::encoder_dynamic_table] initialize_from_peer_settings: peer_max_capacity=4096 our_max_capacity=4096 chosen=4096 max_blocked_streams=100 prime_entries=2
[2026-08-22T00:25:47Z INFO  trillium_http::headers::qpack::encoder_dynamic_table] initialize_from_peer_settings: peer_max_capacity=4096 our_max_capacity=4096 chosen=4096 max_blocked_streams=100 prime_entries=2
[2026-08-22T00:25:47Z INFO  trillium_http::headers::qpack::encoder_dynamic_table] initialize_from_peer_settings: peer_max_capacity=4096 our_max_capacity=4096 chosen=4096 max_blocked_streams=100 prime_entries=2
[2026-08-22T00:25:47Z INFO  trillium_http::headers::qpack::encoder_dynamic_table] initialize_from_peer_settings: peer_max_capacity=4096 our_max_capacity=4096 chosen=4096 max_blocked_streams=100 prime_entries=2
[2026-08-22T00:25:47Z INFO  trillium_http::headers::qpack::encoder_dynamic_table] initialize_from_peer_settings: peer_max_capacity=4096 our_max_capacity=4096 chosen=4096 max_blocked_streams=100 prime_entries=2
[2026-08-22T00:25:47Z INFO  trillium_http::headers::qpack::encoder_dynamic_table] initialize_from_peer_settings: peer_max_capacity=4096 our_max_capacity=4096 chosen=4096 max_blocked_streams=100 prime_entries=2
[2026-08-22T00:25:47Z INFO  trillium_http::headers::qpack::encoder_dynamic_table] initialize_from_peer_settings: peer_max_capacity=4096 our_max_capacity=4096 chosen=4096 max_blocked_streams=100 prime_entries=2
[2026-08-22T00:25:47Z INFO  trillium_http::headers::qpack::encoder_dynamic_table] initialize_from_peer_settings: peer_max_capacity=4096 our_max_capacity=4096 chosen=4096 max_blocked_streams=100 prime_entries=2
[2026-08-22T00:25:47Z INFO  trillium_http::headers::qpack::encoder_dynamic_table] initialize_from_peer_settings: peer_max_capacity=4096 our_max_capacity=4096 chosen=4096 max_blocked_streams=100 prime_entries=2
[2026-08-22T00:25:47Z INFO  trillium_http::headers::qpack::encoder_dynamic_table] initialize_from_peer_settings: peer_max_capacity=4096 our_max_capacity=4096 chosen=4096 max_blocked_streams=100 prime_entries=2
[2026-08-22T00:25:47Z INFO  trillium_http::headers::qpack::encoder_dynamic_table] initialize_from_peer_settings: peer_max_capacity=4096 our_max_capacity=4096 chosen=4096 max_blocked_streams=100 prime_entries=2
[2026-08-22T00:25:47Z INFO  trillium_http::headers::qpack::encoder_dynamic_table] initialize_from_peer_settings: peer_max_capacity=4096 our_max_capacity=4096 chosen=4096 max_blocked_streams=100 prime_entries=2
[2026-08-22T00:25:47Z INFO  trillium_http::headers::qpack::encoder_dynamic_table] initialize_from_peer_settings: peer_max_capacity=4096 our_max_capacity=4096 chosen=4096 max_blocked_streams=100 prime_entries=2
[2026-08-22T00:25:47Z INFO  trillium_http::headers::qpack::encoder_dynamic_table] initialize_from_peer_settings: peer_max_capacity=4096 our_max_capacity=4096 chosen=4096 max_blocked_streams=100 prime_entries=2
[2026-08-22T00:25:47Z INFO  trillium_http::headers::qpack::encoder_dynamic_table] initialize_from_peer_settings: peer_max_capacity=4096 our_max_capacity=4096 chosen=4096 max_blocked_streams=100 prime_entries=2
