[0.001s][warning][os] NUMA support disabled: Failed to initialize libnuma
Ktor HttpArena server starting on :8080 (HTTP/1.1), :8081 (JSON + TLS), :8082 (H2C), :8443 (HTTPS/HTTP2/HTTP3)
WARNING: A restricted method in java.lang.System has been called
WARNING: java.lang.System::loadLibrary has been called by io.netty.util.internal.NativeLibraryUtil in an unnamed module (file:/app/ktor-tuned-httparena.jar)
WARNING: Use --enable-native-access=ALL-UNNAMED to avoid a warning for callers in this module
WARNING: Restricted methods will be blocked in a future release unless native access is enabled

13:08:54.546 WARN  i.n.channel.DefaultChannelPipeline - An exceptionCaught() event was fired, and it reached at the tail of the pipeline. It usually means the last handler in the pipeline did not handle the exception.
io.netty.channel.unix.Errors$NativeIoException: recvAddress(..) failed with error(-104): Connection reset by peer
13:09:01.845 WARN  i.n.channel.DefaultChannelPipeline - An exceptionCaught() event was fired, and it reached at the tail of the pipeline. It usually means the last handler in the pipeline did not handle the exception.
io.netty.channel.unix.Errors$NativeIoException: recvAddress(..) failed with error(-104): Connection reset by peer
13:09:01.845 WARN  i.n.channel.DefaultChannelPipeline - An exceptionCaught() event was fired, and it reached at the tail of the pipeline. It usually means the last handler in the pipeline did not handle the exception.
io.netty.channel.unix.Errors$NativeIoException: recvAddress(..) failed with error(-104): Connection reset by peer
13:09:01.845 WARN  i.n.channel.DefaultChannelPipeline - An exceptionCaught() event was fired, and it reached at the tail of the pipeline. It usually means the last handler in the pipeline did not handle the exception.
io.netty.channel.unix.Errors$NativeIoException: recvAddress(..) failed with error(-104): Connection reset by peer
13:09:01.890 WARN  i.n.channel.DefaultChannelPipeline - An exceptionCaught() event was fired, and it reached at the tail of the pipeline. It usually means the last handler in the pipeline did not handle the exception.
io.netty.channel.unix.Errors$NativeIoException: recvAddress(..) failed with error(-104): Connection reset by peer
13:09:01.918 WARN  i.n.channel.DefaultChannelPipeline - An exceptionCaught() event was fired, and it reached at the tail of the pipeline. It usually means the last handler in the pipeline did not handle the exception.
io.netty.channel.unix.Errors$NativeIoException: recvAddress(..) failed with error(-104): Connection reset by peer
13:09:09.172 WARN  i.n.channel.DefaultChannelPipeline - An exceptionCaught() event was fired, and it reached at the tail of the pipeline. It usually means the last handler in the pipeline did not handle the exception.
io.netty.channel.unix.Errors$NativeIoException: recvAddress(..) failed with error(-104): Connection reset by peer
13:09:09.229 WARN  i.n.channel.DefaultChannelPipeline - An exceptionCaught() event was fired, and it reached at the tail of the pipeline. It usually means the last handler in the pipeline did not handle the exception.
io.netty.channel.unix.Errors$NativeIoException: recvAddress(..) failed with error(-104): Connection reset by peer
