WARNING: Using incubator modules: jdk.incubator.vector
Registered Route: [POST] /baseline11 -> HttpArenaController.baseline11
Registered Route: [GET] /baseline11 -> HttpArenaController.baseline11
Registered Route: [GET] /pipeline -> HttpArenaController.pipeline
Registered Route: [GET] /baseline2 -> HttpArenaController.baseline2
Registered Route: [POST] /benchmark.BenchmarkService/GetSum -> HttpArenaGrpcController.getSum
Registered Route: [POST] /benchmark.BenchmarkService/StreamSum -> HttpArenaGrpcController.streamSum
Registered Route: [POST] /baseline11 -> HttpArenaController.baseline11
Registered Route: [GET] /baseline11 -> HttpArenaController.baseline11
Registered Route: [GET] /pipeline -> HttpArenaController.pipeline
Registered Route: [GET] /baseline2 -> HttpArenaController.baseline2
Registered Route: [GET] /json/{count} -> HttpArenaJsonController.json
Registered Route: [POST] /baseline11 -> HttpArenaController.baseline11
Registered Route: [GET] /baseline11 -> HttpArenaController.baseline11
Registered Route: [GET] /pipeline -> HttpArenaController.pipeline
Registered Route: [GET] /baseline2 -> HttpArenaController.baseline2
Registered Route: [POST] /baseline11 -> HttpArenaController.baseline11
Registered Route: [GET] /baseline11 -> HttpArenaController.baseline11
Registered Route: [GET] /pipeline -> HttpArenaController.pipeline
Registered Route: [GET] /baseline2 -> HttpArenaController.baseline2
Registered Route: [GET] /static/components.css -> HttpArenaStaticController.componentsCss
Registered Route: [GET] /static/reset.css -> HttpArenaStaticController.resetCss
Registered Route: [GET] /static/layout.css -> HttpArenaStaticController.layoutCss
Registered Route: [GET] /static/theme.css -> HttpArenaStaticController.themeCss
Registered Route: [GET] /static/utilities.css -> HttpArenaStaticController.utilitiesCss
Registered Route: [GET] /static/router.js -> HttpArenaStaticController.routerJs
Registered Route: [GET] /static/logo.svg -> HttpArenaStaticController.logoSvg
Registered Route: [GET] /static/icon-sprite.svg -> HttpArenaStaticController.iconSpriteSvg
Registered Route: [GET] /static/hero.webp -> HttpArenaStaticController.heroWebp
Registered Route: [GET] /static/thumb1.webp -> HttpArenaStaticController.thumb1Webp
Registered Route: [GET] /static/thumb2.webp -> HttpArenaStaticController.thumb2Webp
Registered Route: [GET] /static/manifest.json -> HttpArenaStaticController.manifestJson
Registered Route: [GET] /static/header.html -> HttpArenaStaticController.headerHtml
Registered Route: [GET] /static/footer.html -> HttpArenaStaticController.footerHtml
Registered Route: [GET] /static/regular.woff2 -> HttpArenaStaticController.regularWoff2
Registered Route: [GET] /static/bold.woff2 -> HttpArenaStaticController.boldWoff2
Registered Route: [GET] /static/analytics.js -> HttpArenaStaticController.analyticsJs
Registered Route: [GET] /static/helpers.js -> HttpArenaStaticController.helpersJs
Registered Route: [GET] /static/app.js -> HttpArenaStaticController.appJs
Registered Route: [GET] /static/vendor.js -> HttpArenaStaticController.vendorJs
Registered Route: [POST] /benchmark.BenchmarkService/GetSum -> HttpArenaGrpcController.getSum
Registered Route: [POST] /benchmark.BenchmarkService/StreamSum -> HttpArenaGrpcController.streamSum
Starting Cardigan Server on port 8080 with 64 io_uring event loops on CPUs [0, 1, 2, 3, 4, 5, 6, 7, 8, 9, 10, 11, 12, 13, 14, 15, 16, 17, 18, 19, 20, 21, 22, 23, 24, 25, 26, 27, 28, 29, 30, 31, 64, 65, 66, 67, 68, 69, 70, 71, 72, 73, 74, 75, 76, 77, 78, 79, 80, 81, 82, 83, 84, 85, 86, 87, 88, 89, 90, 91, 92, 93, 94, 95], transport=plaintext, fixed-files=direct...
Pinned cardigan-loop-0 to Linux CPU 0
Pinned cardigan-loop-1 to Linux CPU 1
Pinned cardigan-loop-2 to Linux CPU 2
Pinned cardigan-loop-3 to Linux CPU 3
Pinned cardigan-loop-4 to Linux CPU 4
Pinned cardigan-loop-5 to Linux CPU 5
Pinned cardigan-loop-6 to Linux CPU 6
Pinned cardigan-loop-7 to Linux CPU 7
Pinned cardigan-loop-8 to Linux CPU 8
Pinned cardigan-loop-9 to Linux CPU 9
Pinned cardigan-loop-10 to Linux CPU 10
Pinned cardigan-loop-11 to Linux CPU 11
Pinned cardigan-loop-12 to Linux CPU 12
Pinned cardigan-loop-13 to Linux CPU 13
Pinned cardigan-loop-14 to Linux CPU 14
Pinned cardigan-loop-15 to Linux CPU 15
Pinned cardigan-loop-16 to Linux CPU 16
Pinned cardigan-loop-17 to Linux CPU 17
Pinned cardigan-loop-18 to Linux CPU 18
Pinned cardigan-loop-19 to Linux CPU 19
Pinned cardigan-loop-20 to Linux CPU 20
Pinned cardigan-loop-21 to Linux CPU 21
Pinned cardigan-loop-22 to Linux CPU 22
Pinned cardigan-loop-23 to Linux CPU 23
Pinned cardigan-loop-24 to Linux CPU 24
Pinned cardigan-loop-25 to Linux CPU 25
Pinned cardigan-loop-26 to Linux CPU 26
Pinned cardigan-loop-27 to Linux CPU 27
Pinned cardigan-loop-28 to Linux CPU 28
Pinned cardigan-loop-29 to Linux CPU 29
Pinned cardigan-loop-30 to Linux CPU 30
Pinned cardigan-loop-31 to Linux CPU 31
Pinned cardigan-loop-64 to Linux CPU 64
Pinned cardigan-loop-65 to Linux CPU 65
Pinned cardigan-loop-66 to Linux CPU 66
Pinned cardigan-loop-67 to Linux CPU 67
Pinned cardigan-loop-68 to Linux CPU 68
Pinned cardigan-loop-69 to Linux CPU 69
Pinned cardigan-loop-70 to Linux CPU 70
Pinned cardigan-loop-71 to Linux CPU 71
Pinned cardigan-loop-72 to Linux CPU 72
Pinned cardigan-loop-73 to Linux CPU 73
Pinned cardigan-loop-74 to Linux CPU 74
Pinned cardigan-loop-75 to Linux CPU 75
Pinned cardigan-loop-76 to Linux CPU 76
Pinned cardigan-loop-77 to Linux CPU 77
Pinned cardigan-loop-78 to Linux CPU 78
Pinned cardigan-loop-79 to Linux CPU 79
Pinned cardigan-loop-80 to Linux CPU 80
Pinned cardigan-loop-81 to Linux CPU 81
Pinned cardigan-loop-82 to Linux CPU 82
Pinned cardigan-loop-83 to Linux CPU 83
Pinned cardigan-loop-84 to Linux CPU 84
Pinned cardigan-loop-85 to Linux CPU 85
Pinned cardigan-loop-86 to Linux CPU 86
Pinned cardigan-loop-87 to Linux CPU 87
Pinned cardigan-loop-88 to Linux CPU 88
Pinned cardigan-loop-89 to Linux CPU 89
Pinned cardigan-loop-90 to Linux CPU 90
Pinned cardigan-loop-91 to Linux CPU 91
Pinned cardigan-loop-92 to Linux CPU 92
Pinned cardigan-loop-93 to Linux CPU 93
Pinned cardigan-loop-94 to Linux CPU 94
Pinned cardigan-loop-95 to Linux CPU 95
Loop 2 listening on socket FD 153
Loop 26 listening on socket FD 174
Loop 79 listening on socket FD 148
Loop 0 listening on socket FD 181
Loop 28 listening on socket FD 175
Loop 10 listening on socket FD 154
Loop 64 listening on socket FD 176
Loop 22 listening on socket FD 172
Loop 84 listening on socket FD 152
Loop 8 listening on socket FD 179
Loop 75 listening on socket FD 192
Loop 73 listening on socket FD 166
Loop 65 listening on socket FD 188
Loop 15 listening on socket FD 197
Loop 30 listening on socket FD 189
Loop 80 listening on socket FD 144
Loop 18 listening on socket FD 163
Loop 19 listening on socket FD 169
Loop 17 listening on socket FD 167
Loop 88 listening on socket FD 196
Loop 90 listening on socket FD 194
Loop 25 listening on socket FD 186
Loop 70 listening on socket FD 140
Loop 4 listening on socket FD 177
Loop 72 listening on socket FD 168
Loop 12 listening on socket FD 184
Loop 69 listening on socket FD 141
Loop 3 listening on socket FD 150
Loop 86 listening on socket FD 156
Loop 5 listening on socket FD 155
Loop 31 listening on socket FD 139
Loop 94 listening on socket FD 145
Loop 9 listening on socket FD 171
Loop 1 listening on socket FD 161
Loop 16 listening on socket FD 151
Loop 71 listening on socket FD 164
Loop 92 listening on socket FD 178
Loop 78 listening on socket FD 146
Loop 93 listening on socket FD 142
Loop 11 listening on socket FD 157
Loop 82 listening on socket FD 183
Loop 87 listening on socket FD 199
Loop 21 listening on socket FD 165
Loop 68 listening on socket FD 180
Loop 81 listening on socket FD 193
Loop 85 listening on socket FD 160
Loop 29 listening on socket FD 198
Loop 89 listening on socket FD 187
Loop 24 listening on socket FD 143
Loop 7 listening on socket FD 201
Loop 77 listening on socket FD 162
Loop 83 listening on socket FD 195
Loop 14 listening on socket FD 170
Loop 95 listening on socket FD 138
Loop 23 listening on socket FD 159
Loop 76 listening on socket FD 190
Loop 13 listening on socket FD 147
Loop 74 listening on socket FD 185
Loop 6 listening on socket FD 149
Loop 67 listening on socket FD 173
Loop 20 listening on socket FD 158
Loop 66 listening on socket FD 191
Loop 91 listening on socket FD 182
Loop 27 listening on socket FD 200
Starting Cardigan Server on port 8081 with 64 io_uring event loops on CPUs [0, 1, 2, 3, 4, 5, 6, 7, 8, 9, 10, 11, 12, 13, 14, 15, 16, 17, 18, 19, 20, 21, 22, 23, 24, 25, 26, 27, 28, 29, 30, 31, 64, 65, 66, 67, 68, 69, 70, 71, 72, 73, 74, 75, 76, 77, 78, 79, 80, 81, 82, 83, 84, 85, 86, 87, 88, 89, 90, 91, 92, 93, 94, 95], transport=TLS/OpenSSL, fixed-files=async-alloc...
Pinned cardigan-loop-0 to Linux CPU 0
Pinned cardigan-loop-1 to Linux CPU 1
Pinned cardigan-loop-2 to Linux CPU 2
Pinned cardigan-loop-3 to Linux CPU 3
Pinned cardigan-loop-4 to Linux CPU 4
Pinned cardigan-loop-5 to Linux CPU 5
Pinned cardigan-loop-6 to Linux CPU 6
Pinned cardigan-loop-7 to Linux CPU 7
Pinned cardigan-loop-8 to Linux CPU 8
Pinned cardigan-loop-9 to Linux CPU 9
Pinned cardigan-loop-10 to Linux CPU 10
Pinned cardigan-loop-11 to Linux CPU 11
Pinned cardigan-loop-12 to Linux CPU 12
Pinned cardigan-loop-13 to Linux CPU 13
Pinned cardigan-loop-14 to Linux CPU 14
Pinned cardigan-loop-15 to Linux CPU 15
Pinned cardigan-loop-16 to Linux CPU 16
Pinned cardigan-loop-17 to Linux CPU 17
Pinned cardigan-loop-18 to Linux CPU 18
Pinned cardigan-loop-19 to Linux CPU 19
Pinned cardigan-loop-20 to Linux CPU 20
Pinned cardigan-loop-21 to Linux CPU 21
Pinned cardigan-loop-22 to Linux CPU 22
Pinned cardigan-loop-23 to Linux CPU 23
Pinned cardigan-loop-24 to Linux CPU 24
Pinned cardigan-loop-25 to Linux CPU 25
Pinned cardigan-loop-26 to Linux CPU 26
Pinned cardigan-loop-27 to Linux CPU 27
Pinned cardigan-loop-28 to Linux CPU 28
Pinned cardigan-loop-29 to Linux CPU 29
Pinned cardigan-loop-30 to Linux CPU 30
Pinned cardigan-loop-31 to Linux CPU 31
Pinned cardigan-loop-64 to Linux CPU 64
Pinned cardigan-loop-65 to Linux CPU 65
Pinned cardigan-loop-66 to Linux CPU 66
Pinned cardigan-loop-67 to Linux CPU 67
Pinned cardigan-loop-68 to Linux CPU 68
Pinned cardigan-loop-69 to Linux CPU 69
Pinned cardigan-loop-70 to Linux CPU 70
Pinned cardigan-loop-71 to Linux CPU 71
Pinned cardigan-loop-72 to Linux CPU 72
Pinned cardigan-loop-73 to Linux CPU 73
Pinned cardigan-loop-74 to Linux CPU 74
Pinned cardigan-loop-75 to Linux CPU 75
Pinned cardigan-loop-76 to Linux CPU 76
Pinned cardigan-loop-77 to Linux CPU 77
Pinned cardigan-loop-78 to Linux CPU 78
Pinned cardigan-loop-79 to Linux CPU 79
Pinned cardigan-loop-80 to Linux CPU 80
Pinned cardigan-loop-81 to Linux CPU 81
Pinned cardigan-loop-82 to Linux CPU 82
Pinned cardigan-loop-83 to Linux CPU 83
Pinned cardigan-loop-84 to Linux CPU 84
Pinned cardigan-loop-85 to Linux CPU 85
Pinned cardigan-loop-86 to Linux CPU 86
Pinned cardigan-loop-87 to Linux CPU 87
Pinned cardigan-loop-88 to Linux CPU 88
Pinned cardigan-loop-89 to Linux CPU 89
Pinned cardigan-loop-90 to Linux CPU 90
Pinned cardigan-loop-91 to Linux CPU 91
Pinned cardigan-loop-92 to Linux CPU 92
Pinned cardigan-loop-93 to Linux CPU 93
Pinned cardigan-loop-94 to Linux CPU 94
Pinned cardigan-loop-95 to Linux CPU 95
Loop 0 listening on socket FD 330
Loop 5 listening on socket FD 335
Loop 6 listening on socket FD 333
Loop 1 listening on socket FD 337
Loop 7 listening on socket FD 334
Loop 8 listening on socket FD 338
Loop 2 listening on socket FD 331
Loop 12 listening on socket FD 339
Loop 15 listening on socket FD 351
Loop 3 listening on socket FD 332
Loop 67 listening on socket FD 363
Loop 14 listening on socket FD 365
Loop 73 listening on socket FD 367
Loop 74 listening on socket FD 372
Loop 9 listening on socket FD 336
Loop 11 listening on socket FD 340
Loop 76 listening on socket FD 374
Loop 19 listening on socket FD 342
Loop 89 listening on socket FD 386
Loop 18 listening on socket FD 341
Loop 17 listening on socket FD 343
Loop 16 listening on socket FD 344
Loop 4 listening on socket FD 345
Loop 20 listening on socket FD 347
Loop 21 listening on socket FD 346
Loop 22 listening on socket FD 349
Loop 23 listening on socket FD 348
Loop 30 listening on socket FD 352
Loop 29 listening on socket FD 354
Loop 28 listening on socket FD 353
Loop 31 listening on socket FD 355
Loop 95 listening on socket FD 393
Loop 13 listening on socket FD 350
Loop 64 listening on socket FD 361
Loop 66 listening on socket FD 356
Loop 10 listening on socket FD 364
Loop 65 listening on socket FD 362
Loop 25 listening on socket FD 358
Loop 24 listening on socket FD 359
Loop 27 listening on socket FD 357
Loop 69 listening on socket FD 369
Loop 70 listening on socket FD 368
Loop 71 listening on socket FD 370
Loop 68 listening on socket FD 366
Loop 26 listening on socket FD 360
Loop 72 listening on socket FD 371
Loop 78 listening on socket FD 373
Loop 80 listening on socket FD 378
Loop 82 listening on socket FD 375
Loop 79 listening on socket FD 379
Loop 81 listening on socket FD 377
Loop 83 listening on socket FD 376
Loop 85 listening on socket FD 381
Loop 84 listening on socket FD 380
Loop 87 listening on socket FD 382
Loop 86 listening on socket FD 383
Loop 94 listening on socket FD 384
Loop 88 listening on socket FD 385
Loop 91 listening on socket FD 388
Loop 92 listening on socket FD 389
Loop 93 listening on socket FD 387
Loop 90 listening on socket FD 390
Loop 75 listening on socket FD 392
Loop 77 listening on socket FD 391
Starting Cardigan Server on port 8082 with 64 io_uring event loops on CPUs [0, 1, 2, 3, 4, 5, 6, 7, 8, 9, 10, 11, 12, 13, 14, 15, 16, 17, 18, 19, 20, 21, 22, 23, 24, 25, 26, 27, 28, 29, 30, 31, 64, 65, 66, 67, 68, 69, 70, 71, 72, 73, 74, 75, 76, 77, 78, 79, 80, 81, 82, 83, 84, 85, 86, 87, 88, 89, 90, 91, 92, 93, 94, 95], transport=plaintext, fixed-files=direct...
Pinned cardigan-loop-0 to Linux CPU 0
Pinned cardigan-loop-1 to Linux CPU 1
Pinned cardigan-loop-2 to Linux CPU 2
Pinned cardigan-loop-3 to Linux CPU 3
Pinned cardigan-loop-4 to Linux CPU 4
Pinned cardigan-loop-5 to Linux CPU 5
Pinned cardigan-loop-6 to Linux CPU 6
TLS/OpenSSL negotiated http/1.1; kTLS TX=true, RX=true, direct RX=false
Pinned cardigan-loop-7 to Linux CPU 7
Pinned cardigan-loop-8 to Linux CPU 8
Pinned cardigan-loop-9 to Linux CPU 9
Pinned cardigan-loop-10 to Linux CPU 10
Pinned cardigan-loop-11 to Linux CPU 11
Pinned cardigan-loop-12 to Linux CPU 12
Pinned cardigan-loop-13 to Linux CPU 13
Pinned cardigan-loop-14 to Linux CPU 14
Pinned cardigan-loop-15 to Linux CPU 15
Pinned cardigan-loop-16 to Linux CPU 16
Pinned cardigan-loop-17 to Linux CPU 17
Pinned cardigan-loop-18 to Linux CPU 18
Pinned cardigan-loop-19 to Linux CPU 19
Pinned cardigan-loop-20 to Linux CPU 20
Pinned cardigan-loop-21 to Linux CPU 21
Pinned cardigan-loop-22 to Linux CPU 22
Pinned cardigan-loop-23 to Linux CPU 23
Pinned cardigan-loop-24 to Linux CPU 24
Pinned cardigan-loop-25 to Linux CPU 25
Pinned cardigan-loop-26 to Linux CPU 26
Pinned cardigan-loop-27 to Linux CPU 27
Pinned cardigan-loop-28 to Linux CPU 28
Pinned cardigan-loop-29 to Linux CPU 29
Pinned cardigan-loop-30 to Linux CPU 30
Pinned cardigan-loop-31 to Linux CPU 31
Pinned cardigan-loop-64 to Linux CPU 64
Pinned cardigan-loop-65 to Linux CPU 65
Pinned cardigan-loop-66 to Linux CPU 66
Pinned cardigan-loop-67 to Linux CPU 67
Pinned cardigan-loop-68 to Linux CPU 68
Pinned cardigan-loop-69 to Linux CPU 69
Pinned cardigan-loop-70 to Linux CPU 70
Pinned cardigan-loop-71 to Linux CPU 71
Pinned cardigan-loop-72 to Linux CPU 72
Pinned cardigan-loop-73 to Linux CPU 73
Pinned cardigan-loop-74 to Linux CPU 74
Pinned cardigan-loop-75 to Linux CPU 75
Pinned cardigan-loop-76 to Linux CPU 76
Pinned cardigan-loop-77 to Linux CPU 77
Pinned cardigan-loop-78 to Linux CPU 78
Pinned cardigan-loop-79 to Linux CPU 79
Pinned cardigan-loop-80 to Linux CPU 80
Pinned cardigan-loop-81 to Linux CPU 81
Pinned cardigan-loop-82 to Linux CPU 82
Pinned cardigan-loop-83 to Linux CPU 83
Pinned cardigan-loop-84 to Linux CPU 84
Pinned cardigan-loop-85 to Linux CPU 85
Pinned cardigan-loop-86 to Linux CPU 86
Pinned cardigan-loop-87 to Linux CPU 87
Pinned cardigan-loop-88 to Linux CPU 88
Pinned cardigan-loop-89 to Linux CPU 89
Pinned cardigan-loop-90 to Linux CPU 90
Pinned cardigan-loop-91 to Linux CPU 91
Pinned cardigan-loop-92 to Linux CPU 92
Pinned cardigan-loop-93 to Linux CPU 93
Pinned cardigan-loop-94 to Linux CPU 94
Pinned cardigan-loop-95 to Linux CPU 95
Loop 21 listening on socket FD 4618
Loop 23 listening on socket FD 4620
Loop 31 listening on socket FD 4622
Loop 16 listening on socket FD 4625
Loop 3 listening on socket FD 4635
Loop 20 listening on socket FD 4619
Loop 7 listening on socket FD 4642
Loop 24 listening on socket FD 4621
Loop 26 listening on socket FD 4627
Loop 25 listening on socket FD 4629
Loop 22 listening on socket FD 4626
Loop 5 listening on socket FD 4650
Loop 29 listening on socket FD 4634
Loop 28 listening on socket FD 4633
Loop 6 listening on socket FD 4630
Loop 0 listening on socket FD 4636
Loop 13 listening on socket FD 4631
Loop 15 listening on socket FD 4637
Loop 12 listening on socket FD 4638
Loop 14 listening on socket FD 4632
Loop 8 listening on socket FD 4641
Loop 9 listening on socket FD 4639
Loop 10 listening on socket FD 4640
Loop 17 listening on socket FD 4643
Loop 11 listening on socket FD 4644
Loop 19 listening on socket FD 4645
Loop 1 listening on socket FD 4646
Loop 2 listening on socket FD 4647
Loop 27 listening on socket FD 4648
Loop 18 listening on socket FD 4624
Loop 65 listening on socket FD 4623
Loop 4 listening on socket FD 4628
Loop 69 listening on socket FD 4651
Loop 68 listening on socket FD 4652
Loop 71 listening on socket FD 4653
Loop 74 listening on socket FD 4654
Loop 75 listening on socket FD 4655
Loop 87 listening on socket FD 4660
Loop 82 listening on socket FD 4658
Loop 86 listening on socket FD 4661
Loop 81 listening on socket FD 4659
Loop 30 listening on socket FD 4662
Loop 78 listening on socket FD 4657
Loop 76 listening on socket FD 4656
Loop 88 listening on socket FD 4663
Loop 92 listening on socket FD 4666
Loop 89 listening on socket FD 4664
Loop 90 listening on socket FD 4665
Loop 95 listening on socket FD 4667
Loop 70 listening on socket FD 4669
Loop 91 listening on socket FD 4671
Loop 73 listening on socket FD 4672
Loop 72 listening on socket FD 4673
Loop 93 listening on socket FD 4674
Loop 67 listening on socket FD 4668
Loop 66 listening on socket FD 4670
Loop 79 listening on socket FD 4675
Loop 84 listening on socket FD 4677
Loop 85 listening on socket FD 4676
Loop 80 listening on socket FD 4679
Loop 83 listening on socket FD 4678
Loop 64 listening on socket FD 4649
Loop 94 listening on socket FD 4680
Loop 77 listening on socket FD 4681
Starting Cardigan Server on port 8443 with 64 io_uring event loops on CPUs [0, 1, 2, 3, 4, 5, 6, 7, 8, 9, 10, 11, 12, 13, 14, 15, 16, 17, 18, 19, 20, 21, 22, 23, 24, 25, 26, 27, 28, 29, 30, 31, 64, 65, 66, 67, 68, 69, 70, 71, 72, 73, 74, 75, 76, 77, 78, 79, 80, 81, 82, 83, 84, 85, 86, 87, 88, 89, 90, 91, 92, 93, 94, 95], transport=TLS/OpenSSL, fixed-files=async-alloc...
Pinned cardigan-loop-0 to Linux CPU 0
Pinned cardigan-loop-1 to Linux CPU 1
Pinned cardigan-loop-2 to Linux CPU 2
Pinned cardigan-loop-3 to Linux CPU 3
Pinned cardigan-loop-4 to Linux CPU 4
Pinned cardigan-loop-5 to Linux CPU 5
Pinned cardigan-loop-6 to Linux CPU 6
Pinned cardigan-loop-7 to Linux CPU 7
Pinned cardigan-loop-8 to Linux CPU 8
Pinned cardigan-loop-9 to Linux CPU 9
Pinned cardigan-loop-10 to Linux CPU 10
Pinned cardigan-loop-11 to Linux CPU 11
Pinned cardigan-loop-12 to Linux CPU 12
Pinned cardigan-loop-13 to Linux CPU 13
Pinned cardigan-loop-14 to Linux CPU 14
Pinned cardigan-loop-15 to Linux CPU 15
Pinned cardigan-loop-16 to Linux CPU 16
Pinned cardigan-loop-17 to Linux CPU 17
Pinned cardigan-loop-18 to Linux CPU 18
Pinned cardigan-loop-19 to Linux CPU 19
Pinned cardigan-loop-20 to Linux CPU 20
Pinned cardigan-loop-21 to Linux CPU 21
Pinned cardigan-loop-22 to Linux CPU 22
Pinned cardigan-loop-23 to Linux CPU 23
Pinned cardigan-loop-24 to Linux CPU 24
Pinned cardigan-loop-25 to Linux CPU 25
Pinned cardigan-loop-26 to Linux CPU 26
Pinned cardigan-loop-27 to Linux CPU 27
Pinned cardigan-loop-28 to Linux CPU 28
Pinned cardigan-loop-29 to Linux CPU 29
Pinned cardigan-loop-30 to Linux CPU 30
Pinned cardigan-loop-31 to Linux CPU 31
Pinned cardigan-loop-64 to Linux CPU 64
Pinned cardigan-loop-65 to Linux CPU 65
Pinned cardigan-loop-66 to Linux CPU 66
Pinned cardigan-loop-67 to Linux CPU 67
Pinned cardigan-loop-68 to Linux CPU 68
Pinned cardigan-loop-69 to Linux CPU 69
Pinned cardigan-loop-70 to Linux CPU 70
Pinned cardigan-loop-71 to Linux CPU 71
Pinned cardigan-loop-72 to Linux CPU 72
Pinned cardigan-loop-73 to Linux CPU 73
Pinned cardigan-loop-74 to Linux CPU 74
Pinned cardigan-loop-75 to Linux CPU 75
Pinned cardigan-loop-76 to Linux CPU 76
Pinned cardigan-loop-77 to Linux CPU 77
Pinned cardigan-loop-78 to Linux CPU 78
Pinned cardigan-loop-79 to Linux CPU 79
Pinned cardigan-loop-80 to Linux CPU 80
Pinned cardigan-loop-81 to Linux CPU 81
Pinned cardigan-loop-82 to Linux CPU 82
Pinned cardigan-loop-83 to Linux CPU 83
Pinned cardigan-loop-84 to Linux CPU 84
Pinned cardigan-loop-85 to Linux CPU 85
Pinned cardigan-loop-86 to Linux CPU 86
Pinned cardigan-loop-87 to Linux CPU 87
Pinned cardigan-loop-88 to Linux CPU 88
Pinned cardigan-loop-89 to Linux CPU 89
Pinned cardigan-loop-90 to Linux CPU 90
Pinned cardigan-loop-91 to Linux CPU 91
Pinned cardigan-loop-92 to Linux CPU 92
Pinned cardigan-loop-93 to Linux CPU 93
Pinned cardigan-loop-94 to Linux CPU 94
Pinned cardigan-loop-95 to Linux CPU 95
Loop 2 listening on socket FD 4811
Loop 0 listening on socket FD 4810
Loop 17 listening on socket FD 4814
Loop 78 listening on socket FD 4827
Loop 10 listening on socket FD 4830
Loop 89 listening on socket FD 4833
Loop 92 listening on socket FD 4834
Loop 11 listening on socket FD 4817
Loop 87 listening on socket FD 4838
Loop 85 listening on socket FD 4839
Loop 93 listening on socket FD 4841
Loop 30 listening on socket FD 4843
Loop 1 listening on socket FD 4846
Loop 3 listening on socket FD 4849
Loop 14 listening on socket FD 4850
Loop 12 listening on socket FD 4851
Loop 68 listening on socket FD 4861
Loop 80 listening on socket FD 4828
Loop 6 listening on socket FD 4812
Loop 5 listening on socket FD 4813
Loop 83 listening on socket FD 4872
Loop 20 listening on socket FD 4820
Loop 65 listening on socket FD 4821
Loop 66 listening on socket FD 4819
Loop 21 listening on socket FD 4873
Loop 13 listening on socket FD 4816
Loop 67 listening on socket FD 4823
Loop 69 listening on socket FD 4822
Loop 70 listening on socket FD 4824
Loop 71 listening on socket FD 4825
Loop 81 listening on socket FD 4829
Loop 88 listening on socket FD 4832
Loop 75 listening on socket FD 4831
Loop 94 listening on socket FD 4835
Loop 95 listening on socket FD 4837
Loop 7 listening on socket FD 4836
Loop 16 listening on socket FD 4815
Loop 19 listening on socket FD 4840
Loop 28 listening on socket FD 4844
Loop 31 listening on socket FD 4845
Loop 91 listening on socket FD 4842
Loop 90 listening on socket FD 4847
Loop 23 listening on socket FD 4848
Loop 73 listening on socket FD 4855
Loop 86 listening on socket FD 4854
Loop 4 listening on socket FD 4853
Loop 82 listening on socket FD 4856
Loop 72 listening on socket FD 4857
Loop 27 listening on socket FD 4852
Loop 29 listening on socket FD 4862
Loop 74 listening on socket FD 4860
Loop 9 listening on socket FD 4858
Loop 76 listening on socket FD 4863
Loop 25 listening on socket FD 4864
Loop 26 listening on socket FD 4859
Loop 18 listening on socket FD 4865
Loop 8 listening on socket FD 4866
Loop 15 listening on socket FD 4868
Loop 77 listening on socket FD 4867
Loop 22 listening on socket FD 4869
Loop 84 listening on socket FD 4870
Loop 79 listening on socket FD 4871
Loop 24 listening on socket FD 4818
Loop 64 listening on socket FD 4826
Cardigan HttpArena listeners are ready on 8080, 8081, 8082, and 8443
