Oct 09, 2026 7:39:38 PM io.helidon.logging.jul.JulProvider doConfigureLogging
INFO: Logging at runtime configured using defaults
Oct 09, 2026 7:39:39 PM io.helidon.common.features.HelidonFeatures features
INFO: Helidon SE 27.0.0 features: [Config, Encoding, JSON, Media, Registry, Tracing, WebServer]
Oct 09, 2026 7:39:39 PM io.helidon.common.features.HelidonFeatures features
INFO: You are using preview features. These APIs are production ready, yet may change more frequently. Please follow Helidon release changelog!
Oct 09, 2026 7:39:39 PM io.helidon.common.features.HelidonFeatures lambda$features$6
INFO: 	Preview feature: GRPC (WebServer/GRPC)
Oct 09, 2026 7:39:39 PM io.helidon.webserver.SocketTransportBinding logStarted
INFO: [0x69f7e5fa] http://0.0.0.0:8080 bound for socket '@default'
Oct 09, 2026 7:39:39 PM io.helidon.webserver.SocketTransportBinding logStarted
INFO: [0x3f084ec6] http://0.0.0.0:8082 bound for socket 'h2c'
Oct 09, 2026 7:39:39 PM io.helidon.webserver.SocketTransportBinding logStarted
INFO: [0x6ef8ee85] https://0.0.0.0:8081 bound for socket 'h1-tls'
Oct 09, 2026 7:39:39 PM io.helidon.webserver.SocketTransportBinding logStarted
INFO: [0x604d6dec] https://0.0.0.0:8443 bound for socket 'h2-tls'
Oct 09, 2026 7:39:39 PM io.helidon.webserver.LoomServer startIt
INFO: Started all channels in 59 milliseconds. 1292 milliseconds since JVM startup. Java 27+35-2325
Helidon HttpArena server started on ports: 
plain (8080)
https (8443)
h1tls (8081)
h2c (8082)
