Sep 24, 2026 9:43:15 PM clojure.tools.logging$eval465$fn__468 invoke
INFO: Application protocol config supports protocols: http/1.1
Sep 24, 2026 9:43:15 PM clojure.tools.logging$eval465$fn__468 invoke
INFO: Application protocol config supports protocols: h2
Sep 24, 2026 9:44:04 PM clojure.tools.logging$eval465$fn__468 invoke
SEVERE: error in deferred handler
java.util.concurrent.RejectedExecutionException
	at io.aleph.dirigiste.Executor.execute(Executor.java:349)
	at manifold.deferred.Deferred$fn__1957.invoke(deferred.clj:524)
	at manifold.deferred.Deferred.success(deferred.clj:524)
	at manifold.deferred$success_BANG_.invokeStatic(deferred.clj:369)
	at manifold.deferred$success_BANG_.invoke(deferred.clj:366)
	at aleph.http.server$eval12153$send_response__12156$fn__12165.invoke(server.clj:116)
	at clojure.lang.AFn.run(AFn.java:22)
	at io.netty.util.concurrent.AbstractEventExecutor.runTask(AbstractEventExecutor.java:148)
	at io.netty.util.concurrent.AbstractEventExecutor.safeExecute(AbstractEventExecutor.java:141)
	at io.netty.util.concurrent.SingleThreadEventExecutor.runAllTasks(SingleThreadEventExecutor.java:535)
	at io.netty.channel.SingleThreadIoEventLoop.run(SingleThreadIoEventLoop.java:201)
	at io.netty.util.concurrent.SingleThreadEventExecutor$5.run(SingleThreadEventExecutor.java:1195)
	at io.netty.util.internal.ThreadExecutorMap$2.run(ThreadExecutorMap.java:74)
	at manifold.executor$thread_factory$reify__842$f__843.invoke(executor.clj:71)
	at clojure.lang.AFn.run(AFn.java:22)
	at io.netty.util.concurrent.FastThreadLocalRunnable.run(FastThreadLocalRunnable.java:30)
	at java.base/java.lang.Thread.run(Thread.java:1516)

Sep 24, 2026 9:44:04 PM clojure.tools.logging$eval465$fn__468 invoke
SEVERE: error in deferred handler
java.util.concurrent.RejectedExecutionException
	at io.aleph.dirigiste.Executor.execute(Executor.java:349)
	at manifold.deferred.Deferred$fn__1957.invoke(deferred.clj:524)
	at manifold.deferred.Deferred.success(deferred.clj:524)
	at manifold.deferred$success_BANG_.invokeStatic(deferred.clj:369)
	at manifold.deferred$success_BANG_.invoke(deferred.clj:366)
	at manifold.deferred$eval2087$chain_SINGLEQUOTE____2108.invoke(deferred.clj:870)
	at manifold.deferred$eval2087$subscribe__2088$fn__2089.invoke(deferred.clj:843)
	at manifold.deferred.Listener.onSuccess(deferred.clj:345)
	at manifold.deferred.Deferred$fn__1957$fn__1958.invoke(deferred.clj:524)
	at clojure.lang.AFn.run(AFn.java:22)
	at io.aleph.dirigiste.Executor$Worker$1.run(Executor.java:61)
	at manifold.executor$thread_factory$reify__842$f__843.invoke(executor.clj:71)
	at clojure.lang.AFn.run(AFn.java:22)
	at java.base/java.lang.Thread.run(Thread.java:1516)

Sep 24, 2026 9:44:04 PM clojure.tools.logging$eval465$fn__468 invoke
SEVERE: error in deferred handler
java.util.concurrent.RejectedExecutionException
	at io.aleph.dirigiste.Executor.execute(Executor.java:349)
	at manifold.deferred.Deferred$fn__1957.invoke(deferred.clj:524)
	at manifold.deferred.Deferred.success(deferred.clj:524)
	at manifold.deferred$success_BANG_.invokeStatic(deferred.clj:369)
	at manifold.deferred$success_BANG_.invoke(deferred.clj:366)
	at aleph.http.server$eval12153$send_response__12156$fn__12165.invoke(server.clj:116)
	at clojure.lang.AFn.run(AFn.java:22)
	at io.netty.util.concurrent.AbstractEventExecutor.runTask(AbstractEventExecutor.java:148)
	at io.netty.util.concurrent.AbstractEventExecutor.safeExecute(AbstractEventExecutor.java:141)
	at io.netty.util.concurrent.SingleThreadEventExecutor.runAllTasks(SingleThreadEventExecutor.java:535)
	at io.netty.channel.SingleThreadIoEventLoop.run(SingleThreadIoEventLoop.java:201)
	at io.netty.util.concurrent.SingleThreadEventExecutor$5.run(SingleThreadEventExecutor.java:1195)
	at io.netty.util.internal.ThreadExecutorMap$2.run(ThreadExecutorMap.java:74)
	at manifold.executor$thread_factory$reify__842$f__843.invoke(executor.clj:71)
	at clojure.lang.AFn.run(AFn.java:22)
	at io.netty.util.concurrent.FastThreadLocalRunnable.run(FastThreadLocalRunnable.java:30)
	at java.base/java.lang.Thread.run(Thread.java:1516)

Sep 24, 2026 9:44:04 PM clojure.tools.logging$eval465$fn__468 invoke
SEVERE: error in deferred handler
java.util.concurrent.RejectedExecutionException
	at io.aleph.dirigiste.Executor.execute(Executor.java:349)
	at manifold.deferred.Deferred$fn__1957.invoke(deferred.clj:524)
	at manifold.deferred.Deferred.success(deferred.clj:524)
	at manifold.deferred$success_BANG_.invokeStatic(deferred.clj:369)
	at manifold.deferred$success_BANG_.invoke(deferred.clj:366)
	at aleph.http.server$eval12153$send_response__12156$fn__12165.invoke(server.clj:116)
	at clojure.lang.AFn.run(AFn.java:22)
	at io.netty.util.concurrent.AbstractEventExecutor.runTask(AbstractEventExecutor.java:148)
	at io.netty.util.concurrent.AbstractEventExecutor.safeExecute(AbstractEventExecutor.java:141)
	at io.netty.util.concurrent.SingleThreadEventExecutor.runAllTasks(SingleThreadEventExecutor.java:535)
	at io.netty.channel.SingleThreadIoEventLoop.run(SingleThreadIoEventLoop.java:201)
	at io.netty.util.concurrent.SingleThreadEventExecutor$5.run(SingleThreadEventExecutor.java:1195)
	at io.netty.util.internal.ThreadExecutorMap$2.run(ThreadExecutorMap.java:74)
	at manifold.executor$thread_factory$reify__842$f__843.invoke(executor.clj:71)
	at clojure.lang.AFn.run(AFn.java:22)
	at io.netty.util.concurrent.FastThreadLocalRunnable.run(FastThreadLocalRunnable.java:30)
	at java.base/java.lang.Thread.run(Thread.java:1516)

Sep 24, 2026 9:44:04 PM clojure.tools.logging$eval465$fn__468 invoke
SEVERE: error in deferred handler
java.util.concurrent.RejectedExecutionException
	at io.aleph.dirigiste.Executor.execute(Executor.java:349)
	at manifold.deferred.Deferred$fn__1957.invoke(deferred.clj:524)
	at manifold.deferred.Deferred.success(deferred.clj:524)
	at manifold.deferred$success_BANG_.invokeStatic(deferred.clj:369)
	at manifold.deferred$success_BANG_.invoke(deferred.clj:366)
	at aleph.http.server$eval12153$send_response__12156$fn__12165.invoke(server.clj:116)
	at clojure.lang.AFn.run(AFn.java:22)
	at io.netty.util.concurrent.AbstractEventExecutor.runTask(AbstractEventExecutor.java:148)
	at io.netty.util.concurrent.AbstractEventExecutor.safeExecute(AbstractEventExecutor.java:141)
	at io.netty.util.concurrent.SingleThreadEventExecutor.runAllTasks(SingleThreadEventExecutor.java:535)
	at io.netty.channel.SingleThreadIoEventLoop.run(SingleThreadIoEventLoop.java:201)
	at io.netty.util.concurrent.SingleThreadEventExecutor$5.run(SingleThreadEventExecutor.java:1195)
	at io.netty.util.internal.ThreadExecutorMap$2.run(ThreadExecutorMap.java:74)
	at manifold.executor$thread_factory$reify__842$f__843.invoke(executor.clj:71)
	at clojure.lang.AFn.run(AFn.java:22)
	at io.netty.util.concurrent.FastThreadLocalRunnable.run(FastThreadLocalRunnable.java:30)
	at java.base/java.lang.Thread.run(Thread.java:1516)

Sep 24, 2026 9:44:04 PM clojure.tools.logging$eval465$fn__468 invoke
SEVERE: error in deferred handler
java.util.concurrent.RejectedExecutionException
	at io.aleph.dirigiste.Executor.execute(Executor.java:349)
	at manifold.deferred.Deferred$fn__1957.invoke(deferred.clj:524)
	at manifold.deferred.Deferred.success(deferred.clj:524)
	at manifold.deferred$success_BANG_.invokeStatic(deferred.clj:369)
	at manifold.deferred$success_BANG_.invoke(deferred.clj:366)
	at aleph.http.server$eval12153$send_response__12156$fn__12165.invoke(server.clj:116)
	at clojure.lang.AFn.run(AFn.java:22)
	at io.netty.util.concurrent.AbstractEventExecutor.runTask(AbstractEventExecutor.java:148)
	at io.netty.util.concurrent.AbstractEventExecutor.safeExecute(AbstractEventExecutor.java:141)
	at io.netty.util.concurrent.SingleThreadEventExecutor.runAllTasks(SingleThreadEventExecutor.java:535)
	at io.netty.channel.SingleThreadIoEventLoop.run(SingleThreadIoEventLoop.java:201)
	at io.netty.util.concurrent.SingleThreadEventExecutor$5.run(SingleThreadEventExecutor.java:1195)
	at io.netty.util.internal.ThreadExecutorMap$2.run(ThreadExecutorMap.java:74)
	at manifold.executor$thread_factory$reify__842$f__843.invoke(executor.clj:71)
	at clojure.lang.AFn.run(AFn.java:22)
	at io.netty.util.concurrent.FastThreadLocalRunnable.run(FastThreadLocalRunnable.java:30)
	at java.base/java.lang.Thread.run(Thread.java:1516)

Sep 24, 2026 9:44:04 PM clojure.tools.logging$eval465$fn__468 invoke
SEVERE: error in deferred handler
java.util.concurrent.RejectedExecutionException
	at io.aleph.dirigiste.Executor.execute(Executor.java:349)
	at manifold.deferred.Deferred$fn__1957.invoke(deferred.clj:524)
	at manifold.deferred.Deferred.success(deferred.clj:524)
	at manifold.deferred$success_BANG_.invokeStatic(deferred.clj:369)
	at manifold.deferred$success_BANG_.invoke(deferred.clj:366)
	at aleph.http.server$eval12153$send_response__12156$fn__12165.invoke(server.clj:116)
	at clojure.lang.AFn.run(AFn.java:22)
	at io.netty.util.concurrent.AbstractEventExecutor.runTask(AbstractEventExecutor.java:148)
	at io.netty.util.concurrent.AbstractEventExecutor.safeExecute(AbstractEventExecutor.java:141)
	at io.netty.util.concurrent.SingleThreadEventExecutor.runAllTasks(SingleThreadEventExecutor.java:535)
	at io.netty.channel.SingleThreadIoEventLoop.run(SingleThreadIoEventLoop.java:201)
	at io.netty.util.concurrent.SingleThreadEventExecutor$5.run(SingleThreadEventExecutor.java:1195)
	at io.netty.util.internal.ThreadExecutorMap$2.run(ThreadExecutorMap.java:74)
	at manifold.executor$thread_factory$reify__842$f__843.invoke(executor.clj:71)
	at clojure.lang.AFn.run(AFn.java:22)
	at io.netty.util.concurrent.FastThreadLocalRunnable.run(FastThreadLocalRunnable.java:30)
	at java.base/java.lang.Thread.run(Thread.java:1516)

Sep 24, 2026 9:44:04 PM clojure.tools.logging$eval465$fn__468 invoke
SEVERE: error in deferred handler
java.util.concurrent.RejectedExecutionException
	at io.aleph.dirigiste.Executor.execute(Executor.java:349)
	at manifold.deferred.Deferred$fn__1957.invoke(deferred.clj:524)
	at manifold.deferred.Deferred.success(deferred.clj:524)
	at manifold.deferred$success_BANG_.invokeStatic(deferred.clj:369)
	at manifold.deferred$success_BANG_.invoke(deferred.clj:366)
	at aleph.http.server$eval12153$send_response__12156$fn__12165.invoke(server.clj:116)
	at clojure.lang.AFn.run(AFn.java:22)
	at io.netty.util.concurrent.AbstractEventExecutor.runTask(AbstractEventExecutor.java:148)
	at io.netty.util.concurrent.AbstractEventExecutor.safeExecute(AbstractEventExecutor.java:141)
	at io.netty.util.concurrent.SingleThreadEventExecutor.runAllTasks(SingleThreadEventExecutor.java:535)
	at io.netty.channel.SingleThreadIoEventLoop.run(SingleThreadIoEventLoop.java:201)
	at io.netty.util.concurrent.SingleThreadEventExecutor$5.run(SingleThreadEventExecutor.java:1195)
	at io.netty.util.internal.ThreadExecutorMap$2.run(ThreadExecutorMap.java:74)
	at manifold.executor$thread_factory$reify__842$f__843.invoke(executor.clj:71)
	at clojure.lang.AFn.run(AFn.java:22)
	at io.netty.util.concurrent.FastThreadLocalRunnable.run(FastThreadLocalRunnable.java:30)
	at java.base/java.lang.Thread.run(Thread.java:1516)

Sep 24, 2026 9:44:04 PM clojure.tools.logging$eval465$fn__468 invoke
SEVERE: error in deferred handler
java.util.concurrent.RejectedExecutionException
	at io.aleph.dirigiste.Executor.execute(Executor.java:349)
	at manifold.deferred.Deferred$fn__1957.invoke(deferred.clj:524)
	at manifold.deferred.Deferred.success(deferred.clj:524)
	at manifold.deferred$success_BANG_.invokeStatic(deferred.clj:369)
	at manifold.deferred$success_BANG_.invoke(deferred.clj:366)
	at aleph.http.server$eval12153$send_response__12156$fn__12165.invoke(server.clj:116)
	at clojure.lang.AFn.run(AFn.java:22)
	at io.netty.util.concurrent.AbstractEventExecutor.runTask(AbstractEventExecutor.java:148)
	at io.netty.util.concurrent.AbstractEventExecutor.safeExecute(AbstractEventExecutor.java:141)
	at io.netty.util.concurrent.SingleThreadEventExecutor.runAllTasks(SingleThreadEventExecutor.java:535)
	at io.netty.channel.SingleThreadIoEventLoop.run(SingleThreadIoEventLoop.java:201)
	at io.netty.util.concurrent.SingleThreadEventExecutor$5.run(SingleThreadEventExecutor.java:1195)
	at io.netty.util.internal.ThreadExecutorMap$2.run(ThreadExecutorMap.java:74)
	at manifold.executor$thread_factory$reify__842$f__843.invoke(executor.clj:71)
	at clojure.lang.AFn.run(AFn.java:22)
	at io.netty.util.concurrent.FastThreadLocalRunnable.run(FastThreadLocalRunnable.java:30)
	at java.base/java.lang.Thread.run(Thread.java:1516)

