SQLite open attempt 1 failed: 16 | 
17 | // Open SQLite database read-only
18 | let dbStmt: any = null;
19 | for (let attempt = 0; attempt < 3 && !dbStmt; attempt++) {
20 |   try {
21 |     const db = new Database("/data/benchmark.db", { readonly: true });
                    ^
SQLiteError: unable to open database file
      errno: 14,
 byteOffset: -1,
       code: "SQLITE_CANTOPEN"

      at new Database (bun:sqlite:260:28)
      at /app/server.ts:21:16
      at loadAndEvaluateModule (2:1)

SQLite open attempt 1 failed: 16 | 
17 | // Open SQLite database read-only
18 | let dbStmt: any = null;
19 | for (let attempt = 0; attempt < 3 && !dbStmt; attempt++) {
20 |   try {
21 |     const db = new Database("/data/benchmark.db", { readonly: true });
                    ^
SQLiteError: unable to open database file
      errno: 14,
 byteOffset: -1,
       code: "SQLITE_CANTOPEN"

      at new Database (bun:sqlite:260:28)
      at /app/server.ts:21:16
      at loadAndEvaluateModule (2:1)

SQLite open attempt 1 failed: 16 | 
17 | // Open SQLite database read-only
18 | let dbStmt: any = null;
19 | for (let attempt = 0; attempt < 3 && !dbStmt; attempt++) {
20 |   try {
21 |     const db = new Database("/data/benchmark.db", { readonly: true });
                    ^
SQLiteError: unable to open database file
      errno: 14,
 byteOffset: -1,
       code: "SQLITE_CANTOPEN"

      at new Database (bun:sqlite:260:28)
      at /app/server.ts:21:16
      at loadAndEvaluateModule (2:1)

SQLite open attempt 1 failed: 16 | 
17 | // Open SQLite database read-only
18 | let dbStmt: any = null;
19 | for (let attempt = 0; attempt < 3 && !dbStmt; attempt++) {
20 |   try {
21 |     const db = new Database("/data/benchmark.db", { readonly: true });
                    ^
SQLiteError: unable to open database file
      errno: 14,
 byteOffset: -1,
       code: "SQLITE_CANTOPEN"

      at new Database (bun:sqlite:260:28)
      at /app/server.ts:21:16
      at loadAndEvaluateModule (2:1)

SQLite open attempt 1 failed: 16 | 
17 | // Open SQLite database read-only
18 | let dbStmt: any = null;
19 | for (let attempt = 0; attempt < 3 && !dbStmt; attempt++) {
20 |   try {
21 |     const db = new Database("/data/benchmark.db", { readonly: true });
                    ^
SQLiteError: unable to open database file
      errno: 14,
 byteOffset: -1,
       code: "SQLITE_CANTOPEN"

      at new Database (bun:sqlite:260:28)
      at /app/server.ts:21:16
      at loadAndEvaluateModule (2:1)

SQLite open attempt 1 failed: 16 | 
17 | // Open SQLite database read-only
18 | let dbStmt: any = null;
19 | for (let attempt = 0; attempt < 3 && !dbStmt; attempt++) {
20 |   try {
21 |     const db = new Database("/data/benchmark.db", { readonly: true });
                    ^
SQLiteError: unable to open database file
      errno: 14,
 byteOffset: -1,
       code: "SQLITE_CANTOPEN"

      at new Database (bun:sqlite:260:28)
      at /app/server.ts:21:16
      at loadAndEvaluateModule (2:1)

SQLite open attempt 1 failed: 16 | 
17 | // Open SQLite database read-only
18 | let dbStmt: any = null;
19 | for (let attempt = 0; attempt < 3 && !dbStmt; attempt++) {
20 |   try {
21 |     const db = new Database("/data/benchmark.db", { readonly: true });
                    ^
SQLiteError: unable to open database file
      errno: 14,
 byteOffset: -1,
       code: "SQLITE_CANTOPEN"

      at new Database (bun:sqlite:260:28)
      at /app/server.ts:21:16
      at loadAndEvaluateModule (2:1)

SQLite open attempt 1 failed: 16 | 
17 | // Open SQLite database read-only
18 | let dbStmt: any = null;
19 | for (let attempt = 0; attempt < 3 && !dbStmt; attempt++) {
20 |   try {
21 |     const db = new Database("/data/benchmark.db", { readonly: true });
                    ^
SQLiteError: unable to open database file
      errno: 14,
 byteOffset: -1,
       code: "SQLITE_CANTOPEN"

      at new Database (bun:sqlite:260:28)
      at /app/server.ts:21:16
      at loadAndEvaluateModule (2:1)

SQLite open attempt 1 failed: 16 | 
17 | // Open SQLite database read-only
18 | let dbStmt: any = null;
19 | for (let attempt = 0; attempt < 3 && !dbStmt; attempt++) {
20 |   try {
21 |     const db = new Database("/data/benchmark.db", { readonly: true });
                    ^
SQLiteError: unable to open database file
      errno: 14,
 byteOffset: -1,
       code: "SQLITE_CANTOPEN"

      at new Database (bun:sqlite:260:28)
      at /app/server.ts:21:16
      at loadAndEvaluateModule (2:1)

SQLite open attempt 1 failed: 16 | 
17 | // Open SQLite database read-only
18 | let dbStmt: any = null;
19 | for (let attempt = 0; attempt < 3 && !dbStmt; attempt++) {
20 |   try {
21 |     const db = new Database("/data/benchmark.db", { readonly: true });
                    ^
SQLiteError: unable to open database file
      errno: 14,
 byteOffset: -1,
       code: "SQLITE_CANTOPEN"

      at new Database (bun:sqlite:260:28)
      at /app/server.ts:21:16
      at loadAndEvaluateModule (2:1)

SQLite open attempt 1 failed: 16 | 
17 | // Open SQLite database read-only
18 | let dbStmt: any = null;
19 | for (let attempt = 0; attempt < 3 && !dbStmt; attempt++) {
20 |   try {
21 |     const db = new Database("/data/benchmark.db", { readonly: true });
                    ^
SQLiteError: unable to open database file
      errno: 14,
 byteOffset: -1,
       code: "SQLITE_CANTOPEN"

      at new Database (bun:sqlite:260:28)
      at /app/server.ts:21:16
      at loadAndEvaluateModule (2:1)

SQLite open attempt 1 failed: 16 | 
17 | // Open SQLite database read-only
18 | let dbStmt: any = null;
19 | for (let attempt = 0; attempt < 3 && !dbStmt; attempt++) {
20 |   try {
21 |     const db = new Database("/data/benchmark.db", { readonly: true });
                    ^
SQLiteError: unable to open database file
      errno: 14,
 byteOffset: -1,
       code: "SQLITE_CANTOPEN"

      at new Database (bun:sqlite:260:28)
      at /app/server.ts:21:16
      at loadAndEvaluateModule (2:1)

SQLite open attempt 1 failed: 16 | 
17 | // Open SQLite database read-only
18 | let dbStmt: any = null;
19 | for (let attempt = 0; attempt < 3 && !dbStmt; attempt++) {
20 |   try {
21 |     const db = new Database("/data/benchmark.db", { readonly: true });
                    ^
SQLiteError: unable to open database file
      errno: 14,
 byteOffset: -1,
       code: "SQLITE_CANTOPEN"

      at new Database (bun:sqlite:260:28)
      at /app/server.ts:21:16
      at loadAndEvaluateModule (2:1)

SQLite open attempt 1 failed: 16 | 
17 | // Open SQLite database read-only
18 | let dbStmt: any = null;
19 | for (let attempt = 0; attempt < 3 && !dbStmt; attempt++) {
20 |   try {
21 |     const db = new Database("/data/benchmark.db", { readonly: true });
                    ^
SQLiteError: unable to open database file
      errno: 14,
 byteOffset: -1,
       code: "SQLITE_CANTOPEN"

      at new Database (bun:sqlite:260:28)
      at /app/server.ts:21:16
      at loadAndEvaluateModule (2:1)

SQLite open attempt 1 failed: 16 | 
17 | // Open SQLite database read-only
18 | let dbStmt: any = null;
19 | for (let attempt = 0; attempt < 3 && !dbStmt; attempt++) {
20 |   try {
21 |     const db = new Database("/data/benchmark.db", { readonly: true });
                    ^
SQLiteError: unable to open database file
      errno: 14,
 byteOffset: -1,
       code: "SQLITE_CANTOPEN"

      at new Database (bun:sqlite:260:28)
      at /app/server.ts:21:16
      at loadAndEvaluateModule (2:1)

SQLite open attempt 1 failed: 16 | 
17 | // Open SQLite database read-only
18 | let dbStmt: any = null;
19 | for (let attempt = 0; attempt < 3 && !dbStmt; attempt++) {
20 |   try {
21 |     const db = new Database("/data/benchmark.db", { readonly: true });
                    ^
SQLiteError: unable to open database file
      errno: 14,
 byteOffset: -1,
       code: "SQLITE_CANTOPEN"

      at new Database (bun:sqlite:260:28)
      at /app/server.ts:21:16
      at loadAndEvaluateModule (2:1)

SQLite open attempt 2 failed: 16 | 
17 | // Open SQLite database read-only
18 | let dbStmt: any = null;
19 | for (let attempt = 0; attempt < 3 && !dbStmt; attempt++) {
20 |   try {
21 |     const db = new Database("/data/benchmark.db", { readonly: true });
                    ^
SQLiteError: unable to open database file
      errno: 14,
 byteOffset: -1,
       code: "SQLITE_CANTOPEN"

      at new Database (bun:sqlite:260:28)
      at /app/server.ts:21:16
      at loadAndEvaluateModule (2:1)

SQLite open attempt 2 failed: 16 | 
17 | // Open SQLite database read-only
18 | let dbStmt: any = null;
19 | for (let attempt = 0; attempt < 3 && !dbStmt; attempt++) {
20 |   try {
21 |     const db = new Database("/data/benchmark.db", { readonly: true });
                    ^
SQLiteError: unable to open database file
      errno: 14,
 byteOffset: -1,
       code: "SQLITE_CANTOPEN"

      at new Database (bun:sqlite:260:28)
      at /app/server.ts:21:16
      at loadAndEvaluateModule (2:1)

SQLite open attempt 2 failed: 16 | 
17 | // Open SQLite database read-only
18 | let dbStmt: any = null;
19 | for (let attempt = 0; attempt < 3 && !dbStmt; attempt++) {
20 |   try {
21 |     const db = new Database("/data/benchmark.db", { readonly: true });
                    ^
SQLiteError: unable to open database file
      errno: 14,
 byteOffset: -1,
       code: "SQLITE_CANTOPEN"

      at new Database (bun:sqlite:260:28)
      at /app/server.ts:21:16
      at loadAndEvaluateModule (2:1)

SQLite open attempt 2 failed: 16 | 
17 | // Open SQLite database read-only
18 | let dbStmt: any = null;
19 | for (let attempt = 0; attempt < 3 && !dbStmt; attempt++) {
20 |   try {
21 |     const db = new Database("/data/benchmark.db", { readonly: true });
                    ^
SQLiteError: unable to open database file
      errno: 14,
 byteOffset: -1,
       code: "SQLITE_CANTOPEN"

      at new Database (bun:sqlite:260:28)
      at /app/server.ts:21:16
      at loadAndEvaluateModule (2:1)

SQLite open attempt 2 failed: 16 | 
17 | // Open SQLite database read-only
18 | let dbStmt: any = null;
19 | for (let attempt = 0; attempt < 3 && !dbStmt; attempt++) {
20 |   try {
21 |     const db = new Database("/data/benchmark.db", { readonly: true });
                    ^
SQLiteError: unable to open database file
      errno: 14,
 byteOffset: -1,
       code: "SQLITE_CANTOPEN"

      at new Database (bun:sqlite:260:28)
      at /app/server.ts:21:16
      at loadAndEvaluateModule (2:1)

SQLite open attempt 2 failed: 16 | 
17 | // Open SQLite database read-only
18 | let dbStmt: any = null;
19 | for (let attempt = 0; attempt < 3 && !dbStmt; attempt++) {
20 |   try {
21 |     const db = new Database("/data/benchmark.db", { readonly: true });
                    ^
SQLiteError: unable to open database file
      errno: 14,
 byteOffset: -1,
       code: "SQLITE_CANTOPEN"

      at new Database (bun:sqlite:260:28)
      at /app/server.ts:21:16
      at loadAndEvaluateModule (2:1)

SQLite open attempt 2 failed: 16 | 
17 | // Open SQLite database read-only
18 | let dbStmt: any = null;
19 | for (let attempt = 0; attempt < 3 && !dbStmt; attempt++) {
20 |   try {
21 |     const db = new Database("/data/benchmark.db", { readonly: true });
                    ^
SQLiteError: unable to open database file
      errno: 14,
 byteOffset: -1,
       code: "SQLITE_CANTOPEN"

      at new Database (bun:sqlite:260:28)
      at /app/server.ts:21:16
      at loadAndEvaluateModule (2:1)

SQLite open attempt 2 failed: 16 | 
17 | // Open SQLite database read-only
18 | let dbStmt: any = null;
19 | for (let attempt = 0; attempt < 3 && !dbStmt; attempt++) {
20 |   try {
21 |     const db = new Database("/data/benchmark.db", { readonly: true });
                    ^
SQLiteError: unable to open database file
      errno: 14,
 byteOffset: -1,
       code: "SQLITE_CANTOPEN"

      at new Database (bun:sqlite:260:28)
      at /app/server.ts:21:16
      at loadAndEvaluateModule (2:1)

SQLite open attempt 2 failed: 16 | 
17 | // Open SQLite database read-only
18 | let dbStmt: any = null;
19 | for (let attempt = 0; attempt < 3 && !dbStmt; attempt++) {
20 |   try {
21 |     const db = new Database("/data/benchmark.db", { readonly: true });
                    ^
SQLiteError: unable to open database file
      errno: 14,
 byteOffset: -1,
       code: "SQLITE_CANTOPEN"

      at new Database (bun:sqlite:260:28)
      at /app/server.ts:21:16
      at loadAndEvaluateModule (2:1)

SQLite open attempt 2 failed: 16 | 
17 | // Open SQLite database read-only
18 | let dbStmt: any = null;
19 | for (let attempt = 0; attempt < 3 && !dbStmt; attempt++) {
20 |   try {
21 |     const db = new Database("/data/benchmark.db", { readonly: true });
                    ^
SQLiteError: unable to open database file
      errno: 14,
 byteOffset: -1,
       code: "SQLITE_CANTOPEN"

      at new Database (bun:sqlite:260:28)
      at /app/server.ts:21:16
      at loadAndEvaluateModule (2:1)

SQLite open attempt 2 failed: 16 | 
17 | // Open SQLite database read-only
18 | let dbStmt: any = null;
19 | for (let attempt = 0; attempt < 3 && !dbStmt; attempt++) {
20 |   try {
21 |     const db = new Database("/data/benchmark.db", { readonly: true });
                    ^
SQLiteError: unable to open database file
      errno: 14,
 byteOffset: -1,
       code: "SQLITE_CANTOPEN"

      at new Database (bun:sqlite:260:28)
      at /app/server.ts:21:16
      at loadAndEvaluateModule (2:1)

SQLite open attempt 2 failed: 16 | 
17 | // Open SQLite database read-only
18 | let dbStmt: any = null;
19 | for (let attempt = 0; attempt < 3 && !dbStmt; attempt++) {
20 |   try {
21 |     const db = new Database("/data/benchmark.db", { readonly: true });
                    ^
SQLiteError: unable to open database file
      errno: 14,
 byteOffset: -1,
       code: "SQLITE_CANTOPEN"

      at new Database (bun:sqlite:260:28)
      at /app/server.ts:21:16
      at loadAndEvaluateModule (2:1)

SQLite open attempt 2 failed: 16 | 
17 | // Open SQLite database read-only
18 | let dbStmt: any = null;
19 | for (let attempt = 0; attempt < 3 && !dbStmt; attempt++) {
20 |   try {
21 |     const db = new Database("/data/benchmark.db", { readonly: true });
                    ^
SQLiteError: unable to open database file
      errno: 14,
 byteOffset: -1,
       code: "SQLITE_CANTOPEN"

      at new Database (bun:sqlite:260:28)
      at /app/server.ts:21:16
      at loadAndEvaluateModule (2:1)

SQLite open attempt 2 failed: 16 | 
17 | // Open SQLite database read-only
18 | let dbStmt: any = null;
19 | for (let attempt = 0; attempt < 3 && !dbStmt; attempt++) {
20 |   try {
21 |     const db = new Database("/data/benchmark.db", { readonly: true });
                    ^
SQLiteError: unable to open database file
      errno: 14,
 byteOffset: -1,
       code: "SQLITE_CANTOPEN"

      at new Database (bun:sqlite:260:28)
      at /app/server.ts:21:16
      at loadAndEvaluateModule (2:1)

SQLite open attempt 2 failed: 16 | 
17 | // Open SQLite database read-only
18 | let dbStmt: any = null;
19 | for (let attempt = 0; attempt < 3 && !dbStmt; attempt++) {
20 |   try {
21 |     const db = new Database("/data/benchmark.db", { readonly: true });
                    ^
SQLiteError: unable to open database file
      errno: 14,
 byteOffset: -1,
       code: "SQLITE_CANTOPEN"

      at new Database (bun:sqlite:260:28)
      at /app/server.ts:21:16
      at loadAndEvaluateModule (2:1)

SQLite open attempt 2 failed: 16 | 
17 | // Open SQLite database read-only
18 | let dbStmt: any = null;
19 | for (let attempt = 0; attempt < 3 && !dbStmt; attempt++) {
20 |   try {
21 |     const db = new Database("/data/benchmark.db", { readonly: true });
                    ^
SQLiteError: unable to open database file
      errno: 14,
 byteOffset: -1,
       code: "SQLITE_CANTOPEN"

      at new Database (bun:sqlite:260:28)
      at /app/server.ts:21:16
      at loadAndEvaluateModule (2:1)

SQLite open attempt 3 failed: 16 | 
17 | // Open SQLite database read-only
18 | let dbStmt: any = null;
19 | for (let attempt = 0; attempt < 3 && !dbStmt; attempt++) {
20 |   try {
21 |     const db = new Database("/data/benchmark.db", { readonly: true });
                    ^
SQLiteError: unable to open database file
      errno: 14,
 byteOffset: -1,
       code: "SQLITE_CANTOPEN"

      at new Database (bun:sqlite:260:28)
      at /app/server.ts:21:16
      at loadAndEvaluateModule (2:1)

SQLite open attempt 3 failed: 16 | 
17 | // Open SQLite database read-only
18 | let dbStmt: any = null;
19 | for (let attempt = 0; attempt < 3 && !dbStmt; attempt++) {
20 |   try {
21 |     const db = new Database("/data/benchmark.db", { readonly: true });
                    ^
SQLiteError: unable to open database file
      errno: 14,
 byteOffset: -1,
       code: "SQLITE_CANTOPEN"

      at new Database (bun:sqlite:260:28)
      at /app/server.ts:21:16
      at loadAndEvaluateModule (2:1)

SQLite open attempt 3 failed: 16 | 
17 | // Open SQLite database read-only
18 | let dbStmt: any = null;
19 | for (let attempt = 0; attempt < 3 && !dbStmt; attempt++) {
20 |   try {
21 |     const db = new Database("/data/benchmark.db", { readonly: true });
                    ^
SQLiteError: unable to open database file
      errno: 14,
 byteOffset: -1,
       code: "SQLITE_CANTOPEN"

      at new Database (bun:sqlite:260:28)
      at /app/server.ts:21:16
      at loadAndEvaluateModule (2:1)

SQLite open attempt 3 failed: 16 | 
17 | // Open SQLite database read-only
18 | let dbStmt: any = null;
19 | for (let attempt = 0; attempt < 3 && !dbStmt; attempt++) {
20 |   try {
21 |     const db = new Database("/data/benchmark.db", { readonly: true });
                    ^
SQLiteError: unable to open database file
      errno: 14,
 byteOffset: -1,
       code: "SQLITE_CANTOPEN"

      at new Database (bun:sqlite:260:28)
      at /app/server.ts:21:16
      at loadAndEvaluateModule (2:1)

SQLite open attempt 3 failed: 16 | 
17 | // Open SQLite database read-only
18 | let dbStmt: any = null;
19 | for (let attempt = 0; attempt < 3 && !dbStmt; attempt++) {
20 |   try {
21 |     const db = new Database("/data/benchmark.db", { readonly: true });
                    ^
SQLiteError: unable to open database file
      errno: 14,
 byteOffset: -1,
       code: "SQLITE_CANTOPEN"

      at new Database (bun:sqlite:260:28)
      at /app/server.ts:21:16
      at loadAndEvaluateModule (2:1)

SQLite open attempt 3 failed: 16 | 
17 | // Open SQLite database read-only
18 | let dbStmt: any = null;
19 | for (let attempt = 0; attempt < 3 && !dbStmt; attempt++) {
20 |   try {
21 |     const db = new Database("/data/benchmark.db", { readonly: true });
                    ^
SQLiteError: unable to open database file
      errno: 14,
 byteOffset: -1,
       code: "SQLITE_CANTOPEN"

      at new Database (bun:sqlite:260:28)
      at /app/server.ts:21:16
      at loadAndEvaluateModule (2:1)

SQLite open attempt 3 failed: 16 | 
17 | // Open SQLite database read-only
18 | let dbStmt: any = null;
19 | for (let attempt = 0; attempt < 3 && !dbStmt; attempt++) {
20 |   try {
21 |     const db = new Database("/data/benchmark.db", { readonly: true });
                    ^
SQLiteError: unable to open database file
      errno: 14,
 byteOffset: -1,
       code: "SQLITE_CANTOPEN"

      at new Database (bun:sqlite:260:28)
      at /app/server.ts:21:16
      at loadAndEvaluateModule (2:1)

SQLite open attempt 3 failed: 16 | 
17 | // Open SQLite database read-only
18 | let dbStmt: any = null;
19 | for (let attempt = 0; attempt < 3 && !dbStmt; attempt++) {
20 |   try {
21 |     const db = new Database("/data/benchmark.db", { readonly: true });
                    ^
SQLiteError: unable to open database file
      errno: 14,
 byteOffset: -1,
       code: "SQLITE_CANTOPEN"

      at new Database (bun:sqlite:260:28)
      at /app/server.ts:21:16
      at loadAndEvaluateModule (2:1)

SQLite open attempt 3 failed: 16 | 
17 | // Open SQLite database read-only
18 | let dbStmt: any = null;
19 | for (let attempt = 0; attempt < 3 && !dbStmt; attempt++) {
20 |   try {
21 |     const db = new Database("/data/benchmark.db", { readonly: true });
                    ^
SQLiteError: unable to open database file
      errno: 14,
 byteOffset: -1,
       code: "SQLITE_CANTOPEN"

      at new Database (bun:sqlite:260:28)
      at /app/server.ts:21:16
      at loadAndEvaluateModule (2:1)

SQLite open attempt 3 failed: 16 | 
17 | // Open SQLite database read-only
18 | let dbStmt: any = null;
19 | for (let attempt = 0; attempt < 3 && !dbStmt; attempt++) {
20 |   try {
21 |     const db = new Database("/data/benchmark.db", { readonly: true });
                    ^
SQLiteError: unable to open database file
      errno: 14,
 byteOffset: -1,
       code: "SQLITE_CANTOPEN"

      at new Database (bun:sqlite:260:28)
      at /app/server.ts:21:16
      at loadAndEvaluateModule (2:1)

SQLite open attempt 3 failed: 16 | 
17 | // Open SQLite database read-only
18 | let dbStmt: any = null;
19 | for (let attempt = 0; attempt < 3 && !dbStmt; attempt++) {
20 |   try {
21 |     const db = new Database("/data/benchmark.db", { readonly: true });
                    ^
SQLiteError: unable to open database file
      errno: 14,
 byteOffset: -1,
       code: "SQLITE_CANTOPEN"

      at new Database (bun:sqlite:260:28)
      at /app/server.ts:21:16
      at loadAndEvaluateModule (2:1)

SQLite open attempt 3 failed: 16 | 
17 | // Open SQLite database read-only
18 | let dbStmt: any = null;
19 | for (let attempt = 0; attempt < 3 && !dbStmt; attempt++) {
20 |   try {
21 |     const db = new Database("/data/benchmark.db", { readonly: true });
                    ^
SQLiteError: unable to open database file
      errno: 14,
 byteOffset: -1,
       code: "SQLITE_CANTOPEN"

      at new Database (bun:sqlite:260:28)
      at /app/server.ts:21:16
      at loadAndEvaluateModule (2:1)

SQLite open attempt 3 failed: 16 | 
17 | // Open SQLite database read-only
18 | let dbStmt: any = null;
19 | for (let attempt = 0; attempt < 3 && !dbStmt; attempt++) {
20 |   try {
21 |     const db = new Database("/data/benchmark.db", { readonly: true });
                    ^
SQLiteError: unable to open database file
      errno: 14,
 byteOffset: -1,
       code: "SQLITE_CANTOPEN"

      at new Database (bun:sqlite:260:28)
      at /app/server.ts:21:16
      at loadAndEvaluateModule (2:1)

SQLite open attempt 3 failed: 16 | 
17 | // Open SQLite database read-only
18 | let dbStmt: any = null;
19 | for (let attempt = 0; attempt < 3 && !dbStmt; attempt++) {
20 |   try {
21 |     const db = new Database("/data/benchmark.db", { readonly: true });
                    ^
SQLiteError: unable to open database file
      errno: 14,
 byteOffset: -1,
       code: "SQLITE_CANTOPEN"

      at new Database (bun:sqlite:260:28)
      at /app/server.ts:21:16
      at loadAndEvaluateModule (2:1)

SQLite open attempt 3 failed: 16 | 
17 | // Open SQLite database read-only
18 | let dbStmt: any = null;
19 | for (let attempt = 0; attempt < 3 && !dbStmt; attempt++) {
20 |   try {
21 |     const db = new Database("/data/benchmark.db", { readonly: true });
                    ^
SQLiteError: unable to open database file
      errno: 14,
 byteOffset: -1,
       code: "SQLITE_CANTOPEN"

      at new Database (bun:sqlite:260:28)
      at /app/server.ts:21:16
      at loadAndEvaluateModule (2:1)

SQLite open attempt 3 failed: 16 | 
17 | // Open SQLite database read-only
18 | let dbStmt: any = null;
19 | for (let attempt = 0; attempt < 3 && !dbStmt; attempt++) {
20 |   try {
21 |     const db = new Database("/data/benchmark.db", { readonly: true });
                    ^
SQLiteError: unable to open database file
      errno: 14,
 byteOffset: -1,
       code: "SQLITE_CANTOPEN"

      at new Database (bun:sqlite:260:28)
      at /app/server.ts:21:16
      at loadAndEvaluateModule (2:1)

