Exec: /app/erts-17.0.1/bin/erlexec -noinput +Bd -boot /app/releases/0.1.0/start -mode embedded -boot_var SYSTEM_LIB_DIR /app/lib -config /app/releases/0.1.0/sys.config -args_file /app/releases/0.1.0/vm.args -- foreground
Root: /app
/app
=ESOCK WARNING MSG==== 01-Jun-2026::01:37:17.217908 ===
[UNIX-ESSIO] Failed open sctp dynamic library: libsctp.so.1
=NOTICE REPORT==== 1-Jun-2026::01:37:34.170922 ===
    reason: closed
    msg: roadrunner response send failed
    phase: buffered_response
=NOTICE REPORT==== 1-Jun-2026::01:37:34.173506 ===
    reason: closed
    msg: roadrunner response send failed
    phase: buffered_response
=NOTICE REPORT==== 1-Jun-2026::01:37:34.173946 ===
    reason: closed
    msg: roadrunner response send failed
    phase: buffered_response
=NOTICE REPORT==== 1-Jun-2026::01:37:34.176867 ===
    reason: closed
    msg: roadrunner response send failed
    phase: buffered_response
=NOTICE REPORT==== 1-Jun-2026::01:37:34.177915 ===
    reason: closed
    msg: roadrunner response send failed
    phase: buffered_response
=NOTICE REPORT==== 1-Jun-2026::01:37:34.178189 ===
    reason: closed
    msg: roadrunner response send failed
    phase: buffered_response
=NOTICE REPORT==== 1-Jun-2026::01:37:34.178885 ===
    reason: closed
    msg: roadrunner response send failed
    phase: buffered_response
