entrypoint: postgres enabled (postgres://bench@127.0.0.1:5432/benchmark?sslmode=disable) pool_size_per_worker=4 (nproc=16, max_conn=256)
info: [master] starting 16 workers on :8080
info: [master] forked worker 0 (pid 21)
info: [w0] worker starting
info: [master] forked worker 1 (pid 22)
info: [w1] worker starting
info: [master] forked worker 2 (pid 23)
info: [w2] worker starting
info: [master] forked worker 3 (pid 24)
info: [w3] worker starting
info: [master] forked worker 4 (pid 25)
info: [w4] worker starting
info: [master] forked worker 5 (pid 26)
info: [w5] worker starting
info: [master] forked worker 6 (pid 27)
info: [w6] worker starting
info: [master] forked worker 7 (pid 28)
info: [w7] worker starting
info: [master] forked worker 8 (pid 29)
info: [w8] worker starting
info: [master] forked worker 9 (pid 30)
info: [w9] worker starting
info: [master] forked worker 10 (pid 31)
info: [w10] worker starting
info: [master] forked worker 11 (pid 32)
info: [w11] worker starting
info: [master] forked worker 12 (pid 33)
info: [w12] worker starting
info: [master] forked worker 13 (pid 34)
info: [w13] worker starting
info: [master] forked worker 14 (pid 35)
info: [master] forked worker 15 (pid 36)
info: [w14] worker starting
info: [w15] worker starting
info: postgres: client configured for 127.0.0.1:5432 (pool 4, sslmode=info: postgres: client configured for 127.0.0.1:5432 (pool 4, sslmode=disable)
disable)
info: postgres: client configured for 127.0.0.1:5432 (pool 4, sslmode=disable)
info: postgres: client configured for 127.0.0.1:5432 (pool 4, sslmode=info: postgres: client configured for 127.0.0.1:5432 (pool 4, sslmode=disable)
disable)
info: postgres: client configured for 127.0.0.1:5432 (pool 4, sslmode=disable)
info: postgres: client configured for 127.0.0.1:5432 (pool 4, sslmode=info: postgres: client configured for 127.0.0.1:5432 (pool 4, sslmode=disable)
disable)
info: postgres: client configured for 127.0.0.1:5432 (pool 4, sslmode=disable)
info: postgres: client configured for 127.0.0.1:5432 (pool 4, sslmode=disable)
info: postgres: client configured for 127.0.0.1:5432 (pool 4, sslmode=disable)
info: postgres: client configured for 127.0.0.1:5432 (pool 4, sslmode=disable)
info: postgres: client configured for 127.0.0.1:5432 (pool 4, sslmode=disable)
info: postgres: client configured for 127.0.0.1:5432 (pool 4, sslmode=disable)
info: postgres: slot 0: connection ready (backend pid 107)
info: postgres: client configured for 127.0.0.1:5432 (pool 4, sslmode=disable)
info: postgres: slot 0: connection ready (backend pid 108)
info: postgres: slot 0: connection ready (backend pid 109)
info: postgres: slot 1: connection ready (backend pid 110)
info: postgres: slot 1: connection ready (backend pid 111)
info: postgres: slot 2: connection ready (backend pid 112)
info: postgres: client configured for 127.0.0.1:5432 (pool 4, sslmode=disable)
info: postgres: slot 2: connection ready (backend pid 113)
info: postgres: slot 3: connection ready (backend pid 114)
info: postgres: slot 3: connection ready (backend pid 115)
info: postgres: slot 1: connection ready (backend pid 116)
info: postgres: slot 2: connection ready (backend pid 118)
info: postgres: slot 0: connection ready (backend pid 117)
info: postgres: slot 1: connection ready (backend pid 120)
info: postgres: slot 3: connection ready (backend pid 119)
info: postgres: slot 0: connection ready (backend pid 121)
info: postgres: slot 0: connection ready (backend pid 122)
info: postgres: slot 2: connection ready (backend pid 123)
info: postgres: slot 1: connection ready (backend pid 124)
info: postgres: slot 1: connection ready (backend pid 125)
info: postgres: slot 3: connection ready (backend pid 126)
info: postgres: slot 2: connection ready (backend pid 127)
info: postgres: slot 2: connection ready (backend pid 128)
info: postgres: slot 3: connection ready (backend pid 129)
info: postgres: slot 3: connection ready (backend pid 130)
info: postgres: slot 0: connection ready (backend pid 131)
info: postgres: slot 1: connection ready (backend pid 133)
info: postgres: slot 0: connection ready (backend pid 132)
info: postgres: slot 1: connection ready (backend pid 134)
info: postgres: slot 2: connection ready (backend pid 135)
info: postgres: slot 2: connection ready (backend pid 136)
info: postgres: slot 3: connection ready (backend pid 137)
info: postgres: slot 3: connection ready (backend pid 138)
info: postgres: slot 0: connection ready (backend pid 139)
info: postgres: slot 1: connection ready (backend pid 140)
info: postgres: slot 2: connection ready (backend pid 141)
info: postgres: slot 3: connection ready (backend pid 142)
info: postgres: slot 0: connection ready (backend pid 143)
info: postgres: slot 1: connection ready (backend pid 144)
info: postgres: slot 2: connection ready (backend pid 145)
info: postgres: slot 3: connection ready (backend pid 146)
info: postgres: slot 0: connection ready (backend pid 147)
info: postgres: slot 0: connection ready (backend pid 148)
info: postgres: slot 1: connection ready (backend pid 149)
info: postgres: slot 1: connection ready (backend pid 150)
info: postgres: slot 2: connection ready (backend pid 151)
info: postgres: slot 2: connection ready (backend pid 152)
info: postgres: slot 3: connection ready (backend pid 153)
info: postgres: slot 3: connection ready (backend pid 154)
info: postgres: slot 0: connection ready (backend pid 155)
info: postgres: slot 1: connection ready (backend pid 156)
info: postgres: slot 2: connection ready (backend pid 157)
info: postgres: slot 3: connection ready (backend pid 158)
info: postgres: slot 0: connection ready (backend pid 159)
info: postgres: slot 1: connection ready (backend pid 160)
info: postgres: slot 3: connection ready (backend pid 162)
info: postgres: slot 2: connection ready (backend pid 161)
info: postgres: slot 0: connection ready (backend pid 163)
info: postgres: slot 1: connection ready (backend pid 164)
info: postgres: slot 2: connection ready (backend pid 165)
info: postgres: slot 3: connection ready (backend pid 166)
info: postgres: slot 0: connection ready (backend pid 167)
info: postgres: slot 1: connection ready (backend pid 168)
info: postgres: slot 2: connection ready (backend pid 169)
info: postgres: slot 3: connection ready (backend pid 170)
entrypoint: PG pools warm (25 consecutive, after 26 polls)
