Sep 18, 2026 11:52:46 PM io.helidon.logging.jul.JulProvider doConfigureLogging
INFO: Logging at runtime configured using defaults
Sep 18, 2026 11:52:47 PM io.helidon.common.features.HelidonFeatures features
INFO: Helidon SE 27.0.0 features: [Config, Encoding, JSON, Media, Registry, Tracing, WebServer]
Sep 18, 2026 11:52:47 PM io.helidon.common.features.HelidonFeatures features
INFO: You are using preview features. These APIs are production ready, yet may change more frequently. Please follow Helidon release changelog!
Sep 18, 2026 11:52:47 PM io.helidon.common.features.HelidonFeatures lambda$features$6
INFO: 	Preview feature: GRPC (WebServer/GRPC)
Sep 18, 2026 11:52:47 PM io.helidon.webserver.SocketTransportBinding logStarted
INFO: [0x74ab4edf] http://0.0.0.0:8082 bound for socket 'h2c'
Sep 18, 2026 11:52:47 PM io.helidon.webserver.SocketTransportBinding logStarted
INFO: [0x2ce338e0] http://0.0.0.0:8080 bound for socket '@default'
Sep 18, 2026 11:52:47 PM io.helidon.webserver.SocketTransportBinding logStarted
INFO: [0x6c8465a9] https://0.0.0.0:8443 bound for socket 'h2-tls'
Sep 18, 2026 11:52:47 PM io.helidon.webserver.SocketTransportBinding logStarted
INFO: [0x47af5c07] https://0.0.0.0:8081 bound for socket 'h1-tls'
Sep 18, 2026 11:52:47 PM io.helidon.webserver.LoomServer startIt
INFO: Started all channels in 37 milliseconds. 1097 milliseconds since JVM startup. Java 27+35-2325
Helidon HttpArena server started on ports: 
plain (8080)
https (8443)
h1tls (8081)
h2c (8082)
