Oct 09, 2026 7:18:42 PM io.helidon.logging.jul.JulProvider doConfigureLogging
INFO: Logging at runtime configured using defaults
Oct 09, 2026 7:18:43 PM io.helidon.common.features.HelidonFeatures features
INFO: Helidon SE 27.0.0 features: [Config, Encoding, JSON, Media, Registry, Tracing, WebServer]
Oct 09, 2026 7:18:43 PM io.helidon.common.features.HelidonFeatures features
INFO: You are using preview features. These APIs are production ready, yet may change more frequently. Please follow Helidon release changelog!
Oct 09, 2026 7:18:43 PM io.helidon.common.features.HelidonFeatures lambda$features$6
INFO: 	Preview feature: GRPC (WebServer/GRPC)
Oct 09, 2026 7:18:43 PM io.helidon.webserver.SocketTransportBinding logStarted
INFO: [0x744ba9be] http://0.0.0.0:8082 bound for socket 'h2c'
Oct 09, 2026 7:18:43 PM io.helidon.webserver.SocketTransportBinding logStarted
INFO: [0x33401d89] http://0.0.0.0:8080 bound for socket '@default'
Oct 09, 2026 7:18:43 PM io.helidon.webserver.SocketTransportBinding logStarted
INFO: [0x18e6d192] https://0.0.0.0:8443 bound for socket 'h2-tls'
Oct 09, 2026 7:18:43 PM io.helidon.webserver.SocketTransportBinding logStarted
INFO: [0x3d47823d] https://0.0.0.0:8081 bound for socket 'h1-tls'
Oct 09, 2026 7:18:43 PM io.helidon.webserver.LoomServer startIt
INFO: Started all channels in 35 milliseconds. 1081 milliseconds since JVM startup. Java 27+35-2325
Helidon HttpArena server started on ports: 
plain (8080)
https (8443)
h1tls (8081)
h2c (8082)
