Loaded 50 dataset items from /data/dataset.json
[main(----) WRN] Vibe was run as root, and no user/group has been specified for privilege lowering. Running with full permissions.
Listening for requests on http://0.0.0.0:8080/
Listening for requests on http://0.0.0.0:8080/
Listening for requests on http://0.0.0.0:8080/
Listening for requests on http://0.0.0.0:8080/
Listening for requests on http://0.0.0.0:8080/
Listening for requests on http://0.0.0.0:8080/
Listening for requests on http://0.0.0.0:8080/
Listening for requests on http://0.0.0.0:8080/
Listening for requests on http://0.0.0.0:8080/
Listening for requests on http://0.0.0.0:8080/
Listening for requests on http://0.0.0.0:8080/
Listening for requests on http://0.0.0.0:8080/
Listening for requests on http://0.0.0.0:8080/
Listening for requests on http://0.0.0.0:8080/
Listening for requests on http://0.0.0.0:8080/
Listening for requests on http://0.0.0.0:8080/
Listening for requests on http://0.0.0.0:8080/
Listening for requests on http://0.0.0.0:8080/
Listening for requests on http://0.0.0.0:8080/
Listening for requests on http://0.0.0.0:8080/
Listening for requests on http://0.0.0.0:8080/
Listening for requests on http://0.0.0.0:8080/
Listening for requests on http://0.0.0.0:8080/
Listening for requests on http://0.0.0.0:8080/
Listening for requests on http://0.0.0.0:8080/
Listening for requests on http://0.0.0.0:8080/
Listening for requests on http://0.0.0.0:8080/
Listening for requests on http://0.0.0.0:8080/
Listening for requests on http://0.0.0.0:8080/
Listening for requests on http://0.0.0.0:8080/
Listening for requests on http://0.0.0.0:8080/
Listening for requests on http://0.0.0.0:8080/
Listening for requests on http://0.0.0.0:8080/
Listening for requests on http://0.0.0.0:8080/
Listening for requests on http://0.0.0.0:8080/
Listening for requests on http://0.0.0.0:8080/
Listening for requests on http://0.0.0.0:8080/
Listening for requests on http://0.0.0.0:8080/
Listening for requests on http://0.0.0.0:8080/
Listening for requests on http://0.0.0.0:8080/
Listening for requests on http://0.0.0.0:8080/
Listening for requests on http://0.0.0.0:8080/
Listening for requests on http://0.0.0.0:8080/
Listening for requests on http://0.0.0.0:8080/
Listening for requests on http://0.0.0.0:8080/
Listening for requests on http://0.0.0.0:8080/
Listening for requests on http://0.0.0.0:8080/
Listening for requests on http://0.0.0.0:8080/
Listening for requests on http://0.0.0.0:8080/
Listening for requests on http://0.0.0.0:8080/
Listening for requests on http://0.0.0.0:8080/
Listening for requests on http://0.0.0.0:8080/
Listening for requests on http://0.0.0.0:8080/
Listening for requests on http://0.0.0.0:8080/
Listening for requests on http://0.0.0.0:8080/
Listening for requests on http://0.0.0.0:8080/
Listening for requests on http://0.0.0.0:8080/
Listening for requests on http://0.0.0.0:8080/
Listening for requests on http://0.0.0.0:8080/
Listening for requests on http://0.0.0.0:8080/
Listening for requests on http://0.0.0.0:8080/
Listening for requests on http://0.0.0.0:8080/
Listening for requests on http://0.0.0.0:8080/
Listening for requests on http://0.0.0.0:8080/
sock error 104!
sock error 104!
sock error 104!
sock error 104!
sock error 104!
sock error 104!
sock error 104!
sock error 104!
sock error 104!
sock error 104!
sock error 104!
sock error 104!
sock error 104!
sock error 104!
sock error 104!
sock error 104!
sock error 104!
sock error 104!
sock error 104!
sock error 104!
sock error 104!
sock error 104!
sock error 104!
sock error 104!
sock error 104!
sock error 104!
sock error 104!
sock error 104!
sock error 104!
sock error 104!
sock error 104!
sock error 104!
sock error 104!
sock error 104!
sock error 104!
sock error 104!
sock error 104!
sock error 104!
sock error 104!
sock error 104!
sock error 104!
sock error 104!
sock error 104!
sock error 104!
sock error 104!
sock error 104!
sock error 104!
sock error 104!
sock error 104!
sock error 104!
sock error 104!
sock error 104!
sock error 104!
sock error 104!
sock error 104!
sock error 104!
sock error 104!
sock error 104!
sock error 104!
sock error 104!
sock error 104!
sock error 104!
sock error 104!
sock error 104!
sock error 104!
sock error 104!
sock error 104!
sock error 104!
sock error 104!
sock error 104!
sock error 104!
sock error 104!
sock error 104!
sock error 104!
sock error 104!
sock error 104!
sock error 104!
sock error 104!
sock error 104!
sock error 104!
sock error 104!
sock error 104!
sock error 104!
sock error 104!
sock error 104!
sock error 104!
sock error 104!
[vibe-worker-40(AxuI) ERR] HTTP connection handler has thrown at the peer 127.0.0.1:30944: Connection closed while writing data.
sock error 104!
sock error 104!
sock error 104!
sock error 104!
sock error 104!
sock error 104!
sock error 104!
sock error 104!
sock error 104!
sock error 104!
sock error 104!
sock error 104!
sock error 104!
sock error 104!
sock error 104!
sock error 104!
sock error 104!
sock error 104!
sock error 104!
sock error 104!
sock error 104!
sock error 104!
sock error 104!
sock error 104!
sock error 104!
sock error 104!
sock error 104!
sock error 104!
sock error 104!
sock error 104!
sock error 104!
sock error 104!
sock error 104!
sock error 104!
sock error 104!
sock error 104!
sock error 104!
sock error 104!
sock error 104!
sock error 104!
sock error 104!
sock error 104!
sock error 104!
sock error 104!
sock error 104!
sock error 104!
sock error 104!
sock error 104!
sock error 104!
sock error 104!
sock error 104!
sock error 104!
sock error 104!
sock error 104!
sock error 104!
sock error 104!
sock error 104!
sock error 104!
sock error 104!
sock error 104!
sock error 104!
sock error 104!
sock error 104!
sock error 104!
sock error 104!
sock error 104!
sock error 104!
sock error 104!
sock error 104!
sock error 104!
sock error 104!
sock error 104!
sock error 104!
sock error 104!
sock error 104!
sock error 104!
sock error 104!
sock error 104!
sock error 104!
sock error 104!
sock error 104!
sock error 104!
sock error 104!
sock error 104!
sock error 104!
sock error 104!
sock error 104!
sock error 104!
sock error 104!
sock error 104!
sock error 104!
sock error 104!
sock error 104!
sock error 104!
sock error 104!
sock error 104!
sock error 104!
sock error 104!
sock error 104!
sock error 104!
sock error 104!
sock error 104!
sock error 104!
sock error 104!
sock error 104!
sock error 104!
sock error 104!
sock error 104!
sock error 104!
sock error 104!
sock error 104!
sock error 104!
sock error 104!
sock error 104!
sock error 104!
sock error 104!
sock error 104!
sock error 104!
sock error 104!
sock error 104!
sock error 104!
sock error 104!
sock error 104!
sock error 104!
sock error 104!
sock error 104!
sock error 104!
sock error 104!
sock error 104!
sock error 104!
sock error 104!
sock error 104!
sock error 104!
sock error 104!
sock error 104!
sock error 104!
sock error 104!
sock error 104!
sock error 104!
sock error 104!
sock error 104!
sock error 104!
sock error 104!
sock error 104!
sock error 104!
sock error 104!
sock error 104!
sock error 104!
sock error 104!
sock error 104!
sock error 104!
sock error 104!
sock error 104!
sock error 104!
sock error 104!
sock error 104!
sock error 104!
sock error 104!
sock error 104!
sock error 104!
sock error 104!
sock error 104!
sock error 104!
sock error 104!
sock error 104!
sock error 104!
sock error 104!
sock error 104!
sock error 104!
sock error 104!
sock error 104!
sock error 104!
sock error 104!
sock error 104!
sock error 104!
sock error 104!
sock error 104!
sock error 104!
sock error 104!
sock error 104!
sock error 104!
sock error 104!
sock error 104!
sock error 104!
sock error 104!
sock error 104!
sock error 104!
sock error 104!
sock error 104!
sock error 104!
sock error 104!
sock error 104!
sock error 104!
sock error 104!
sock error 104!
sock error 104!
sock error 104!
sock error 104!
sock error 104!
sock error 104!
sock error 104!
sock error 104!
sock error 104!
sock error 104!
sock error 104!
sock error 104!
sock error 104!
sock error 104!
sock error 104!
sock error 104!
sock error 104!
sock error 104!
sock error 104!
sock error 104!
sock error 104!
sock error 104!
sock error 104!
sock error 104!
sock error 104!
sock error 104!
sock error 104!
sock error 104!
sock error 104!
sock error 104!
sock error 104!
sock error 104!
sock error 104!
sock error 104!
sock error 104!
sock error 104!
sock error 104!
sock error 104!
sock error 104!
sock error 104!
sock error 104!
sock error 104!
sock error 104!
sock error 104!
sock error 104!
sock error 104!
sock error 104!
sock error 104!
sock error 104!
sock error 104!
sock error 104!
sock error 104!
sock error 104!
sock error 104!
sock error 104!
sock error 104!
sock error 104!
sock error 104!
sock error 104!
sock error 104!
sock error 104!
sock error 104!
sock error 104!
sock error 104!
sock error 104!
sock error 104!
sock error 104!
sock error 104!
sock error 104!
sock error 104!
sock error 104!
sock error 104!
sock error 104!
sock error 104!
sock error 104!
sock error 104!
sock error 104!
sock error 104!
sock error 104!
sock error 104!
sock error 104!
sock error 104!
sock error 104!
sock error 104!
sock error 104!
sock error 104!
sock error 104!
sock error 104!
sock error 104!
sock error 104!
sock error 104!
sock error 104!
sock error 104!
sock error 104!
sock error 104!
sock error 104!
sock error 104!
sock error 104!
sock error 104!
sock error 104!
sock error 104!
sock error 104!
sock error 104!
sock error 104!
sock error 104!
sock error 104!
sock error 104!
sock error 104!
sock error 104!
sock error 104!
sock error 104!
sock error 104!
sock error 104!
sock error 104!
sock error 104!
sock error 104!
sock error 104!
sock error 104!
sock error 104!
sock error 104!
sock error 104!
sock error 104!
sock error 104!
sock error 104!
sock error 104!
sock error 104!
sock error 104!
sock error 104!
sock error 104!
sock error 104!
sock error 104!
sock error 104!
sock error 104!
sock error 104!
sock error 104!
sock error 104!
sock error 104!
sock error 104!
sock error 104!
sock error 104!
sock error 104!
sock error 104!
sock error 104!
sock error 104!
sock error 104!
sock error 104!
sock error 104!
sock error 104!
sock error 104!
sock error 104!
sock error 104!
sock error 104!
sock error 104!
sock error 104!
sock error 104!
sock error 104!
sock error 104!
sock error 104!
sock error 104!
sock error 104!
sock error 104!
sock error 104!
sock error 104!
sock error 104!
sock error 104!
sock error 104!
sock error 104!
sock error 104!
sock error 104!
sock error 104!
sock error 104!
sock error 104!
sock error 104!
sock error 104!
sock error 104!
sock error 104!
sock error 104!
sock error 104!
sock error 104!
sock error 104!
sock error 104!
sock error 104!
sock error 104!
sock error 104!
sock error 104!
sock error 104!
sock error 104!
sock error 104!
sock error 104!
sock error 104!
sock error 104!
sock error 104!
sock error 104!
sock error 104!
sock error 104!
[vibe-worker-7(8sCB) WRN] Failed to get remote address for TCP connection
[vibe-worker-36(hVzE) WRN] Failed to get remote address for TCP connection
[vibe-worker-53(WNQ7) WRN] Failed to get remote address for TCP connection
[vibe-worker-57(VrSL) WRN] Failed to get remote address for TCP connection
[vibe-worker-22(Aflt) WRN] Failed to get remote address for TCP connection
[vibe-worker-1(uJvJ) WRN] Failed to get remote address for TCP connection
[vibe-worker-49(tkHf) WRN] Failed to get remote address for TCP connection
[vibe-worker-24(K7Td) WRN] Failed to get remote address for TCP connection
[vibe-worker-27(uopY) WRN] Failed to get remote address for TCP connection
[vibe-worker-10(eORM) WRN] Failed to get remote address for TCP connection
[vibe-worker-63(wyQi) WRN] Failed to get remote address for TCP connection
[vibe-worker-36(HEI3) WRN] Failed to get remote address for TCP connection
[vibe-worker-38(J8h2) WRN] Failed to get remote address for TCP connection
[vibe-worker-13(K1Yn) ERR] HTTP connection handler has thrown at the peer 127.0.0.1:51072: Connection closed while writing data.
[vibe-worker-63(0QSn) WRN] Failed to get remote address for TCP connection
[vibe-worker-5(wOHm) WRN] Failed to get remote address for TCP connection
[vibe-worker-13(q9yW) WRN] Failed to get remote address for TCP connection
[vibe-worker-31(+hjh) WRN] Failed to get remote address for TCP connection
[vibe-worker-21(OGUx) WRN] Failed to get remote address for TCP connection
[vibe-worker-12(1iS6) ERR] HTTP connection handler has thrown at the peer 127.0.0.1:39866: Connection closed while writing data.
[vibe-worker-7(hwDa) WRN] Failed to get remote address for TCP connection
[vibe-worker-36(hch0) WRN] Failed to get remote address for TCP connection
[vibe-worker-53(qf/q) WRN] Failed to get remote address for TCP connection
[vibe-worker-21(cMA7) WRN] Failed to get remote address for TCP connection
[vibe-worker-21(cA03) WRN] Failed to get remote address for TCP connection
[vibe-worker-21(a2Yu) WRN] Failed to get remote address for TCP connection
[vibe-worker-5(YISU) WRN] Failed to get remote address for TCP connection
[vibe-worker-7(1LDE) WRN] Failed to get remote address for TCP connection
[vibe-worker-11(ZXqa) WRN] Failed to get remote address for TCP connection
[vibe-worker-22(l/3O) WRN] Failed to get remote address for TCP connection
[vibe-worker-57(TNTI) WRN] Failed to get remote address for TCP connection
[vibe-worker-12(Ieza) WRN] Failed to get remote address for TCP connection
[vibe-worker-3(+7TU) WRN] Failed to get remote address for TCP connection
[vibe-worker-12(Ks/Z) WRN] Failed to get remote address for TCP connection
[vibe-worker-5(SHN9) WRN] Failed to get remote address for TCP connection
[vibe-worker-40(aW3V) WRN] Failed to get remote address for TCP connection
[vibe-worker-12(Ib0H) WRN] Failed to get remote address for TCP connection
[vibe-worker-5(Y+GS) WRN] Failed to get remote address for TCP connection
[vibe-worker-22(rbIw) WRN] Failed to get remote address for TCP connection
[vibe-worker-11(Kdb8) WRN] Failed to get remote address for TCP connection
[vibe-worker-13(Lk+Y) WRN] Failed to get remote address for TCP connection
[vibe-worker-31(rFUq) WRN] Failed to get remote address for TCP connection
[vibe-worker-3(VrKL) WRN] Failed to get remote address for TCP connection
[vibe-worker-14(tAnV) WRN] Failed to get remote address for TCP connection
[vibe-worker-14(5rYD) WRN] Failed to get remote address for TCP connection
[vibe-worker-12(h0pX) WRN] Failed to get remote address for TCP connection
[vibe-worker-11(ZQ2f) WRN] Failed to get remote address for TCP connection
[vibe-worker-40(8H+t) WRN] Failed to get remote address for TCP connection
[vibe-worker-11(qR66) WRN] Failed to get remote address for TCP connection
[vibe-worker-22(FZ+v) WRN] Failed to get remote address for TCP connection
[vibe-worker-38(Zwt5) WRN] Failed to get remote address for TCP connection
[vibe-worker-44(ESf8) WRN] Failed to get remote address for TCP connection
[vibe-worker-13(i4Q0) WRN] Failed to get remote address for TCP connection
[vibe-worker-49(ZhmW) WRN] Failed to get remote address for TCP connection
[vibe-worker-31(pfvu) WRN] Failed to get remote address for TCP connection
[vibe-worker-12(PQHD) WRN] Failed to get remote address for TCP connection
[vibe-worker-53(S39S) WRN] Failed to get remote address for TCP connection
[vibe-worker-49(/U0d) WRN] Failed to get remote address for TCP connection
[vibe-worker-13(g3Gm) WRN] Failed to get remote address for TCP connection
[vibe-worker-44(0zXE) WRN] Failed to get remote address for TCP connection
[vibe-worker-7(ZYTy) WRN] Failed to get remote address for TCP connection
[vibe-worker-21(ZAD4) WRN] Failed to get remote address for TCP connection
[vibe-worker-44(lFtQ) WRN] Failed to get remote address for TCP connection
[vibe-worker-44(YnoQ) WRN] Failed to get remote address for TCP connection
[vibe-worker-3(tGzh) WRN] Failed to get remote address for TCP connection
[vibe-worker-9(a00d) WRN] Failed to get remote address for TCP connection
[vibe-worker-41(mWEf) WRN] Failed to get remote address for TCP connection
[vibe-worker-22(LfS3) WRN] Failed to get remote address for TCP connection
[vibe-worker-18(xiFp) WRN] Failed to get remote address for TCP connection
[vibe-worker-9(91Th) WRN] Failed to get remote address for TCP connection
[vibe-worker-23(wOkL) WRN] Failed to get remote address for TCP connection
[vibe-worker-41(/uY1) WRN] Failed to get remote address for TCP connection
[vibe-worker-44(OCJG) WRN] Failed to get remote address for TCP connection
[vibe-worker-12(pJfK) WRN] Failed to get remote address for TCP connection
[vibe-worker-53(gWA9) WRN] Failed to get remote address for TCP connection
[vibe-worker-18(SJ19) WRN] Failed to get remote address for TCP connection
[vibe-worker-5(N/vM) WRN] Failed to get remote address for TCP connection
[vibe-worker-36(3L5v) WRN] Failed to get remote address for TCP connection
[vibe-worker-41(toHF) WRN] Failed to get remote address for TCP connection
[vibe-worker-14(YCqC) WRN] Failed to get remote address for TCP connection
[vibe-worker-9(aOsh) WRN] Failed to get remote address for TCP connection
[vibe-worker-6(+Pzl) WRN] Failed to get remote address for TCP connection
[vibe-worker-44(ItvA) ERR] HTTP connection handler has thrown at the peer 127.0.0.1:37338: Connection closed while writing data.
[vibe-worker-21(QwYU) WRN] Failed to get remote address for TCP connection
[vibe-worker-31(9dhz) WRN] Failed to get remote address for TCP connection
[vibe-worker-53(VM08) WRN] Failed to get remote address for TCP connection
[vibe-worker-53(begn) WRN] Failed to get remote address for TCP connection
[vibe-worker-41(BZob) WRN] Failed to get remote address for TCP connection
[vibe-worker-18(bYbP) WRN] Failed to get remote address for TCP connection
[vibe-worker-41(7LBg) WRN] Failed to get remote address for TCP connection
[vibe-worker-23(2q9+) WRN] Failed to get remote address for TCP connection
[vibe-worker-31(MSsx) WRN] Failed to get remote address for TCP connection
[vibe-worker-5(BfHW) WRN] Failed to get remote address for TCP connection
[vibe-worker-14(pi2q) WRN] Failed to get remote address for TCP connection
[vibe-worker-7(2teO) WRN] Failed to get remote address for TCP connection
[vibe-worker-31(rpmf) WRN] Failed to get remote address for TCP connection
[vibe-worker-14(WPnj) WRN] Failed to get remote address for TCP connection
[vibe-worker-18(H7Ls) WRN] Failed to get remote address for TCP connection
[vibe-worker-21(QDg/) WRN] Failed to get remote address for TCP connection
[vibe-worker-53(og1k) WRN] Failed to get remote address for TCP connection
[vibe-worker-49(ZwQE) WRN] Failed to get remote address for TCP connection
[vibe-worker-7(YqAK) WRN] Failed to get remote address for TCP connection
[vibe-worker-6(GE5U) WRN] Failed to get remote address for TCP connection
[vibe-worker-6(Mn1m) WRN] Failed to get remote address for TCP connection
[vibe-worker-14(P6iu) WRN] Failed to get remote address for TCP connection
[vibe-worker-21(c3AG) WRN] Failed to get remote address for TCP connection
[vibe-worker-6(CF8g) WRN] Failed to get remote address for TCP connection
[vibe-worker-26(dvGa) WRN] Failed to get remote address for TCP connection
[vibe-worker-31(JAw9) WRN] Failed to get remote address for TCP connection
[vibe-worker-6(hBHG) WRN] Failed to get remote address for TCP connection
[vibe-worker-6(KN03) WRN] Failed to get remote address for TCP connection
[vibe-worker-14(bMwG) WRN] Failed to get remote address for TCP connection
[vibe-worker-9(t8hI) WRN] Failed to get remote address for TCP connection
[vibe-worker-26(daM/) WRN] Failed to get remote address for TCP connection
[vibe-worker-7(Yuj0) WRN] Failed to get remote address for TCP connection
[vibe-worker-5(dnBo) WRN] Failed to get remote address for TCP connection
[vibe-worker-7(haOS) WRN] Failed to get remote address for TCP connection
[vibe-worker-44(zwlt) WRN] Failed to get remote address for TCP connection
[vibe-worker-7(5TJu) WRN] Failed to get remote address for TCP connection
[vibe-worker-26(ontU) WRN] Failed to get remote address for TCP connection
[vibe-worker-9(Hnho) WRN] Failed to get remote address for TCP connection
[vibe-worker-3(dmg2) WRN] Failed to get remote address for TCP connection
[vibe-worker-13(YbCX) WRN] Failed to get remote address for TCP connection
[vibe-worker-7(nRdB) WRN] Failed to get remote address for TCP connection
[vibe-worker-26(uIYU) WRN] Failed to get remote address for TCP connection
[vibe-worker-3(+dhz) WRN] Failed to get remote address for TCP connection
[vibe-worker-26(HGlk) WRN] Failed to get remote address for TCP connection
[vibe-worker-26(5YaU) WRN] Failed to get remote address for TCP connection
[vibe-worker-3(UO9V) WRN] Failed to get remote address for TCP connection
[vibe-worker-36(2Pz5) WRN] Failed to get remote address for TCP connection
[vibe-worker-21(SGcL) WRN] Failed to get remote address for TCP connection
[vibe-worker-21(DTqg) WRN] Failed to get remote address for TCP connection
[vibe-worker-7(mgHI) WRN] Failed to get remote address for TCP connection
[vibe-worker-7(OXVM) WRN] Failed to get remote address for TCP connection
[vibe-worker-7(O2M+) WRN] Failed to get remote address for TCP connection
[vibe-worker-36(Nu8n) WRN] Failed to get remote address for TCP connection
[vibe-worker-31(m8XS) WRN] Failed to get remote address for TCP connection
[vibe-worker-5(R0lH) WRN] Failed to get remote address for TCP connection
[vibe-worker-36(Nyim) WRN] Failed to get remote address for TCP connection
[vibe-worker-13(TmbI) WRN] Failed to get remote address for TCP connection
[vibe-worker-5(bbzo) WRN] Failed to get remote address for TCP connection
[vibe-worker-14(XdLY) WRN] Failed to get remote address for TCP connection
[vibe-worker-44(gzdW) WRN] Failed to get remote address for TCP connection
[vibe-worker-13(FKTb) WRN] Failed to get remote address for TCP connection
[vibe-worker-31(cws/) ERR] HTTP connection handler has thrown at the peer 127.0.0.1:50352: Connection closed while writing data.
[vibe-worker-22(X+pj) WRN] Failed to get remote address for TCP connection
[vibe-worker-6(GScI) WRN] Failed to get remote address for TCP connection
[vibe-worker-7(a3gr) WRN] Failed to get remote address for TCP connection
[vibe-worker-6(a2q+) WRN] Failed to get remote address for TCP connection
[vibe-worker-31(UD03) WRN] Failed to get remote address for TCP connection
[vibe-worker-5(Yax/) WRN] Failed to get remote address for TCP connection
[vibe-worker-7(Kh7a) WRN] Failed to get remote address for TCP connection
[vibe-worker-6(AzqK) WRN] Failed to get remote address for TCP connection
[vibe-worker-22(uSui) WRN] Failed to get remote address for TCP connection
[vibe-worker-6(Dcry) WRN] Failed to get remote address for TCP connection
[vibe-worker-9(LRgI) WRN] Failed to get remote address for TCP connection
[vibe-worker-36(1Fs6) WRN] Failed to get remote address for TCP connection
[vibe-worker-44(c6rN) WRN] Failed to get remote address for TCP connection
[vibe-worker-36(/TsJ) WRN] Failed to get remote address for TCP connection
[vibe-worker-13(GHvl) WRN] Failed to get remote address for TCP connection
[vibe-worker-5(3h9Z) WRN] Failed to get remote address for TCP connection
[vibe-worker-3(AqCc) WRN] Failed to get remote address for TCP connection
[vibe-worker-3(/PZW) WRN] Failed to get remote address for TCP connection
[vibe-worker-36(vnCo) WRN] Failed to get remote address for TCP connection
[vibe-worker-5(lZWq) WRN] Failed to get remote address for TCP connection
[vibe-worker-44(+0rB) WRN] Failed to get remote address for TCP connection
[vibe-worker-5(DRk8) WRN] Failed to get remote address for TCP connection
[vibe-worker-3(x/fY) WRN] Failed to get remote address for TCP connection
[vibe-worker-5(PZPW) WRN] Failed to get remote address for TCP connection
[vibe-worker-7(6Cy1) WRN] Failed to get remote address for TCP connection
[vibe-worker-22(MEr/) WRN] Failed to get remote address for TCP connection
[vibe-worker-3(dcQW) WRN] Failed to get remote address for TCP connection
[vibe-worker-9(mIFW) WRN] Failed to get remote address for TCP connection
[vibe-worker-7(0qii) WRN] Failed to get remote address for TCP connection
[vibe-worker-36(YSyu) WRN] Failed to get remote address for TCP connection
[vibe-worker-44(maxY) WRN] Failed to get remote address for TCP connection
[vibe-worker-9(wt/z) WRN] Failed to get remote address for TCP connection
[vibe-worker-26(z4jW) WRN] Failed to get remote address for TCP connection
[vibe-worker-36(Beaa) WRN] Failed to get remote address for TCP connection
[vibe-worker-9(ZHgY) WRN] Failed to get remote address for TCP connection
[vibe-worker-5(dIjm) WRN] Failed to get remote address for TCP connection
[vibe-worker-22(zDrS) WRN] Failed to get remote address for TCP connection
[vibe-worker-26(xApT) WRN] Failed to get remote address for TCP connection
[vibe-worker-13(IhHX) WRN] Failed to get remote address for TCP connection
[vibe-worker-6(6Xo/) WRN] Failed to get remote address for TCP connection
[vibe-worker-5(jf6h) WRN] Failed to get remote address for TCP connection
[vibe-worker-3(TLi8) WRN] Failed to get remote address for TCP connection
[vibe-worker-5(yU3o) WRN] Failed to get remote address for TCP connection
[vibe-worker-22(dsL8) WRN] Failed to get remote address for TCP connection
[vibe-worker-5(FZBI) WRN] Failed to get remote address for TCP connection
[vibe-worker-22(P/Rc) WRN] Failed to get remote address for TCP connection
[vibe-worker-6(Guu6) WRN] Failed to get remote address for TCP connection
[vibe-worker-36(10PF) WRN] Failed to get remote address for TCP connection
[vibe-worker-9(wstp) WRN] Failed to get remote address for TCP connection
[vibe-worker-7(Jb4K) WRN] Failed to get remote address for TCP connection
[vibe-worker-5(p7Vx) WRN] Failed to get remote address for TCP connection
[vibe-worker-9(/Jut) WRN] Failed to get remote address for TCP connection
[vibe-worker-7(d7QL) WRN] Failed to get remote address for TCP connection
[vibe-worker-26(3YlI) WRN] Failed to get remote address for TCP connection
[vibe-worker-9(+b2c) WRN] Failed to get remote address for TCP connection
[vibe-worker-7(qy65) WRN] Failed to get remote address for TCP connection
[vibe-worker-6(9AGw) WRN] Failed to get remote address for TCP connection
[vibe-worker-26(CKE7) WRN] Failed to get remote address for TCP connection
[vibe-worker-6(ou/1) WRN] Failed to get remote address for TCP connection
[vibe-worker-9(54Fq) WRN] Failed to get remote address for TCP connection
[vibe-worker-13(/qk1) WRN] Failed to get remote address for TCP connection
[vibe-worker-9(Ju6J) WRN] Failed to get remote address for TCP connection
[vibe-worker-36(s79U) WRN] Failed to get remote address for TCP connection
[vibe-worker-26(HGzW) WRN] Failed to get remote address for TCP connection
[vibe-worker-3(/Lg3) WRN] Failed to get remote address for TCP connection
[vibe-worker-13(JPTP) WRN] Failed to get remote address for TCP connection
[vibe-worker-3(6WdH) WRN] Failed to get remote address for TCP connection
[vibe-worker-9(qTQQ) WRN] Failed to get remote address for TCP connection
[vibe-worker-9(uXD5) WRN] Failed to get remote address for TCP connection
[vibe-worker-3(C/1A) WRN] Failed to get remote address for TCP connection
[vibe-worker-3(mMnJ) WRN] Failed to get remote address for TCP connection
[vibe-worker-36(yHXL) WRN] Failed to get remote address for TCP connection
[vibe-worker-9(qxuD) WRN] Failed to get remote address for TCP connection
[vibe-worker-6(gaIL) WRN] Failed to get remote address for TCP connection
[vibe-worker-5(hYc4) WRN] Failed to get remote address for TCP connection
[vibe-worker-13(1fsH) WRN] Failed to get remote address for TCP connection
[vibe-worker-3(UQcE) WRN] Failed to get remote address for TCP connection
[vibe-worker-9(eqk8) WRN] Failed to get remote address for TCP connection
[vibe-worker-9(A0lm) WRN] Failed to get remote address for TCP connection
[vibe-worker-3(OvFr) WRN] Failed to get remote address for TCP connection
[vibe-worker-6(2xNf) WRN] Failed to get remote address for TCP connection
[vibe-worker-3(P2s8) WRN] Failed to get remote address for TCP connection
[vibe-worker-6(uGPx) WRN] Failed to get remote address for TCP connection
[vibe-worker-6(8uKN) WRN] Failed to get remote address for TCP connection
[vibe-worker-13(co/A) WRN] Failed to get remote address for TCP connection
[vibe-worker-9(1lzL) WRN] Failed to get remote address for TCP connection
[vibe-worker-9(ULMK) WRN] Failed to get remote address for TCP connection
[vibe-worker-9(sumC) WRN] Failed to get remote address for TCP connection
[vibe-worker-9(CLBM) WRN] Failed to get remote address for TCP connection
[vibe-worker-13(WpmF) WRN] Failed to get remote address for TCP connection
[vibe-worker-13(Bx6o) WRN] Failed to get remote address for TCP connection
[vibe-worker-13(somT) WRN] Failed to get remote address for TCP connection
[vibe-worker-13(PO5a) WRN] Failed to get remote address for TCP connection
[vibe-worker-13(Aevk) WRN] Failed to get remote address for TCP connection
[vibe-worker-13(sQWA) WRN] Failed to get remote address for TCP connection
[vibe-worker-13(DNVK) WRN] Failed to get remote address for TCP connection
[vibe-worker-13(TMME) WRN] Failed to get remote address for TCP connection
[vibe-worker-13(5FdN) WRN] Failed to get remote address for TCP connection
[vibe-worker-13(Zwmk) WRN] Failed to get remote address for TCP connection
[vibe-worker-13(7B91) WRN] Failed to get remote address for TCP connection
[vibe-worker-13(/QQB) WRN] Failed to get remote address for TCP connection
[vibe-worker-13(Aunq) WRN] Failed to get remote address for TCP connection
[vibe-worker-13(voR5) WRN] Failed to get remote address for TCP connection
[vibe-worker-13(+vpS) WRN] Failed to get remote address for TCP connection
[vibe-worker-13(luwb) WRN] Failed to get remote address for TCP connection
[vibe-worker-13(swIv) WRN] Failed to get remote address for TCP connection
[vibe-worker-13(0MiK) WRN] Failed to get remote address for TCP connection
sock error 104!
sock error 104!
sock error 104!
socsock error 104!
k error 104!
sock error 104!
sock error 104!
sock error 104!
sock error 104!
sock error 104!
sock error 104!
sock error 104!
sock error 104!
sock error 104!
sock error 104!
sock error 104!
sock error 104!
sock error 104!
sock error 104!
sock error 104!
sock error 104!
sock error 104!
sock error 104!
sock error 104!
sock error 104!
sock error 104!
sock error 104!
sock error 104!
sock error 104!
sock error 104!
sock error 104!
sock error 104!
sock error 104!
sock error 104!
sock error 104!
sock error 104!
sock error 104!
sock error 104!
sock error 104!
sock error 104!
sock error 104!
sock error 104!
sock error 104!
sock error 104!
sock error 104!
sock error 104!
sock error 104!
sock error 104!
sock error 104!
sock error 104!
sock error 104!
sock error 104!
sock error 104!
sock error 104!
sock error 104!
sock error 104!
sock error 104!
sock error 104!
sock error 104!
sock error 104!
sock error 104!
sock error 104!
sock error 104!
sock error 104!
sock error 104!
sock error 104!
sock error 104!
sock error 104!
sock error 104!
sock error 104!
sock error 104!
sock error 104!
sock error 104!
sock error 104!
sock error 104!
sock error 104!
sock error 104!
sock error 104!
sock error 104!
sock error 104!
sock error 104!
sock error 104!
sock error 104!
sock error 104!
sock error 104!
sock error 104!
sock error 104!
sock error 104!
sock error 104!
sock error 104!
sock error 104!
sock error 104!
sock error 104!
sock error 104!
sock error 104!
sock error 104!
sock error 104!
sock error 104!
sock error 104!
sock error 104!
sock error 104!
sock error 104!
sock error 104!
sock error 104!
sock error 104!
sock error 104!
sock error 104!
sock error 104!
sock error 104!
sock error 104!
sock error 104!
sock error 104!
sock error 104!
sock error 104!
sock error 104!
sock error 104!
sock error 104!
sock error 104!
sock error 104!
sock error 104!
sock error 104!
sock error 104!
sock error 104!
sock error 104!
sock error 104!
sock error 104!
sock error 104!
sock error 104!
sock error 104!
sock error 104!
sock error 104!
sock error 104!
sock error 104!
sock error 104!
sock error 104!
sock error 104!
sock error 104!
sock error 104!
sock error 104!
sock error 104!
sock error 104!
sock error 104!
sock error 104!
sock error 104!
sock error 104!
sock error 104!
sock error 104!
sock error 104!
sock error 104!
sock error 104!
sock error 104!
sock error 104!
sock error 104!
sock error 104!
sock error 104!
sock error 104!
sock error 104!
sock error 104!
sock error 104!
sock error 104!
sock error 104!
sock error 104!
sock error 104!
sock error 104!
sock error 104!
sock error 104!
sock error 104!
sock error 104!
sock error 104!
sock error 104!
sock error 104!
sock error 104!
sock error 104!
sock error 104!
sock error 104!
sock error 104!
sock error 104!
sock error 104!
sock error 104!
sock error 104!
sock error 104!
sock error 104!
sock error 104!
sock error 104!
sock error 104!
sock error 104!
sock error 104!
sock error 104!
sock error 104!
sock error 104!
sock error 104!
sock error 104!
sock error 104!
sock error 104!
sock error 104!
sock error 104!
sock error 104!
sock error 104!
sock error 104!
sock error 104!
sock error 104!
sock error 104!
sock error 104!
sock error 104!
sock error 104!
sock error 104!
sock error 104!
sock error 104!
sock error 104!
sock error 104!
sock error 104!
sock error 104!
sock error 104!
sock error 104!
sock error 104!
sock error 104!
sock error 104!
sock error 104!
sock error 104!
sock error 104!
sock error 104!
sock error 104!
sock error 104!
sock error 104!
sock error 104!
sock error 104!
sock error 104!
sock error 104!
sock error 104!
sock error 104!
sock error 104!
sock error 104!
sock error 104!
sock error 104!
sock error 104!
sock error 104!
sock error 104!
sock error 104!
sock error 104!
sock error 104!
sock error 104!
sock error 104!
sock error 104!
sock error 104!
sock error 104!
sock error 104!
sock error 104!
sock error 104!
sock error 104!
sock error 104!
sock error 104!
sock error 104!
sock error 104!
sock error 104!
sock error 104!
sock error 104!
sock error 104!
sock error 104!
sock error 104!
sock error 104!
sock error 104!
sock error 104!
sock error 104!
sock error 104!
sock error 104!
sock error 104!
sock error 104!
sock error 104!
sock error 104!
sock error 104!
sock error 104!
sock error 104!
sock error 104!
sock error 104!
sock error 104!
sock error 104!
sock error 104!
sock error 104!
sock error 104!
sock error 104!
sock error 104!
sock error 104!
sock error 104!
sock error 104!
sock error 104!
sock error 104!
sock error 104!
sock error 104!
sock error 104!
sock error 104!
sock error 104!
sock error 104!
sock error 104!
sock error 104!
sock error 104!
sock error 104!
sock error 104!
sock error 104!
sock error 104!
sock error 104!
sock error 104!
sock error 104!
sock error 104!
sock error 104!
sock error 104!
sock error 104!
sock error 104!
sock error 104!
sock error 104!
sock error 104!
sock error 104!
sock error 104!
sock error 104!
sock error 104!
sock error 104!
sock error 104!
sock error 104!
sock error 104!
sock error 104!
sock error 104!
sock error 104!
sock error 104!
sock error 104!
sock error 104!
sock error 104!
sock error 104!
sock error 104!
sock error 104!
sock error 104!
sock error 104!
sock error 104!
sock error 104!
sock error 104!
sock error 104!
sock error 104!
sock error 104!
sock error 104!
sock error 104!
sock error 104!
sock error 104!
sock error 104!
sock error 104!
sock error 104!
sock error 104!
sock error 104!
sock error 104!
sock error 104!
sock error 104!
sock error 104!
sock error 104!
sock error 104!
sock error 104!
sock error 104!
sock error 104!
sock error 104!
sock error 104!
sock error 104!
sock error 104!
sock error 104!
sock error 104!
sock error 104!
sock error 104!
sock error 104!
sock error 104!
sock error 104!
sock error 104!
sock error 104!
sock error 104!
sock error 104!
sock error 104!
sock error 104!
sock error 104!
sock error 104!
sock error 104!
sock error 104!
sock error 104!
sock error 104!
sock error 104!
sock error 104!
sock error 104!
sock error 104!
sock error 104!
sock error 104!
sock error 104!
sock error 104!
sock error 104!
sock error 104!
sock error 104!
sock error 104!
sock error 104!
sock error 104!
sock error 104!
sock error 104!
sock error 104!
sock error 104!
sock error 104!
sock error 104!
sock error 104!
sock error 104!
sock error 104!
sock error 104!
sock error 104!
sock error 104!
sock error 104!
sock error 104!
sock error 104!
sock error 104!
sock error 104!
sock error 104!
sock error 104!
sock error 104!
sock error 104!
sock error 104!
sock error 104!
sock error 104!
sock error 104!
sock error 104!
sock error 104!
sock error 104!
sock error 104!
sock error 104!
sock error 104!
sock error 104!
sock error 104!
sock error 104!
sock error 104!
sock error 104!
sock error 104!
sock error 104!
sock error 104!
sock error 104!
sock error 104!
sock error 104!
sock error 104!
sock error 104!
sock error 104!
sock error 104!
sock error 104!
sock error 104!
sock error 104!
sock error 104!
sock error 104!
[vibe-worker-53(3uBa) WRN] Failed to get remote address for TCP connection
[vibe-worker-6(nZmZ) WRN] Failed to get remote address for TCP connection
[vibe-worker-17(dsgS) WRN] Failed to get remote address for TCP connection
[vibe-worker-17(HolT) WRN] Failed to get remote address for TCP connection
[vibe-worker-3(qEMV) WRN] Failed to get remote address for TCP connection
[vibe-worker-17(SCX2) WRN] Failed to get remote address for TCP connection
[vibe-worker-17(EDyK) WRN] Failed to get remote address for TCP connection
[vibe-worker-53(l68y) WRN] Failed to get remote address for TCP connection
[vibe-worker-21(SIEJ) WRN] Failed to get remote address for TCP connection
[vibe-worker-22(FkmT) WRN] Failed to get remote address for TCP connection
[vibe-worker-21(38ME) WRN] Failed to get remote address for TCP connection
[vibe-worker-21(nRjO) WRN] Failed to get remote address for TCP connection
[vibe-worker-21(T9Z/) WRN] Failed to get remote address for TCP connection
sock error 104!
sock error 104!
sock error 104!
sock error 104!
sock error 104!
sock error 104!
sock error 104!
sock error 104!
sock error 104!
sock error 104!
sock error 104!
sock error 104!
sock error 104!
sock error 104!
sock error 104!
sock error 104!
sock error 104!
sock error 104!
sock error 104!
sock error 104!
sock error 104!
sock error 104!
sock error 104!
sock error 104!
sock error 104!
sock error 104!
sock error 104!
sock error 104!
sock error 104!
sock error 104!
sock error 104!
sock error 104!
sock error 104!
sock error 104!
sock error 104!
sock error 104!
sock error 104!
sock error 104!
sock error 104!
sock error 104!
sock error 104!
sock error 104!
sock error 104!
sock error 104!
sock error 104!
sock error 104!
sock error 104!
sock error 104!
sock error 104!
sock error 104!
sock error 104!
sock error 104!
sock error 104!
sock error 104!
sock error 104!
sock error 104!
sock error 104!
sock error 104!
sock error 104!
sock error 104!
sock error 104!
sock error 104!
sock error 104!
sock error 104!
sock error 104!
sock error 104!
sock error 104!
sock error 104!
sock error 104!
sock error 104!
sock error 104!
sock error 104!
sock error 104!
sock error 104!
sock error 104!
sock error 104!
sock error 104!
sock error 104!
sock error 104!
sock error 104!
sock error 104!
sock error 104!
sock error 104!
sock error 104!
sock error 104!
sock error 104!
sock error 104!
sock error 104!
sock error 104!
sock error 104!
sock error 104!
sock error 104!
sock error 104!
sock error 104!
sock error 104!
sock error 104!
sock error 104!
sock error 104!
sock error 104!
sock error 104!
sock error 104!
sock error 104!
sock error 104!
sock error 104!
sock error 104!
sock error 104!
sock error 104!
sock error 104!
sock error 104!
sock error 104!
sock error 104!
sock error 104!
sock error 104!
sock error 104!
sock error 104!
sock error 104!
sock error 104!
sock error 104!
sock error 104!
sock error 104!
sock error 104!
sock error 104!
sock error 104!
sock error 104!
sock error 104!
sock error 104!
sock error 104!
sock error 104!
sock error 104!
sock error 104!
sock error 104!
sock error 104!
sock error 104!
sock error 104!
sock error 104!
sock error 104!
sock error 104!
sock error 104!
sock error 104!
sock error 104!
sock error 104!
sock error 104!
sock error 104!
sock error 104!
sock error 104!
sock error 104!
sock error 104!
sock error 104!
sock error 104!
sock error 104!
sock error 104!
sock error 104!
sock error 104!
sock error 104!
sock error 104!
sock error 104!
sock error 104!
sock error 104!
sock error 104!
sock error 104!
sock error 104!
sock error 104!
sock error 104!
sock error 104!
sock error 104!
sock error 104!
sock error 104!
sock error 104!
sock error 104!
sock error 104!
sock error 104!
sock error 104!
sock error 104!
sock error 104!
sock error 104!
sock error 104!
sock error 104!
sock error 104!
sock error 104!
sock error 104!
sock error 104!
sock error 104!
sock error 104!
sock error 104!
sock error 104!
sock error 104!
sock error 104!
sock error 104!
sock error 104!
sock error 104!
sock error 104!
sock error 104!
sock error 104!
sock error 104!
sock error 104!
sock error 104!
sock error 104!
sock error 104!
sock error 104!
sock error 104!
sock error 104!
sock error 104!
sock error 104!
sock error 104!
sock error 104!
sock error 104!
sock error 104!
sock error 104!
sock error 104!
sock error 104!
sock error 104!
sock error 104!
sock error 104!
sock error 104!
sock error 104!
sock error 104!
sock error 104!
sock error 104!
sock error 104!
sock error 104!
sock error 104!
sock error 104!
sock error 104!
sock error 104!
sock error 104!
sock error 104!
sock error 104!
sock error 104!
sock error 104!
sock error 104!
sock error 104!
sock error 104!
sock error 104!
sock error 104!
sock error 104!
sock error 104!
sock error 104!
sock error 104!
sock error 104!
sock error 104!
sock error 104!
sock error 104!
sock error 104!
sock error 104!
sock error 104!
sock error 104!
sock error 104!
sock error 104!
sock error 104!
sock error 104!
sock error 104!
sock error 104!
sock error 104!
sock error 104!
sock error 104!
sock error 104!
sock error 104!
sock error 104!
sock error 104!
sock error 104!
sock error 104!
sock error 104!
sock error 104!
sock error 104!
sock error 104!
sock error 104!
sock error 104!
sock error 104!
sock error 104!
sock error 104!
sock error 104!
sock error 104!
sock error 104!
sock error 104!
sock error 104!
sock error 104!
sock error 104!
sock error 104!
sock error 104!
sock error 104!
sock error 104!
sock error 104!
sock error 104!
sock error 104!
sock error 104!
sock error 104!
sock error 104!
sock error 104!
sock error 104!
sock error 104!
sock error 104!
sock error 104!
sock error 104!
sock error 104!
sock error 104!
sock error 104!
sock error 104!
sock error 104!
sock error 104!
sock error 104!
sock error 104!
sock error 104!
sock error 104!
sock error 104!
sock error 104!
sock error 104!
sock error 104!
sock error 104!
sock error 104!
sock error 104!
sock error 104!
sock error 104!
sock error 104!
sock error 104!
sock error 104!
sock error 104!
sock error 104!
sock error 104!
sock error 104!
sock error 104!
sock error 104!
sock error 104!
sock error 104!
sock error 104!
sock error 104!
sock error 104!
sock error 104!
sock error 104!
sock error 104!
sock error 104!
sock error 104!
sock error 104!
sock error 104!
sock error 104!
sock error 104!
sock error 104!
sock error 104!
sock error 104!
sock error 104!
sock error 104!
sock error 104!
sock error 104!
sock error 104!
sock error 104!
sock error 104!
sock error 104!
sock error 104!
sock error 104!
sock error 104!
sock error 104!
sock error 104!
sock error 104!
sock error 104!
sock error 104!
sock error 104!
sock error 104!
sock error 104!
sock error 104!
sock error 104!
sock error 104!
sock error 104!
sock error 104!
sock error 104!
sock error 104!
sock error 104!
sock error 104!
sock error 104!
sock error 104!
sock error 104!
sock error 104!
sock error 104!
sock error 104!
sock error 104!
sock error 104!
sock error 104!
sock error 104!
sock error 104!
sock error 104!
sock error 104!
sock error 104!
sock error 104!
sock error 104!
sock error 104!
sock error 104!
sock error 104!
sock error 104!
sock error 104!
sock error 104!
sock error 104!
sock error 104!
sock error 104!
sock error 104!
sock error 104!
sock error 104!
sock error 104!
sock error 104!
sock error 104!
sock error 104!
sock error 104!
sock error 104!
sock error 104!
sock error 104!
sock error 104!
sock error 104!
sock error 104!
sock error 104!
sock error 104!
sock error 104!
sock error 104!
sock error 104!
sock error 104!
sock error 104!
sock error 104!
sock error 104!
sock error 104!
sock error 104!
sock error 104!
sock error 104!
sock error 104!
sock error 104!
sock error 104!
sock error 104!
sock error 104!
sock error 104!
sock error 104!
sock error 104!
sock error 104!
sock error 104!
sock error 104!
sock error 104!
sock error 104!
sock error 104!
sock error 104!
sock error 104!
sock error 104!
sock error 104!
sock error 104!
sock error 104!
sock error 104!
sock error 104!
sock error 104!
sock error 104!
sock error 104!
sock error 104!
sock error 104!
sock error 104!
sock error 104!
sock error 104!
sock error 104!
sock error 104!
sock error 104!
sock error 104!
sock error 104!
sock error 104!
sock error 104!
sock error 104!
sock error 104!
sock error 104!
sock error 104!
sock error 104!
sock error 104!
sock error 104!
sock error 104!
sock error 104!
sock error 104!
sock error 104!
sock error 104!
sock error 104!
sock error 104!
sock error 104!
sock error 104!
sock error 104!
sock error 104!
sock error 104!
sock error 104!
sock error 104!
sock error 104!
sock error 104!
sock error 104!
sock error 104!
sock error 104!
sock error 104!
sock error 104!
sock error 104!
sock error 104!
sock error 104!
sock error 104!
sock error 104!
sock error 104!
sock error 104!
sock error 104!
sock error 104!
sock error 104!
sock error 104!
sock error 104!
sock error 104!
sock error 104!
sock error 104!
sock error 104!
sock error 104!
sock error 104!
sock error 104!
sock error 104!
sock error 104!
sock error 104!
sock error 104!
sock error 104!
sock error 104!
sock error 104!
sock error 104!
sock error 104!
sock error 104!
sock error 104!
sock error 104!
sock error 104!
sock error 104!
sock error 104!
sock error 104!
sock error 104!
sock error 104!
sock error 104!
sock error 104!
sock error 104!
sock error 104!
sock error 104!
sock error 104!
sock error 104!
sock error 104!
sock error 104sock error 104!
!
sock error 104!
sock error 104!
sock error 104!
sock error 104!
sock error 104!
sock error 104!
sock error 104!
sock error 104!
sock error 104!
sock error 104!
sock error 104!
sock error 104!
sock error 104!
sock error 104!
sock error 104!
sock error 104!
sock error 104!
sock error 104!
sock error 104!
sock error 104!
sock error 104!
sock error 104!
sock error 104!
sock error 104!
sock error 104!
sock error 104!
sock error 104!
sock error 104!
sock error 104!
sock error 104!
sock error 104!
sock error 104!
sock error 104!
sock error 104!
sock error 104!
sock error 104!
[vibe-worker-9(tmIu) ERR] HTTP connection handler has thrown at the peer 127.0.0.1:47550: Connection closed while writing data.
[vibe-worker-54(4Gbh) ERR] HTTP connection handler has thrown at the peer 127.0.0.1:49864: Connection closed while writing data.
[vibe-worker-6(Wc4q) WRN] Failed to get remote address for TCP connection
[vibe-worker-26(+EYV) WRN] Failed to get remote address for TCP connection
[vibe-worker-6(o8tI) WRN] Failed to get remote address for TCP connection
[vibe-worker-9(xUjr) WRN] Failed to get remote address for TCP connection
[vibe-worker-9(nf+x) WRN] Failed to get remote address for TCP connection
[vibe-worker-9(OLyA) WRN] Failed to get remote address for TCP connection
