Oct 09, 2026 7:43:04 PM io.helidon.logging.jul.JulProvider doConfigureLogging
INFO: Logging at runtime configured using defaults
Oct 09, 2026 7:43:05 PM com.zaxxer.hikari.HikariDataSource <init>
INFO: HikariPool-1 - Starting...
Oct 09, 2026 7:43:05 PM com.zaxxer.hikari.pool.HikariPool checkFailFast
INFO: HikariPool-1 - Added connection org.postgresql.jdbc.PgConnection@5be82d43
Oct 09, 2026 7:43:05 PM com.zaxxer.hikari.HikariDataSource <init>
INFO: HikariPool-1 - Start completed.
Oct 09, 2026 7:43:05 PM io.helidon.common.features.HelidonFeatures features
INFO: Helidon SE 27.0.0 features: [Config, Encoding, JSON, Media, Registry, Tracing, WebServer]
Oct 09, 2026 7:43:05 PM io.helidon.common.features.HelidonFeatures features
INFO: You are using preview features. These APIs are production ready, yet may change more frequently. Please follow Helidon release changelog!
Oct 09, 2026 7:43:05 PM io.helidon.webserver.SocketTransportBinding logStarted
INFO: [0x0bd771e8] http://0.0.0.0:8082 bound for socket 'h2c'
Oct 09, 2026 7:43:05 PM io.helidon.webserver.SocketTransportBinding logStarted
INFO: [0x0cd6cfce] http://0.0.0.0:8080 bound for socket '@default'
Oct 09, 2026 7:43:05 PM io.helidon.common.features.HelidonFeatures lambda$features$6
INFO: 	Preview feature: GRPC (WebServer/GRPC)
Oct 09, 2026 7:43:05 PM io.helidon.webserver.SocketTransportBinding logStarted
INFO: [0x5e1650fe] https://0.0.0.0:8081 bound for socket 'h1-tls'
Oct 09, 2026 7:43:05 PM io.helidon.webserver.SocketTransportBinding logStarted
INFO: [0x12df21f9] https://0.0.0.0:8443 bound for socket 'h2-tls'
Oct 09, 2026 7:43:05 PM io.helidon.webserver.LoomServer startIt
INFO: Started all channels in 32 milliseconds. 1176 milliseconds since JVM startup. Java 27+35-2325
Helidon HttpArena server started on ports: 
plain (8080)
https (8443)
h1tls (8081)
h2c (8082)
