Picked up JAVA_TOOL_OPTIONS: --enable-native-access=ALL-UNNAMED
java.lang.IllegalStateException: Queue closed for puts
	at ol.busker.byte_bounded_queue$ensure_open.invokeStatic(byte_bounded_queue.clj:210)
	at ol.busker.byte_bounded_queue$ensure_open.invoke(byte_bounded_queue.clj:209)
	at ol.busker.byte_bounded_queue.ByteBoundedLinkedTransferQueue.put(byte_bounded_queue.clj:236)
	at ol.busker.response_queue$__GT_output_stream$fn__11682.invoke(response_queue.clj:210)
	at ol.busker.response_queue.proxy$java.io.OutputStream$ff19274a.write(Unknown Source)
	at ol.busker.response_queue$__GT_output_stream$fn__11682.invoke(response_queue.clj:188)
	at ol.busker.response_queue.proxy$java.io.OutputStream$ff19274a.write(Unknown Source)
	at ol.busker.response$write_fallback_body_to_stream_BANG_.invokeStatic(response.clj:183)
	at ol.busker.response$write_fallback_body_to_stream_BANG_.invoke(response.clj:179)
	at ol.busker.response$write_body_to_stream_BANG_.invokeStatic(response.clj:214)
	at ol.busker.response$write_body_to_stream_BANG_.invoke(response.clj:212)
	at ol.busker.response$write_body_chunk_BANG_.invokeStatic(response.clj:234)
	at ol.busker.response$write_body_chunk_BANG_.invoke(response.clj:231)
	at ol.busker.response.H2OResponseEmitter.emit_BANG_(response.clj:360)
	at ol.busker.response$send_ring_response_BANG_$fn__11914.invoke(response.clj:419)
	at ol.busker.response$send_ring_response_BANG_.invokeStatic(response.clj:415)
	at ol.busker.response$send_ring_response_BANG_.invoke(response.clj:413)
	at ol.busker.request$on_request$request_task__11945.invoke(request.clj:138)
	at clojure.lang.AFn.run(AFn.java:22)
	at java.base/java.util.concurrent.Executors$RunnableAdapter.call(Executors.java:545)
	at java.base/java.util.concurrent.FutureTask.run(FutureTask.java:330)
	at java.base/java.util.concurrent.ThreadPerTaskExecutor$ThreadBoundFuture.run(ThreadPerTaskExecutor.java:323)
	at java.base/java.lang.VirtualThread.run(VirtualThread.java:475)
java.lang.IllegalStateException: Queue closed for puts
	at ol.busker.byte_bounded_queue$ensure_open.invokeStatic(byte_bounded_queue.clj:210)
	at ol.busker.byte_bounded_queue$ensure_open.invoke(byte_bounded_queue.clj:209)
	at ol.busker.byte_bounded_queue.ByteBoundedLinkedTransferQueue.put(byte_bounded_queue.clj:236)
	at ol.busker.response_queue$__GT_output_stream$fn__11690.invoke(response_queue.clj:242)
	at ol.busker.response_queue.proxy$java.io.OutputStream$ff19274a.close(Unknown Source)
	at ol.busker.response.H2OResponseEmitter.close(response.clj:380)
	at ol.busker.response.H2OResponseEmitter.emit_BANG_(response.clj:362)
	at ol.busker.response$send_ring_response_BANG_$fn__11914.invoke(response.clj:419)
	at ol.busker.response$send_ring_response_BANG_.invokeStatic(response.clj:415)
	at ol.busker.response$send_ring_response_BANG_.invoke(response.clj:413)
	at ol.busker.request$on_request$request_task__11945.invoke(request.clj:138)
	at clojure.lang.AFn.run(AFn.java:22)
	at java.base/java.util.concurrent.Executors$RunnableAdapter.call(Executors.java:545)
	at java.base/java.util.concurrent.FutureTask.run(FutureTask.java:330)
	at java.base/java.util.concurrent.ThreadPerTaskExecutor$ThreadBoundFuture.run(ThreadPerTaskExecutor.java:323)
	at java.base/java.lang.VirtualThread.run(VirtualThread.java:475)
java.lang.IllegalStateException: Queue closed for puts
	at ol.busker.byte_bounded_queue$ensure_open.invokeStatic(byte_bounded_queue.clj:210)
	at ol.busker.byte_bounded_queue$ensure_open.invoke(byte_bounded_queue.clj:209)
	at ol.busker.byte_bounded_queue.ByteBoundedLinkedTransferQueue.put(byte_bounded_queue.clj:236)
	at ol.busker.response_queue$__GT_output_stream$fn__11682.invoke(response_queue.clj:210)
	at ol.busker.response_queue.proxy$java.io.OutputStream$ff19274a.write(Unknown Source)
	at ol.busker.response_queue$__GT_output_stream$fn__11682.invoke(response_queue.clj:188)
	at ol.busker.response_queue.proxy$java.io.OutputStream$ff19274a.write(Unknown Source)
	at ol.busker.response$write_fallback_body_to_stream_BANG_.invokeStatic(response.clj:183)
	at ol.busker.response$write_fallback_body_to_stream_BANG_.invoke(response.clj:179)
	at ol.busker.response$write_body_to_stream_BANG_.invokeStatic(response.clj:214)
	at ol.busker.response$write_body_to_stream_BANG_.invoke(response.clj:212)
	at ol.busker.response$write_body_chunk_BANG_.invokeStatic(response.clj:234)
	at ol.busker.response$write_body_chunk_BANG_.invoke(response.clj:231)
	at ol.busker.response.H2OResponseEmitter.emit_BANG_(response.clj:360)
	at ol.busker.response$send_ring_response_BANG_$fn__11914.invoke(response.clj:419)
	at ol.busker.response$send_ring_response_BANG_.invokeStatic(response.clj:415)
	at ol.busker.response$send_ring_response_BANG_.invoke(response.clj:413)
	at ol.busker.request$on_request$request_task__11945.invoke(request.clj:138)
	at clojure.lang.AFn.run(AFn.java:22)
	at java.base/java.util.concurrent.Executors$RunnableAdapter.call(Executors.java:545)
	at java.base/java.util.concurrent.FutureTask.run(FutureTask.java:330)
	at java.base/java.util.concurrent.ThreadPerTaskExecutor$ThreadBoundFuture.run(ThreadPerTaskExecutor.java:323)
	at java.base/java.lang.VirtualThread.run(VirtualThread.java:475)
java.lang.IllegalStateException: Queue closed for puts
	at ol.busker.byte_bounded_queue$ensure_open.invokeStatic(byte_bounded_queue.clj:210)
	at ol.busker.byte_bounded_queue$ensure_open.invoke(byte_bounded_queue.clj:209)
	at ol.busker.byte_bounded_queue.ByteBoundedLinkedTransferQueue.put(byte_bounded_queue.clj:236)
	at ol.busker.response_queue$__GT_output_stream$fn__11682.invoke(response_queue.clj:210)
	at ol.busker.response_queue.proxy$java.io.OutputStream$ff19274a.write(Unknown Source)
	at ol.busker.response_queue$__GT_output_stream$fn__11682.invoke(response_queue.clj:188)
	at ol.busker.response_queue.proxy$java.io.OutputStream$ff19274a.write(Unknown Source)
	at ol.busker.response$write_fallback_body_to_stream_BANG_.invokeStatic(response.clj:183)
	at ol.busker.response$write_fallback_body_to_stream_BANG_.invoke(response.clj:179)
	at ol.busker.response$write_body_to_stream_BANG_.invokeStatic(response.clj:214)
	at ol.busker.response$write_body_to_stream_BANG_.invoke(response.clj:212)
	at ol.busker.response$write_body_chunk_BANG_.invokeStatic(response.clj:234)
	at ol.busker.response$write_body_chunk_BANG_.invoke(response.clj:231)
	at ol.busker.response.H2OResponseEmitter.emit_BANG_(response.clj:360)
	at ol.busker.response$send_ring_response_BANG_$fn__11914.invoke(response.clj:419)
	at ol.busker.response$send_ring_response_BANG_.invokeStatic(response.clj:415)
	at ol.busker.response$send_ring_response_BANG_.invoke(response.clj:413)
	at ol.busker.request$on_request$request_task__11945.invoke(request.clj:138)
	at clojure.lang.AFn.run(AFn.java:22)
	at java.base/java.util.concurrent.Executors$RunnableAdapter.call(Executors.java:545)
	at java.base/java.util.concurrent.FutureTask.run(FutureTask.java:330)
	at java.base/java.util.concurrent.ThreadPerTaskExecutor$ThreadBoundFuture.run(ThreadPerTaskExecutor.java:323)
	at java.base/java.lang.VirtualThread.run(VirtualThread.java:475)
java.lang.IllegalStateException: Queue closed for puts
	at ol.busker.byte_bounded_queue$ensure_open.invokeStatic(byte_bounded_queue.clj:210)
	at ol.busker.byte_bounded_queue$ensure_open.invoke(byte_bounded_queue.clj:209)
	at ol.busker.byte_bounded_queue.ByteBoundedLinkedTransferQueue.put(byte_bounded_queue.clj:236)
	at ol.busker.response_queue$__GT_output_stream$fn__11682.invoke(response_queue.clj:210)
	at ol.busker.response_queue.proxy$java.io.OutputStream$ff19274a.write(Unknown Source)
	at ol.busker.response_queue$__GT_output_stream$fn__11682.invoke(response_queue.clj:188)
	at ol.busker.response_queue.proxy$java.io.OutputStream$ff19274a.write(Unknown Source)
	at ol.busker.response$write_fallback_body_to_stream_BANG_.invokeStatic(response.clj:183)
	at ol.busker.response$write_fallback_body_to_stream_BANG_.invoke(response.clj:179)
	at ol.busker.response$write_body_to_stream_BANG_.invokeStatic(response.clj:214)
	at ol.busker.response$write_body_to_stream_BANG_.invoke(response.clj:212)
	at ol.busker.response$write_body_chunk_BANG_.invokeStatic(response.clj:234)
	at ol.busker.response$write_body_chunk_BANG_.invoke(response.clj:231)
	at ol.busker.response.H2OResponseEmitter.emit_BANG_(response.clj:360)
	at ol.busker.response$send_ring_response_BANG_$fn__11914.invoke(response.clj:419)
	at ol.busker.response$send_ring_response_BANG_.invokeStatic(response.clj:415)
	at ol.busker.response$send_ring_response_BANG_.invoke(response.clj:413)
	at ol.busker.request$on_request$request_task__11945.invoke(request.clj:138)
	at clojure.lang.AFn.run(AFn.java:22)
	at java.base/java.util.concurrent.Executors$RunnableAdapter.call(Executors.java:545)
	at java.base/java.util.concurrent.FutureTask.run(FutureTask.java:330)
	at java.base/java.util.concurrent.ThreadPerTaskExecutor$ThreadBoundFuture.run(ThreadPerTaskExecutor.java:323)
	at java.base/java.lang.VirtualThread.run(VirtualThread.java:475)
java.lang.IllegalStateException: Queue closed for puts
	at ol.busker.byte_bounded_queue$ensure_open.invokeStatic(byte_bounded_queue.clj:210)
	at ol.busker.byte_bounded_queue$ensure_open.invoke(byte_bounded_queue.clj:209)
	at ol.busker.byte_bounded_queue.ByteBoundedLinkedTransferQueue.put(byte_bounded_queue.clj:236)
	at ol.busker.response_queue$__GT_output_stream$fn__11682.invoke(response_queue.clj:210)
	at ol.busker.response_queue.proxy$java.io.OutputStream$ff19274a.write(Unknown Source)
	at ol.busker.response_queue$__GT_output_stream$fn__11682.invoke(response_queue.clj:188)
	at ol.busker.response_queue.proxy$java.io.OutputStream$ff19274a.write(Unknown Source)
	at ol.busker.response$write_fallback_body_to_stream_BANG_.invokeStatic(response.clj:183)
	at ol.busker.response$write_fallback_body_to_stream_BANG_.invoke(response.clj:179)
	at ol.busker.response$write_body_to_stream_BANG_.invokeStatic(response.clj:214)
	at ol.busker.response$write_body_to_stream_BANG_.invoke(response.clj:212)
	at ol.busker.response$write_body_chunk_BANG_.invokeStatic(response.clj:234)
	at ol.busker.response$write_body_chunk_BANG_.invoke(response.clj:231)
	at ol.busker.response.H2OResponseEmitter.emit_BANG_(response.clj:360)
	at ol.busker.response$send_ring_response_BANG_$fn__11914.invoke(response.clj:419)
	at ol.busker.response$send_ring_response_BANG_.invokeStatic(response.clj:415)
	at ol.busker.response$send_ring_response_BANG_.invoke(response.clj:413)
	at ol.busker.request$on_request$request_task__11945.invoke(request.clj:138)
	at clojure.lang.AFn.run(AFn.java:22)
	at java.base/java.util.concurrent.Executors$RunnableAdapter.call(Executors.java:545)
	at java.base/java.util.concurrent.FutureTask.run(FutureTask.java:330)
	at java.base/java.util.concurrent.ThreadPerTaskExecutor$ThreadBoundFuture.run(ThreadPerTaskExecutor.java:323)
	at java.base/java.lang.VirtualThread.run(VirtualThread.java:475)
java.lang.IllegalStateException: Queue closed for puts
	at ol.busker.byte_bounded_queue$ensure_open.invokeStatic(byte_bounded_queue.clj:210)
	at ol.busker.byte_bounded_queue$ensure_open.invoke(byte_bounded_queue.clj:209)
	at ol.busker.byte_bounded_queue.ByteBoundedLinkedTransferQueue.put(byte_bounded_queue.clj:236)
	at ol.busker.response_queue$__GT_output_stream$fn__11682.invoke(response_queue.clj:210)
	at ol.busker.response_queue.proxy$java.io.OutputStream$ff19274a.write(Unknown Source)
	at ol.busker.response_queue$__GT_output_stream$fn__11682.invoke(response_queue.clj:188)
	at ol.busker.response_queue.proxy$java.io.OutputStream$ff19274a.write(Unknown Source)
	at ol.busker.response$write_fallback_body_to_stream_BANG_.invokeStatic(response.clj:183)
	at ol.busker.response$write_fallback_body_to_stream_BANG_.invoke(response.clj:179)
	at ol.busker.response$write_body_to_stream_BANG_.invokeStatic(response.clj:214)
	at ol.busker.response$write_body_to_stream_BANG_.invoke(response.clj:212)
	at ol.busker.response$write_body_chunk_BANG_.invokeStatic(response.clj:234)
	at ol.busker.response$write_body_chunk_BANG_.invoke(response.clj:231)
	at ol.busker.response.H2OResponseEmitter.emit_BANG_(response.clj:360)
	at ol.busker.response$send_ring_response_BANG_$fn__11914.invoke(response.clj:419)
	at ol.busker.response$send_ring_response_BANG_.invokeStatic(response.clj:415)
	at ol.busker.response$send_ring_response_BANG_.invoke(response.clj:413)
	at ol.busker.request$on_request$request_task__11945.invoke(request.clj:138)
	at clojure.lang.AFn.run(AFn.java:22)
	at java.base/java.util.concurrent.Executors$RunnableAdapter.call(Executors.java:545)
	at java.base/java.util.concurrent.FutureTask.run(FutureTask.java:330)
	at java.base/java.util.concurrent.ThreadPerTaskExecutor$ThreadBoundFuture.run(ThreadPerTaskExecutor.java:323)
	at java.base/java.lang.VirtualThread.run(VirtualThread.java:475)
java.lang.IllegalStateException: Queue closed for puts
	at ol.busker.byte_bounded_queue$ensure_open.invokeStatic(byte_bounded_queue.clj:210)
	at ol.busker.byte_bounded_queue$ensure_open.invoke(byte_bounded_queue.clj:209)
	at ol.busker.byte_bounded_queue.ByteBoundedLinkedTransferQueue.put(byte_bounded_queue.clj:236)
	at ol.busker.response_queue$__GT_output_stream$fn__11682.invoke(response_queue.clj:210)
	at ol.busker.response_queue.proxy$java.io.OutputStream$ff19274a.write(Unknown Source)
	at ol.busker.response_queue$__GT_output_stream$fn__11682.invoke(response_queue.clj:188)
	at ol.busker.response_queue.proxy$java.io.OutputStream$ff19274a.write(Unknown Source)
	at ol.busker.response$write_fallback_body_to_stream_BANG_.invokeStatic(response.clj:183)
	at ol.busker.response$write_fallback_body_to_stream_BANG_.invoke(response.clj:179)
	at ol.busker.response$write_body_to_stream_BANG_.invokeStatic(response.clj:214)
	at ol.busker.response$write_body_to_stream_BANG_.invoke(response.clj:212)
	at ol.busker.response$write_body_chunk_BANG_.invokeStatic(response.clj:234)
	at ol.busker.response$write_body_chunk_BANG_.invoke(response.clj:231)
	at ol.busker.response.H2OResponseEmitter.emit_BANG_(response.clj:360)
	at ol.busker.response$send_ring_response_BANG_$fn__11914.invoke(response.clj:419)
	at ol.busker.response$send_ring_response_BANG_.invokeStatic(response.clj:415)
	at ol.busker.response$send_ring_response_BANG_.invoke(response.clj:413)
	at ol.busker.request$on_request$request_task__11945.invoke(request.clj:138)
	at clojure.lang.AFn.run(AFn.java:22)
	at java.base/java.util.concurrent.Executors$RunnableAdapter.call(Executors.java:545)
	at java.base/java.util.concurrent.FutureTask.run(FutureTask.java:330)
	at java.base/java.util.concurrent.ThreadPerTaskExecutor$ThreadBoundFuture.run(ThreadPerTaskExecutor.java:323)
	at java.base/java.lang.VirtualThread.run(VirtualThread.java:475)
java.lang.IllegalStateException: Queue closed for puts
	at ol.busker.byte_bounded_queue$ensure_open.invokeStatic(byte_bounded_queue.clj:210)
	at ol.busker.byte_bounded_queue$ensure_open.invoke(byte_bounded_queue.clj:209)
	at ol.busker.byte_bounded_queue.ByteBoundedLinkedTransferQueue.put(byte_bounded_queue.clj:236)
	at ol.busker.response_queue$__GT_output_stream$fn__11682.invoke(response_queue.clj:210)
	at ol.busker.response_queue.proxy$java.io.OutputStream$ff19274a.write(Unknown Source)
	at ol.busker.response_queue$__GT_output_stream$fn__11682.invoke(response_queue.clj:188)
	at ol.busker.response_queue.proxy$java.io.OutputStream$ff19274a.write(Unknown Source)
	at ol.busker.response$write_fallback_body_to_stream_BANG_.invokeStatic(response.clj:183)
	at ol.busker.response$write_fallback_body_to_stream_BANG_.invoke(response.clj:179)
	at ol.busker.response$write_body_to_stream_BANG_.invokeStatic(response.clj:214)
	at ol.busker.response$write_body_to_stream_BANG_.invoke(response.clj:212)
	at ol.busker.response$write_body_chunk_BANG_.invokeStatic(response.clj:234)
	at ol.busker.response$write_body_chunk_BANG_.invoke(response.clj:231)
	at ol.busker.response.H2OResponseEmitter.emit_BANG_(response.clj:360)
	at ol.busker.response$send_ring_response_BANG_$fn__11914.invoke(response.clj:419)
	at ol.busker.response$send_ring_response_BANG_.invokeStatic(response.clj:415)
	at ol.busker.response$send_ring_response_BANG_.invoke(response.clj:413)
	at ol.busker.request$on_request$request_task__11945.invoke(request.clj:138)
	at clojure.lang.AFn.run(AFn.java:22)
	at java.base/java.util.concurrent.Executors$RunnableAdapter.call(Executors.java:545)
	at java.base/java.util.concurrent.FutureTask.run(FutureTask.java:330)
	at java.base/java.util.concurrent.ThreadPerTaskExecutor$ThreadBoundFuture.run(ThreadPerTaskExecutor.java:323)
	at java.base/java.lang.VirtualThread.run(VirtualThread.java:475)
java.lang.IllegalStateException: Queue closed for puts
	at ol.busker.byte_bounded_queue$ensure_open.invokeStatic(byte_bounded_queue.clj:210)
	at ol.busker.byte_bounded_queue$ensure_open.invoke(byte_bounded_queue.clj:209)
	at ol.busker.byte_bounded_queue.ByteBoundedLinkedTransferQueue.put(byte_bounded_queue.clj:236)
	at ol.busker.response_queue$__GT_output_stream$fn__11682.invoke(response_queue.clj:210)
	at ol.busker.response_queue.proxy$java.io.OutputStream$ff19274a.write(Unknown Source)
	at ol.busker.response_queue$__GT_output_stream$fn__11682.invoke(response_queue.clj:188)
	at ol.busker.response_queue.proxy$java.io.OutputStream$ff19274a.write(Unknown Source)
	at ol.busker.response$write_fallback_body_to_stream_BANG_.invokeStatic(response.clj:183)
	at ol.busker.response$write_fallback_body_to_stream_BANG_.invoke(response.clj:179)
	at ol.busker.response$write_body_to_stream_BANG_.invokeStatic(response.clj:214)
	at ol.busker.response$write_body_to_stream_BANG_.invoke(response.clj:212)
	at ol.busker.response$write_body_chunk_BANG_.invokeStatic(response.clj:234)
	at ol.busker.response$write_body_chunk_BANG_.invoke(response.clj:231)
	at ol.busker.response.H2OResponseEmitter.emit_BANG_(response.clj:360)
	at ol.busker.response$send_ring_response_BANG_$fn__11914.invoke(response.clj:419)
	at ol.busker.response$send_ring_response_BANG_.invokeStatic(response.clj:415)
	at ol.busker.response$send_ring_response_BANG_.invoke(response.clj:413)
	at ol.busker.request$on_request$request_task__11945.invoke(request.clj:138)
	at clojure.lang.AFn.run(AFn.java:22)
	at java.base/java.util.concurrent.Executors$RunnableAdapter.call(Executors.java:545)
	at java.base/java.util.concurrent.FutureTask.run(FutureTask.java:330)
	at java.base/java.util.concurrent.ThreadPerTaskExecutor$ThreadBoundFuture.run(ThreadPerTaskExecutor.java:323)
	at java.base/java.lang.VirtualThread.run(VirtualThread.java:475)
java: /home/ramblurr/src/github.com/outskirtslabs/busker/shim/zig-pkg/N-V-__8AACQ9LAQXcPEiLd_mcWtIxo1byemaSQy4unWdmIiz/lib/core/request.c:535: void do_sendvec(h2o_req_t *, h2o_sendvec_t *, size_t, h2o_send_state_t): Assertion `req->_generator != NULL' failed.
