entrypoint: postgres enabled (postgres://bench@127.0.0.1:5432/benchmark?sslmode=disable) pool_size_per_worker=4 (nproc=4, max_conn=256)
info: [master] starting 4 workers on :8080
info: [master] forked worker 0 (pid 21)
info: [w0] worker starting
info: [master] forked worker 1 (pid 22)
info: [w1] worker starting
info: [master] forked worker 2 (pid 23)
info: [w2] worker starting
info: [master] forked worker 3 (pid 24)
info: [w3] worker starting
info: postgres: client configured for 127.0.0.1:5432 (pool 4, sslmode=disable)
info: postgres: client configured for 127.0.0.1:5432 (pool 4, sslmode=disable)
info: postgres: client configured for 127.0.0.1:5432 (pool 4, sslmode=disable)
info: postgres: client configured for 127.0.0.1:5432 (pool 4, sslmode=disable)
info: postgres: slot 0: connection ready (backend pid 128)
info: postgres: slot 0: connection ready (backend pid 129)
info: postgres: slot 0: connection ready (backend pid 130)
info: postgres: slot 1: connection ready (backend pid 131)
info: postgres: slot 1: connection ready (backend pid 132)
info: postgres: slot 2: connection ready (backend pid 134)
info: postgres: slot 1: connection ready (backend pid 133)
info: postgres: slot 2: connection ready (backend pid 135)
info: postgres: slot 2: connection ready (backend pid 136)
info: postgres: slot 3: connection ready (backend pid 137)
info: postgres: slot 3: connection ready (backend pid 138)
info: postgres: slot 3: connection ready (backend pid 139)
info: postgres: slot 1: connection ready (backend pid 141)
info: postgres: slot 0: connection ready (backend pid 140)
info: postgres: slot 2: connection ready (backend pid 142)
info: postgres: slot 3: connection ready (backend pid 143)
entrypoint: PG pools warm (25 consecutive, after 25 polls)
