Exec: /app/erts-17.0.1/bin/erlexec -noinput +Bd -boot /app/releases/0.1.0/start -mode embedded -boot_var SYSTEM_LIB_DIR /app/lib -config /app/releases/0.1.0/sys.config -args_file /app/releases/0.1.0/vm.args -- foreground
Root: /app
/app
=ESOCK WARNING MSG==== 01-Jun-2026::01:38:35.629818 ===
[UNIX-ESSIO] Failed open sctp dynamic library: libsctp.so.1
=NOTICE REPORT==== 1-Jun-2026::01:38:41.552942 ===
    reason: closed
    msg: roadrunner response send failed
    phase: sendfile_body
=NOTICE REPORT==== 1-Jun-2026::01:38:41.553309 ===
    reason: closed
    msg: roadrunner response send failed
    phase: sendfile_body
=NOTICE REPORT==== 1-Jun-2026::01:38:41.558518 ===
    reason: closed
    msg: roadrunner response send failed
    phase: sendfile_body
=NOTICE REPORT==== 1-Jun-2026::01:38:41.558839 ===
    reason: closed
    msg: roadrunner response send failed
    phase: sendfile_body
=NOTICE REPORT==== 1-Jun-2026::01:38:41.575802 ===
    reason: closed
    msg: roadrunner response send failed
    phase: sendfile_body
=NOTICE REPORT==== 1-Jun-2026::01:38:41.578522 ===
    reason: closed
    msg: roadrunner response send failed
    phase: sendfile_body
=NOTICE REPORT==== 1-Jun-2026::01:38:41.581948 ===
    reason: closed
    msg: roadrunner response send failed
    phase: sendfile_body
=NOTICE REPORT==== 1-Jun-2026::01:38:41.591147 ===
    reason: closed
    msg: roadrunner response send failed
    phase: sendfile_body
=NOTICE REPORT==== 1-Jun-2026::01:38:41.582283 ===
    reason: closed
    msg: roadrunner response send failed
    phase: sendfile_body
=NOTICE REPORT==== 1-Jun-2026::01:38:41.591251 ===
    reason: closed
    msg: roadrunner response send failed
    phase: sendfile_body
=NOTICE REPORT==== 1-Jun-2026::01:38:41.588366 ===
    reason: closed
    msg: roadrunner response send failed
    phase: sendfile_body
=NOTICE REPORT==== 1-Jun-2026::01:38:41.608080 ===
    reason: closed
    msg: roadrunner response send failed
    phase: sendfile_body
=NOTICE REPORT==== 1-Jun-2026::01:38:41.619116 ===
    reason: closed
    msg: roadrunner response send failed
    phase: sendfile_body
=NOTICE REPORT==== 1-Jun-2026::01:38:41.611691 ===
    reason: closed
    msg: roadrunner response send failed
    phase: sendfile_body
=NOTICE REPORT==== 1-Jun-2026::01:38:41.625747 ===
    reason: closed
    msg: roadrunner response send failed
    phase: sendfile_body
=NOTICE REPORT==== 1-Jun-2026::01:38:41.629117 ===
    reason: closed
    msg: roadrunner response send failed
    phase: sendfile_body
=NOTICE REPORT==== 1-Jun-2026::01:38:41.625826 ===
    reason: closed
    msg: roadrunner response send failed
    phase: sendfile_body
=NOTICE REPORT==== 1-Jun-2026::01:38:41.632640 ===
    reason: closed
    msg: roadrunner response send failed
    phase: sendfile_body
=NOTICE REPORT==== 1-Jun-2026::01:38:41.629625 ===
    reason: closed
    msg: roadrunner response send failed
    phase: sendfile_body
=NOTICE REPORT==== 1-Jun-2026::01:38:41.634958 ===
    reason: closed
    msg: roadrunner response send failed
    phase: sendfile_body
=NOTICE REPORT==== 1-Jun-2026::01:38:41.641578 ===
    reason: closed
    msg: roadrunner response send failed
    phase: sendfile_body
